Archive member included because of file (symbol)

/home/pcmonkey/altera/13.1/nios2eds/bin/gnu/H-i686-pc-linux-gnu/bin/../lib/gcc/nios2-elf/4.7.3/mno-hw-mul/libgcc.a(lib2-mul.o)
                              obj/default/hello_world.o (__mulsi3)
/home/pcmonkey/altera/13.1/nios2eds/bin/gnu/H-i686-pc-linux-gnu/bin/../lib/gcc/nios2-elf/4.7.3/../../../../../H-i686-pc-linux-gnu/nios2-elf/lib/mno-hw-mul/libc.a(lib_a-atoi.o)
                              obj/default/hello_world.o (atoi)
/home/pcmonkey/altera/13.1/nios2eds/bin/gnu/H-i686-pc-linux-gnu/bin/../lib/gcc/nios2-elf/4.7.3/../../../../../H-i686-pc-linux-gnu/nios2-elf/lib/mno-hw-mul/libc.a(lib_a-fclose.o)
                              obj/default/hello_world.o (fclose)
/home/pcmonkey/altera/13.1/nios2eds/bin/gnu/H-i686-pc-linux-gnu/bin/../lib/gcc/nios2-elf/4.7.3/../../../../../H-i686-pc-linux-gnu/nios2-elf/lib/mno-hw-mul/libc.a(lib_a-fflush.o)
                              /home/pcmonkey/altera/13.1/nios2eds/bin/gnu/H-i686-pc-linux-gnu/bin/../lib/gcc/nios2-elf/4.7.3/../../../../../H-i686-pc-linux-gnu/nios2-elf/lib/mno-hw-mul/libc.a(lib_a-fclose.o) (_fflush_r)
/home/pcmonkey/altera/13.1/nios2eds/bin/gnu/H-i686-pc-linux-gnu/bin/../lib/gcc/nios2-elf/4.7.3/../../../../../H-i686-pc-linux-gnu/nios2-elf/lib/mno-hw-mul/libc.a(lib_a-fgets.o)
                              obj/default/hello_world.o (fgets)
/home/pcmonkey/altera/13.1/nios2eds/bin/gnu/H-i686-pc-linux-gnu/bin/../lib/gcc/nios2-elf/4.7.3/../../../../../H-i686-pc-linux-gnu/nios2-elf/lib/mno-hw-mul/libc.a(lib_a-findfp.o)
                              /home/pcmonkey/altera/13.1/nios2eds/bin/gnu/H-i686-pc-linux-gnu/bin/../lib/gcc/nios2-elf/4.7.3/../../../../../H-i686-pc-linux-gnu/nios2-elf/lib/mno-hw-mul/libc.a(lib_a-fclose.o) (__sinit)
/home/pcmonkey/altera/13.1/nios2eds/bin/gnu/H-i686-pc-linux-gnu/bin/../lib/gcc/nios2-elf/4.7.3/../../../../../H-i686-pc-linux-gnu/nios2-elf/lib/mno-hw-mul/libc.a(lib_a-fopen.o)
                              obj/default/hello_world.o (fopen)
/home/pcmonkey/altera/13.1/nios2eds/bin/gnu/H-i686-pc-linux-gnu/bin/../lib/gcc/nios2-elf/4.7.3/../../../../../H-i686-pc-linux-gnu/nios2-elf/lib/mno-hw-mul/libc.a(lib_a-fprintf.o)
                              obj/default/hello_world.o (fprintf)
/home/pcmonkey/altera/13.1/nios2eds/bin/gnu/H-i686-pc-linux-gnu/bin/../lib/gcc/nios2-elf/4.7.3/../../../../../H-i686-pc-linux-gnu/nios2-elf/lib/mno-hw-mul/libc.a(lib_a-freer.o)
                              /home/pcmonkey/altera/13.1/nios2eds/bin/gnu/H-i686-pc-linux-gnu/bin/../lib/gcc/nios2-elf/4.7.3/../../../../../H-i686-pc-linux-gnu/nios2-elf/lib/mno-hw-mul/libc.a(lib_a-fclose.o) (_free_r)
/home/pcmonkey/altera/13.1/nios2eds/bin/gnu/H-i686-pc-linux-gnu/bin/../lib/gcc/nios2-elf/4.7.3/../../../../../H-i686-pc-linux-gnu/nios2-elf/lib/mno-hw-mul/libc.a(lib_a-fseek.o)
                              /home/pcmonkey/altera/13.1/nios2eds/bin/gnu/H-i686-pc-linux-gnu/bin/../lib/gcc/nios2-elf/4.7.3/../../../../../H-i686-pc-linux-gnu/nios2-elf/lib/mno-hw-mul/libc.a(lib_a-fopen.o) (_fseek_r)
/home/pcmonkey/altera/13.1/nios2eds/bin/gnu/H-i686-pc-linux-gnu/bin/../lib/gcc/nios2-elf/4.7.3/../../../../../H-i686-pc-linux-gnu/nios2-elf/lib/mno-hw-mul/libc.a(lib_a-fstatr.o)
                              /home/pcmonkey/altera/13.1/nios2eds/bin/gnu/H-i686-pc-linux-gnu/bin/../lib/gcc/nios2-elf/4.7.3/../../../../../H-i686-pc-linux-gnu/nios2-elf/lib/mno-hw-mul/libc.a(lib_a-fseek.o) (_fstat_r)
/home/pcmonkey/altera/13.1/nios2eds/bin/gnu/H-i686-pc-linux-gnu/bin/../lib/gcc/nios2-elf/4.7.3/../../../../../H-i686-pc-linux-gnu/nios2-elf/lib/mno-hw-mul/libc.a(lib_a-fwalk.o)
                              /home/pcmonkey/altera/13.1/nios2eds/bin/gnu/H-i686-pc-linux-gnu/bin/../lib/gcc/nios2-elf/4.7.3/../../../../../H-i686-pc-linux-gnu/nios2-elf/lib/mno-hw-mul/libc.a(lib_a-findfp.o) (_fwalk)
/home/pcmonkey/altera/13.1/nios2eds/bin/gnu/H-i686-pc-linux-gnu/bin/../lib/gcc/nios2-elf/4.7.3/../../../../../H-i686-pc-linux-gnu/nios2-elf/lib/mno-hw-mul/libc.a(lib_a-impure.o)
                              /home/pcmonkey/altera/13.1/nios2eds/bin/gnu/H-i686-pc-linux-gnu/bin/../lib/gcc/nios2-elf/4.7.3/../../../../../H-i686-pc-linux-gnu/nios2-elf/lib/mno-hw-mul/libc.a(lib_a-fflush.o) (_global_impure_ptr)
/home/pcmonkey/altera/13.1/nios2eds/bin/gnu/H-i686-pc-linux-gnu/bin/../lib/gcc/nios2-elf/4.7.3/../../../../../H-i686-pc-linux-gnu/nios2-elf/lib/mno-hw-mul/libc.a(lib_a-int_errno.o)
                              /home/pcmonkey/altera/13.1/nios2eds/bin/gnu/H-i686-pc-linux-gnu/bin/../lib/gcc/nios2-elf/4.7.3/../../../../../H-i686-pc-linux-gnu/nios2-elf/lib/mno-hw-mul/libc.a(lib_a-fstatr.o) (errno)
/home/pcmonkey/altera/13.1/nios2eds/bin/gnu/H-i686-pc-linux-gnu/bin/../lib/gcc/nios2-elf/4.7.3/../../../../../H-i686-pc-linux-gnu/nios2-elf/lib/mno-hw-mul/libc.a(lib_a-makebuf.o)
[...]
Memory Configuration

Name             Origin             Length             Attributes
reset            0x00020000         0x00000020
tightly_coupled_instruction_memory 0x00020020         0x00013860
tightly_coupled_data_memory 0x00040000         0x00004e20
*default*        0x00000000         0xffffffff

Linker script and memory map

LOAD ../final_tsp_bsp//obj/HAL/src/crt0.o
LOAD obj/default/hello_world.o
LOAD /home/pcmonkey/altera/13.1/nios2eds/bin/gnu/H-i686-pc-linux-gnu/bin/../lib/gcc/nios2-elf/4.7.3/../../../../../H-i686-pc-linux-gnu/nios2-elf/lib/mno-hw-mul/libstdc++.a
LOAD /home/pcmonkey/altera/13.1/nios2eds/bin/gnu/H-i686-pc-linux-gnu/bin/../lib/gcc/nios2-elf/4.7.3/../../../../../H-i686-pc-linux-gnu/nios2-elf/lib/mno-hw-mul/libm.a
LOAD /home/pcmonkey/altera/13.1/nios2eds/bin/gnu/H-i686-pc-linux-gnu/bin/../lib/gcc/nios2-elf/4.7.3/mno-hw-mul/libgcc.a
START GROUP
LOAD /home/pcmonkey/altera/13.1/nios2eds/bin/gnu/H-i686-pc-linux-gnu/bin/../lib/gcc/nios2-elf/4.7.3/../../../../../H-i686-pc-linux-gnu/nios2-elf/lib/mno-hw-mul/libc.a
LOAD /home/pcmonkey/altera/13.1/nios2eds/bin/gnu/H-i686-pc-linux-gnu/bin/../lib/gcc/nios2-elf/4.7.3/mno-hw-mul/libgcc.a
LOAD ../final_tsp_bsp//libhal_bsp.a
END GROUP
LOAD /home/pcmonkey/altera/13.1/nios2eds/bin/gnu/H-i686-pc-linux-gnu/bin/../lib/gcc/nios2-elf/4.7.3/mno-hw-mul/libgcc.a
                0x00020000                __alt_mem_tightly_coupled_instruction_memory = 0x20000
                0x00040000                __alt_mem_tightly_coupled_data_memory = 0x40000

.entry          0x00020000       0x20
 *(.entry)
 .entry         0x00020000       0x20 ../final_tsp_bsp//obj/HAL/src/crt0.o
                0x00020000                __reset

.exceptions     0x00020020      0x198
                0x00020020                PROVIDE (__ram_exceptions_start, ABSOLUTE (.))
                0x00020020                . = ALIGN (0x20)
 *(.irq)
 *(.exceptions.entry.label)
 .exceptions.entry.label
                0x00020020        0x0 ../final_tsp_bsp//libhal_bsp.a(alt_irq_entry.o)
                0x00020020                alt_irq_entry
 .exceptions.entry.label
                0x00020020        0x0 ../final_tsp_bsp//libhal_bsp.a(alt_exception_entry.o)
                0x00020020                alt_exception
 *(.exceptions.entry.user)
 *(.exceptions.entry.ecc_fatal)
 *(.exceptions.entry)
 .exceptions.entry
                0x00020020       0x54 ../final_tsp_bsp//libhal_bsp.a(alt_exception_entry.o)
 *(.exceptions.irqtest.user)
 *(.exceptions.irqtest)
 .exceptions.irqtest
                0x00020074       0x10 ../final_tsp_bsp//libhal_bsp.a(alt_irq_entry.o)
 *(.exceptions.irqhandler.user)
 *(.exceptions.irqhandler)
 .exceptions.irqhandler
                0x00020084        0x4 ../final_tsp_bsp//libhal_bsp.a(alt_irq_entry.o)
 *(.exceptions.irqreturn.user)
 *(.exceptions.irqreturn)
 .exceptions.irqreturn
                0x00020088        0x4 ../final_tsp_bsp//libhal_bsp.a(alt_irq_entry.o)
 *(.exceptions.notirq.label)
 .exceptions.notirq.label
                0x0002008c        0x0 ../final_tsp_bsp//libhal_bsp.a(alt_irq_entry.o)
 *(.exceptions.notirq.user)
 *(.exceptions.notirq)
 .exceptions.notirq
                0x0002008c        0x8 ../final_tsp_bsp//libhal_bsp.a(alt_exception_entry.o)
 *(.exceptions.soft.user)
 *(.exceptions.soft)
 *(.exceptions.unknown.user)
 *(.exceptions.unknown)
 .exceptions.unknown
                0x00020094        0x4 ../final_tsp_bsp//libhal_bsp.a(alt_exception_entry.o)
 *(.exceptions.exit.label)
 .exceptions.exit.label
                0x00020098        0x0 ../final_tsp_bsp//libhal_bsp.a(alt_irq_entry.o)
 .exceptions.exit.label
                0x00020098        0x0 ../final_tsp_bsp//libhal_bsp.a(alt_exception_entry.o)
 *(.exceptions.exit.user)
 *(.exceptions.exit)
 .exceptions.exit
                0x00020098       0x54 ../final_tsp_bsp//libhal_bsp.a(alt_exception_entry.o)
 *(.exceptions)
 .exceptions    0x000200ec       0xcc ../final_tsp_bsp//libhal_bsp.a(alt_irq_handler.o)
                0x000200ec                alt_irq_handler
                0x000201b8                PROVIDE (__ram_exceptions_end, ABSOLUTE (.))
                0x00020020                PROVIDE (__flash_exceptions_start, LOADADDR (.exceptions))

.text           0x000201b8     0xd96c
                0x000201b8                PROVIDE (stext, ABSOLUTE (.))
 *(.interp)
 *(.hash)
 *(.dynsym)
 *(.dynstr)
 *(.gnu.version)
 *(.gnu.version_d)
 *(.gnu.version_r)
 *(.rel.init)
 *(.rela.init)
 *(.rel.text .rel.text.* .rel.gnu.linkonce.t.*)
 *(.rela.text .rela.text.* .rela.gnu.linkonce.t.*)
 *(.rel.fini)
 *(.rela.fini)
 *(.rel.rodata .rel.rodata.* .rel.gnu.linkonce.r.*)
 *(.rela.rodata .rela.rodata.* .rela.gnu.linkonce.r.*)
 *(.rel.data .rel.data.* .rel.gnu.linkonce.d.*)
 *(.rela.data .rela.data.* .rela.gnu.linkonce.d.*)
 *(.rel.tdata .rel.tdata.* .rel.gnu.linkonce.td.*)
 *(.rela.tdata .rela.tdata.* .rela.gnu.linkonce.td.*)
 *(.rel.tbss .rel.tbss.* .rel.gnu.linkonce.tb.*)
 *(.rela.tbss .rela.tbss.* .rela.gnu.linkonce.tb.*)
 *(.rel.ctors)
 *(.rela.ctors)
 *(.rel.dtors)
 *(.rela.dtors)
 *(.rel.got)
 *(.rela.got)
 *(.rel.sdata .rel.sdata.* .rel.gnu.linkonce.s.*)
 *(.rela.sdata .rela.sdata.* .rela.gnu.linkonce.s.*)
 *(.rel.sbss .rel.sbss.* .rel.gnu.linkonce.sb.*)
 *(.rela.sbss .rela.sbss.* .rela.gnu.linkonce.sb.*)
 *(.rel.sdata2 .rel.sdata2.* .rel.gnu.linkonce.s2.*)
 *(.rela.sdata2 .rela.sdata2.* .rela.gnu.linkonce.s2.*)
 *(.rel.sbss2 .rel.sbss2.* .rel.gnu.linkonce.sb2.*)
 *(.rela.sbss2 .rela.sbss2.* .rela.gnu.linkonce.sb2.*)
 *(.rel.bss .rel.bss.* .rel.gnu.linkonce.b.*)
 *(.rela.bss .rela.bss.* .rela.gnu.linkonce.b.*)
 *(.rel.plt)
 *(.rela.plt)
 *(.rel.dyn)
 *(.init)
 *(.plt)
 *(.text .stub .text.* .gnu.linkonce.t.*)
 .text          0x000201b8       0x4c ../final_tsp_bsp//obj/HAL/src/crt0.o
                0x000201b8                _start
 .text          0x00020204     0x100c obj/default/hello_world.o
                0x00020204                About
                0x00020234                Menu1
                0x00020280                Menu2
                0x000202cc                Menu3
                0x00020318                Menu4
                0x00020364                MapMenu1
                0x000203b0                MapMenu2
                0x000203fc                MapMenu3
                0x00020448                MapMenu4
                0x00020494                MapMenu5
                0x000204e0                MapMenu6
                0x0002052c                MapMenu7
                0x00020578                MainMap
                0x00020994                MainCalc
                0x0002101c                MainMenu
                0x000211d8                main
 .text          0x00021210       0x28 /home/pcmonkey/altera/13.1/nios2eds/bin/gnu/H-i686-pc-linux-gnu/bin/../lib/gcc/nios2-elf/4.7.3/mno-hw-mul/libgcc.a(lib2-mul.o)
                0x00021210                __mulsi3
 .text          0x00021238       0x18 /home/pcmonkey/altera/13.1/nios2eds/bin/gnu/H-i686-pc-linux-gnu/bin/../lib/gcc/nios2-elf/4.7.3/../../../../../H-i686-pc-linux-gnu/nios2-elf/lib/mno-hw-mul/libc.a(lib_a-atoi.o)
                0x00021238                atoi
                0x00021244                _atoi_r
 .text          0x00021250      0x150 /home/pcmonkey/altera/13.1/nios2eds/bin/gnu/H-i686-pc-linux-gnu/bin/../lib/gcc/nios2-elf/4.7.3/../../../../../H-i686-pc-linux-gnu/nios2-elf/lib/mno-hw-mul/libc.a(lib_a-fclose.o)
                0x00021250                _fclose_r
                0x0002138c                fclose
 .text          0x000213a0      0x218 /home/pcmonkey/altera/13.1/nios2eds/bin/gnu/H-i686-pc-linux-gnu/bin/../lib/gcc/nios2-elf/4.7.3/../../../../../H-i686-pc-linux-gnu/nios2-elf/lib/mno-hw-mul/libc.a(lib_a-fflush.o)
                0x000213a0                _fflush_r
                0x00021588                fflush
 .text          0x000215b8      0x160 /home/pcmonkey/altera/13.1/nios2eds/bin/gnu/H-i686-pc-linux-gnu/bin/../lib/gcc/nios2-elf/4.7.3/../../../../../H-i686-pc-linux-gnu/nios2-elf/lib/mno-hw-mul/libc.a(lib_a-fgets.o)
                0x000215b8                _fgets_r
                0x000216f4                fgets
 .text          0x00021718      0x2ec /home/pcmonkey/altera/13.1/nios2eds/bin/gnu/H-i686-pc-linux-gnu/bin/../lib/gcc/nios2-elf/4.7.3/../../../../../H-i686-pc-linux-gnu/nios2-elf/lib/mno-hw-mul/libc.a(lib_a-findfp.o)
                0x00021728                _cleanup_r
                0x00021734                __sfmoreglue
                0x000217ac                _cleanup
                0x000217bc                __sinit
                0x000218c8                __sfp
                0x000219c4                __sfp_lock_acquire
                0x000219c8                __sfp_lock_release
                0x000219cc                __sinit_lock_acquire
                0x000219d0                __sinit_lock_release
                0x000219d4                __fp_lock_all
                0x000219ec                __fp_unlock_all
 .text          0x00021a04      0x14c /home/pcmonkey/altera/13.1/nios2eds/bin/gnu/H-i686-pc-linux-gnu/bin/../lib/gcc/nios2-elf/4.7.3/../../../../../H-i686-pc-linux-gnu/nios2-elf/lib/mno-hw-mul/libc.a(lib_a-fopen.o)
                0x00021a04                _fopen_r
                0x00021b34                fopen
 .text          0x00021b50       0x4c /home/pcmonkey/altera/13.1/nios2eds/bin/gnu/H-i686-pc-linux-gnu/bin/../lib/gcc/nios2-elf/4.7.3/../../../../../H-i686-pc-linux-gnu/nios2-elf/lib/mno-hw-mul/libc.a(lib_a-fprintf.o)
                0x00021b50                _fprintf_r
                0x00021b78                fprintf
 .text          0x00021b9c      0x40c /home/pcmonkey/altera/13.1/nios2eds/bin/gnu/H-i686-pc-linux-gnu/bin/../lib/gcc/nios2-elf/4.7.3/../../../../../H-i686-pc-linux-gnu/nios2-elf/lib/mno-hw-mul/libc.a(lib_a-freer.o)
                0x00021b9c                _malloc_trim_r
                0x00021cd8                _free_r
 .text          0x00021fa8      0x498 /home/pcmonkey/altera/13.1/nios2eds/bin/gnu/H-i686-pc-linux-gnu/bin/../lib/gcc/nios2-elf/4.7.3/../../../../../H-i686-pc-linux-gnu/nios2-elf/lib/mno-hw-mul/libc.a(lib_a-fseek.o)
                0x00021fa8                _fseek_r
                0x0002241c                fseek
 .text          0x00022440       0x68 /home/pcmonkey/altera/13.1/nios2eds/bin/gnu/H-i686-pc-linux-gnu/bin/../lib/gcc/nios2-elf/4.7.3/../../../../../H-i686-pc-linux-gnu/nios2-elf/lib/mno-hw-mul/libc.a(lib_a-fstatr.o)
                0x00022440                _fstat_r
 .text          0x000224a8      0x160 /home/pcmonkey/altera/13.1/nios2eds/bin/gnu/H-i686-pc-linux-gnu/bin/../lib/gcc/nios2-elf/4.7.3/../../../../../H-i686-pc-linux-gnu/nios2-elf/lib/mno-hw-mul/libc.a(lib_a-fwalk.o)
                0x000224a8                _fwalk
                0x00022550                _fwalk_reent
 .text          0x00022608        0x0 /home/pcmonkey/altera/13.1/nios2eds/bin/gnu/H-i686-pc-linux-gnu/bin/../lib/gcc/nios2-elf/4.7.3/../../../../../H-i686-pc-linux-gnu/nios2-elf/lib/mno-hw-mul/libc.a(lib_a-impure.o)
 .text          0x00022608        0x0 /home/pcmonkey/altera/13.1/nios2eds/bin/gnu/H-i686-pc-linux-gnu/bin/../lib/gcc/nios2-elf/4.7.3/../../../../../H-i686-pc-linux-gnu/nios2-elf/lib/mno-hw-mul/libc.a(lib_a-int_errno.o)
 .text          0x00022608      0x1a8 /home/pcmonkey/altera/13.1/nios2eds/bin/gnu/H-i686-pc-linux-gnu/bin/../lib/gcc/nios2-elf/4.7.3/../../../../../H-i686-pc-linux-gnu/nios2-elf/lib/mno-hw-mul/libc.a(lib_a-makebuf.o)
                0x00022608                __smakebuf_r
 .text          0x000227b0      0x784 /home/pcmonkey/altera/13.1/nios2eds/bin/gnu/H-i686-pc-linux-gnu/bin/../lib/gcc/nios2-elf/4.7.3/../../../../../H-i686-pc-linux-gnu/nios2-elf/lib/mno-hw-mul/libc.a(lib_a-mallocr.o)
                0x000227b0                _malloc_r
 .text          0x00022f34       0xf8 /home/pcmonkey/altera/13.1/nios2eds/bin/gnu/H-i686-pc-linux-gnu/bin/../lib/gcc/nios2-elf/4.7.3/../../../../../H-i686-pc-linux-gnu/nios2-elf/lib/mno-hw-mul/libc.a(lib_a-memchr.o)
                0x00022f34                memchr
 .text          0x0002302c      0x140 /home/pcmonkey/altera/13.1/nios2eds/bin/gnu/H-i686-pc-linux-gnu/bin/../lib/gcc/nios2-elf/4.7.3/../../../../../H-i686-pc-linux-gnu/nios2-elf/lib/mno-hw-mul/libc.a(lib_a-memcpy.o)
                0x0002302c                memcpy
 .text          0x0002316c       0xdc /home/pcmonkey/altera/13.1/nios2eds/bin/gnu/H-i686-pc-linux-gnu/bin/../lib/gcc/nios2-elf/4.7.3/../../../../../H-i686-pc-linux-gnu/nios2-elf/lib/mno-hw-mul/libc.a(lib_a-memset.o)
                0x0002316c                memset
 .text          0x00023248       0x6c /home/pcmonkey/altera/13.1/nios2eds/bin/gnu/H-i686-pc-linux-gnu/bin/../lib/gcc/nios2-elf/4.7.3/../../../../../H-i686-pc-linux-gnu/nios2-elf/lib/mno-hw-mul/libc.a(lib_a-openr.o)
                0x00023248                _open_r
 .text          0x000232b4       0x98 /home/pcmonkey/altera/13.1/nios2eds/bin/gnu/H-i686-pc-linux-gnu/bin/../lib/gcc/nios2-elf/4.7.3/../../../../../H-i686-pc-linux-gnu/nios2-elf/lib/mno-hw-mul/libc.a(lib_a-puts.o)
                0x000232b4                _puts_r
                0x00023338                puts
 .text          0x0002334c      0x208 /home/pcmonkey/altera/13.1/nios2eds/bin/gnu/H-i686-pc-linux-gnu/bin/../lib/gcc/nios2-elf/4.7.3/../../../../../H-i686-pc-linux-gnu/nios2-elf/lib/mno-hw-mul/libc.a(lib_a-refill.o)
                0x00023368                __srefill_r
 .text          0x00023554       0x64 /home/pcmonkey/altera/13.1/nios2eds/bin/gnu/H-i686-pc-linux-gnu/bin/../lib/gcc/nios2-elf/4.7.3/../../../../../H-i686-pc-linux-gnu/nios2-elf/lib/mno-hw-mul/libc.a(lib_a-sbrkr.o)
                0x00023554                _sbrk_r
 .text          0x000235b8      0x140 /home/pcmonkey/altera/13.1/nios2eds/bin/gnu/H-i686-pc-linux-gnu/bin/../lib/gcc/nios2-elf/4.7.3/../../../../../H-i686-pc-linux-gnu/nios2-elf/lib/mno-hw-mul/libc.a(lib_a-stdio.o)
                0x000235b8                __sread
                0x0002360c                __swrite
                0x00023694                __sseek
                0x000236f0                __sclose
 .text          0x000236f8       0x8c /home/pcmonkey/altera/13.1/nios2eds/bin/gnu/H-i686-pc-linux-gnu/bin/../lib/gcc/nios2-elf/4.7.3/../../../../../H-i686-pc-linux-gnu/nios2-elf/lib/mno-hw-mul/libc.a(lib_a-strlen.o)
                0x000236f8                strlen
 .text          0x00023784      0x29c /home/pcmonkey/altera/13.1/nios2eds/bin/gnu/H-i686-pc-linux-gnu/bin/../lib/gcc/nios2-elf/4.7.3/../../../../../H-i686-pc-linux-gnu/nios2-elf/lib/mno-hw-mul/libc.a(lib_a-strtol.o)
                0x00023784                _strtol_r
                0x000239fc                strtol
 .text          0x00023a20     0x1ed4 /home/pcmonkey/altera/13.1/nios2eds/bin/gnu/H-i686-pc-linux-gnu/bin/../lib/gcc/nios2-elf/4.7.3/../../../../../H-i686-pc-linux-gnu/nios2-elf/lib/mno-hw-mul/libc.a(lib_a-vfprintf.o)
                0x00023a54                ___vfprintf_internal_r
                0x000258d0                __vfprintf_internal
 .text          0x000258f4       0x6c /home/pcmonkey/altera/13.1/nios2eds/bin/gnu/H-i686-pc-linux-gnu/bin/../lib/gcc/nios2-elf/4.7.3/../../../../../H-i686-pc-linux-gnu/nios2-elf/lib/mno-hw-mul/libc.a(lib_a-writer.o)
                0x000258f4                _write_r
 .text          0x00025960      0x174 /home/pcmonkey/altera/13.1/nios2eds/bin/gnu/H-i686-pc-linux-gnu/bin/../lib/gcc/nios2-elf/4.7.3/../../../../../H-i686-pc-linux-gnu/nios2-elf/lib/mno-hw-mul/libc.a(lib_a-wsetup.o)
                0x00025960                __swsetup_r
 .text          0x00025ad4       0x64 /home/pcmonkey/altera/13.1/nios2eds/bin/gnu/H-i686-pc-linux-gnu/bin/../lib/gcc/nios2-elf/4.7.3/../../../../../H-i686-pc-linux-gnu/nios2-elf/lib/mno-hw-mul/libc.a(lib_a-closer.o)
                0x00025ad4                _close_r
 .text          0x00025b38        0x0 /home/pcmonkey/altera/13.1/nios2eds/bin/gnu/H-i686-pc-linux-gnu/bin/../lib/gcc/nios2-elf/4.7.3/../../../../../H-i686-pc-linux-gnu/nios2-elf/lib/mno-hw-mul/libc.a(lib_a-ctype_.o)
 .text          0x00025b38     0x1858 /home/pcmonkey/altera/13.1/nios2eds/bin/gnu/H-i686-pc-linux-gnu/bin/../lib/gcc/nios2-elf/4.7.3/../../../../../H-i686-pc-linux-gnu/nios2-elf/lib/mno-hw-mul/libc.a(lib_a-dtoa.o)
                0x00025d74                _dtoa_r
 .text          0x00027390       0x98 /home/pcmonkey/altera/13.1/nios2eds/bin/gnu/H-i686-pc-linux-gnu/bin/../lib/gcc/nios2-elf/4.7.3/../../../../../H-i686-pc-linux-gnu/nios2-elf/lib/mno-hw-mul/libc.a(lib_a-flags.o)
                0x00027390                __sflags
 .text          0x00027428      0x4e4 /home/pcmonkey/altera/13.1/nios2eds/bin/gnu/H-i686-pc-linux-gnu/bin/../lib/gcc/nios2-elf/4.7.3/../../../../../H-i686-pc-linux-gnu/nios2-elf/lib/mno-hw-mul/libc.a(lib_a-fvwrite.o)
                0x00027428                __sfvwrite_r
 .text          0x0002790c       0x64 /home/pcmonkey/altera/13.1/nios2eds/bin/gnu/H-i686-pc-linux-gnu/bin/../lib/gcc/nios2-elf/4.7.3/../../../../../H-i686-pc-linux-gnu/nios2-elf/lib/mno-hw-mul/libc.a(lib_a-isattyr.o)
                0x0002790c                _isatty_r
 .text          0x00027970       0xdc /home/pcmonkey/altera/13.1/nios2eds/bin/gnu/H-i686-pc-linux-gnu/bin/../lib/gcc/nios2-elf/4.7.3/../../../../../H-i686-pc-linux-gnu/nios2-elf/lib/mno-hw-mul/libc.a(lib_a-locale.o)
                0x00027970                _setlocale_r
                0x00027a0c                __locale_charset
                0x00027a18                _localeconv_r
                0x00027a24                setlocale
                0x00027a40                localeconv
 .text          0x00027a4c       0x6c /home/pcmonkey/altera/13.1/nios2eds/bin/gnu/H-i686-pc-linux-gnu/bin/../lib/gcc/nios2-elf/4.7.3/../../../../../H-i686-pc-linux-gnu/nios2-elf/lib/mno-hw-mul/libc.a(lib_a-lseekr.o)
                0x00027a4c                _lseek_r
 .text          0x00027ab8      0x18c /home/pcmonkey/altera/13.1/nios2eds/bin/gnu/H-i686-pc-linux-gnu/bin/../lib/gcc/nios2-elf/4.7.3/../../../../../H-i686-pc-linux-gnu/nios2-elf/lib/mno-hw-mul/libc.a(lib_a-memmove.o)
                0x00027ab8                memmove
 .text          0x00027c44     0x1050 /home/pcmonkey/altera/13.1/nios2eds/bin/gnu/H-i686-pc-linux-gnu/bin/../lib/gcc/nios2-elf/4.7.3/../../../../../H-i686-pc-linux-gnu/nios2-elf/lib/mno-hw-mul/libc.a(lib_a-mprec.o)
                0x00027c44                _Balloc
                0x00027cec                _Bfree
                0x00027d14                __multadd
                0x00027e58                __s2b
                0x00027f5c                __hi0bits
                0x00027fc4                __lo0bits
                0x00028074                __i2b
                0x000280b0                __multiply
                0x00028308                __pow5mult
                0x00028434                __lshift
                0x00028590                __mcmp
                0x000285e8                __mdiff
                0x00028790                __ulp
                0x000287f0                __b2d
                0x00028938                __d2b
                0x00028a7c                __ratio
                0x00028b20                _mprec_log10
                0x00028b94                __copybits
                0x00028c10                __any_on
 .text          0x00028c94       0x6c /home/pcmonkey/altera/13.1/nios2eds/bin/gnu/H-i686-pc-linux-gnu/bin/../lib/gcc/nios2-elf/4.7.3/../../../../../H-i686-pc-linux-gnu/nios2-elf/lib/mno-hw-mul/libc.a(lib_a-readr.o)
                0x00028c94                _read_r
 .text          0x00028d00      0x5fc /home/pcmonkey/altera/13.1/nios2eds/bin/gnu/H-i686-pc-linux-gnu/bin/../lib/gcc/nios2-elf/4.7.3/../../../../../H-i686-pc-linux-gnu/nios2-elf/lib/mno-hw-mul/libc.a(lib_a-reallocr.o)
                0x00028d00                _realloc_r
 .text          0x000292fc       0x38 /home/pcmonkey/altera/13.1/nios2eds/bin/gnu/H-i686-pc-linux-gnu/bin/../lib/gcc/nios2-elf/4.7.3/../../../../../H-i686-pc-linux-gnu/nios2-elf/lib/mno-hw-mul/libc.a(lib_a-s_isinfd.o)
                0x000292fc                __isinfd
 .text          0x00029334       0x2c /home/pcmonkey/altera/13.1/nios2eds/bin/gnu/H-i686-pc-linux-gnu/bin/../lib/gcc/nios2-elf/4.7.3/../../../../../H-i686-pc-linux-gnu/nios2-elf/lib/mno-hw-mul/libc.a(lib_a-s_isnand.o)
                0x00029334                __isnand
 .text          0x00029360       0xa4 /home/pcmonkey/altera/13.1/nios2eds/bin/gnu/H-i686-pc-linux-gnu/bin/../lib/gcc/nios2-elf/4.7.3/../../../../../H-i686-pc-linux-gnu/nios2-elf/lib/mno-hw-mul/libc.a(lib_a-strcmp.o)
                0x00029360                strcmp
 .text          0x00029404       0xcc /home/pcmonkey/altera/13.1/nios2eds/bin/gnu/H-i686-pc-linux-gnu/bin/../lib/gcc/nios2-elf/4.7.3/../../../../../H-i686-pc-linux-gnu/nios2-elf/lib/mno-hw-mul/libc.a(lib_a-callocr.o)
                0x00029404                _calloc_r
 .text          0x000294d0      0x650 /home/pcmonkey/altera/13.1/nios2eds/bin/gnu/H-i686-pc-linux-gnu/bin/../lib/gcc/nios2-elf/4.7.3/mno-hw-mul/libgcc.a(_udivdi3.o)
                0x000294d0                __udivdi3
 .text          0x00029b20      0x628 /home/pcmonkey/altera/13.1/nios2eds/bin/gnu/H-i686-pc-linux-gnu/bin/../lib/gcc/nios2-elf/4.7.3/mno-hw-mul/libgcc.a(_umoddi3.o)
                0x00029b20                __umoddi3
 .text          0x0002a148      0x408 /home/pcmonkey/altera/13.1/nios2eds/bin/gnu/H-i686-pc-linux-gnu/bin/../lib/gcc/nios2-elf/4.7.3/mno-hw-mul/libgcc.a(_addsub_df.o)
                0x0002a49c                __adddf3
                0x0002a4f0                __subdf3
 .text          0x0002a550      0x2e4 /home/pcmonkey/altera/13.1/nios2eds/bin/gnu/H-i686-pc-linux-gnu/bin/../lib/gcc/nios2-elf/4.7.3/mno-hw-mul/libgcc.a(_mul_df.o)
                0x0002a550                __muldf3
 .text          0x0002a834      0x1b4 /home/pcmonkey/altera/13.1/nios2eds/bin/gnu/H-i686-pc-linux-gnu/bin/../lib/gcc/nios2-elf/4.7.3/mno-hw-mul/libgcc.a(_div_df.o)
                0x0002a834                __divdf3
 .text          0x0002a9e8       0x5c /home/pcmonkey/altera/13.1/nios2eds/bin/gnu/H-i686-pc-linux-gnu/bin/../lib/gcc/nios2-elf/4.7.3/mno-hw-mul/libgcc.a(_eq_df.o)
                0x0002a9e8                __eqdf2
 .text          0x0002aa44       0x5c /home/pcmonkey/altera/13.1/nios2eds/bin/gnu/H-i686-pc-linux-gnu/bin/../lib/gcc/nios2-elf/4.7.3/mno-hw-mul/libgcc.a(_ne_df.o)
                0x0002aa44                __nedf2
 .text          0x0002aaa0       0x64 /home/pcmonkey/altera/13.1/nios2eds/bin/gnu/H-i686-pc-linux-gnu/bin/../lib/gcc/nios2-elf/4.7.3/mno-hw-mul/libgcc.a(_gt_df.o)
                0x0002aaa0                __gtdf2
 .text          0x0002ab04       0x64 /home/pcmonkey/altera/13.1/nios2eds/bin/gnu/H-i686-pc-linux-gnu/bin/../lib/gcc/nios2-elf/4.7.3/mno-hw-mul/libgcc.a(_ge_df.o)
                0x0002ab04                __gedf2
 .text          0x0002ab68       0x5c /home/pcmonkey/altera/13.1/nios2eds/bin/gnu/H-i686-pc-linux-gnu/bin/../lib/gcc/nios2-elf/4.7.3/mno-hw-mul/libgcc.a(_lt_df.o)
                0x0002ab68                __ltdf2
 .text          0x0002abc4       0xd4 /home/pcmonkey/altera/13.1/nios2eds/bin/gnu/H-i686-pc-linux-gnu/bin/../lib/gcc/nios2-elf/4.7.3/mno-hw-mul/libgcc.a(_si_to_df.o)
                0x0002abc4                __floatsidf
 .text          0x0002ac98       0xd4 /home/pcmonkey/altera/13.1/nios2eds/bin/gnu/H-i686-pc-linux-gnu/bin/../lib/gcc/nios2-elf/4.7.3/mno-hw-mul/libgcc.a(_df_to_si.o)
                0x0002ac98                __fixdfsi
 .text          0x0002ad6c        0x0 /home/pcmonkey/altera/13.1/nios2eds/bin/gnu/H-i686-pc-linux-gnu/bin/../lib/gcc/nios2-elf/4.7.3/mno-hw-mul/libgcc.a(_thenan_df.o)
 .text          0x0002ad6c      0x11c /home/pcmonkey/altera/13.1/nios2eds/bin/gnu/H-i686-pc-linux-gnu/bin/../lib/gcc/nios2-elf/4.7.3/mno-hw-mul/libgcc.a(_usi_to_df.o)
                0x0002ad6c                __floatunsidf
 .text          0x0002ae88      0x130 /home/pcmonkey/altera/13.1/nios2eds/bin/gnu/H-i686-pc-linux-gnu/bin/../lib/gcc/nios2-elf/4.7.3/mno-hw-mul/libgcc.a(lib2-divmod.o)
                0x0002aefc                __divsi3
                0x0002af4c                __modsi3
                0x0002afa8                __udivsi3
                0x0002afb0                __umodsi3
 .text          0x0002afb8      0x110 /home/pcmonkey/altera/13.1/nios2eds/bin/gnu/H-i686-pc-linux-gnu/bin/../lib/gcc/nios2-elf/4.7.3/mno-hw-mul/libgcc.a(_muldi3.o)
                0x0002afb8                __muldi3
 .text          0x0002b0c8        0x0 /home/pcmonkey/altera/13.1/nios2eds/bin/gnu/H-i686-pc-linux-gnu/bin/../lib/gcc/nios2-elf/4.7.3/mno-hw-mul/libgcc.a(_clz.o)
 .text          0x0002b0c8       0xac /home/pcmonkey/altera/13.1/nios2eds/bin/gnu/H-i686-pc-linux-gnu/bin/../lib/gcc/nios2-elf/4.7.3/mno-hw-mul/libgcc.a(_clzsi2.o)
                0x0002b0c8                __clzsi2
 .text          0x0002b174      0x224 /home/pcmonkey/altera/13.1/nios2eds/bin/gnu/H-i686-pc-linux-gnu/bin/../lib/gcc/nios2-elf/4.7.3/mno-hw-mul/libgcc.a(_pack_df.o)
                0x0002b174                __pack_d
 .text          0x0002b398      0x104 /home/pcmonkey/altera/13.1/nios2eds/bin/gnu/H-i686-pc-linux-gnu/bin/../lib/gcc/nios2-elf/4.7.3/mno-hw-mul/libgcc.a(_unpack_df.o)
                0x0002b398                __unpack_d
 .text          0x0002b49c       0xd0 /home/pcmonkey/altera/13.1/nios2eds/bin/gnu/H-i686-pc-linux-gnu/bin/../lib/gcc/nios2-elf/4.7.3/mno-hw-mul/libgcc.a(_fpcmp_parts_df.o)
                0x0002b49c                __fpcmp_parts_d
 .text          0x0002b56c       0x44 /home/pcmonkey/altera/13.1/nios2eds/bin/gnu/H-i686-pc-linux-gnu/bin/../lib/gcc/nios2-elf/4.7.3/mno-hw-mul/libgcc.a(_lshrdi3.o)
                0x0002b56c                __lshrdi3
 .text          0x0002b5b0       0x44 /home/pcmonkey/altera/13.1/nios2eds/bin/gnu/H-i686-pc-linux-gnu/bin/../lib/gcc/nios2-elf/4.7.3/mno-hw-mul/libgcc.a(_ashldi3.o)
                0x0002b5b0                __ashldi3
 .text          0x0002b5f4      0x11c ../final_tsp_bsp//libhal_bsp.a(alt_close.o)
                0x0002b644                close
 .text          0x0002b710       0x2c ../final_tsp_bsp//libhal_bsp.a(alt_dev.o)
 .text          0x0002b73c        0x0 ../final_tsp_bsp//libhal_bsp.a(alt_errno.o)
 .text          0x0002b73c      0x100 ../final_tsp_bsp//libhal_bsp.a(alt_fstat.o)
                0x0002b78c                fstat
 .text          0x0002b83c       0xf4 ../final_tsp_bsp//libhal_bsp.a(alt_isatty.o)
                0x0002b88c                isatty
 .text          0x0002b930       0xec ../final_tsp_bsp//libhal_bsp.a(alt_load.o)
                0x0002b99c                alt_load
 .text          0x0002ba1c      0x124 ../final_tsp_bsp//libhal_bsp.a(alt_lseek.o)
                0x0002ba6c                lseek
 .text          0x0002bb40       0x68 ../final_tsp_bsp//libhal_bsp.a(alt_main.o)
                0x0002bb40                alt_main
 .text          0x0002bba8       0x40 ../final_tsp_bsp//libhal_bsp.a(alt_malloc_lock.o)
                0x0002bba8                __malloc_lock
                0x0002bbc8                __malloc_unlock
 .text          0x0002bbe8      0x298 ../final_tsp_bsp//libhal_bsp.a(alt_open.o)
                0x0002bd28                open
 .text          0x0002be80      0x144 ../final_tsp_bsp//libhal_bsp.a(alt_read.o)
                0x0002bed0                read
 .text          0x0002bfc4       0x80 ../final_tsp_bsp//libhal_bsp.a(alt_release_fd.o)
                0x0002bfc4                alt_release_fd
 .text          0x0002c044       0xb0 ../final_tsp_bsp//libhal_bsp.a(alt_sbrk.o)
                0x0002c044                sbrk
 .text          0x0002c0f4       0x30 ../final_tsp_bsp//libhal_bsp.a(alt_usleep.o)
                0x0002c0f4                usleep
 .text          0x0002c124      0x140 ../final_tsp_bsp//libhal_bsp.a(alt_write.o)
                0x0002c174                write
 .text          0x0002c264       0xc0 ../final_tsp_bsp//libhal_bsp.a(alt_sys_init.o)
                0x0002c29c                alt_irq_init
                0x0002c2d0                alt_sys_init
 .text          0x0002c324       0xc0 ../final_tsp_bsp//libhal_bsp.a(altera_avalon_jtag_uart_fd.o)
                0x0002c324                altera_avalon_jtag_uart_read_fd
                0x0002c384                altera_avalon_jtag_uart_write_fd
 .text          0x0002c3e4       0xf4 ../final_tsp_bsp//libhal_bsp.a(altera_avalon_jtag_uart_read.o)
                0x0002c3e4                altera_avalon_jtag_uart_read
 .text          0x0002c4d8       0x98 ../final_tsp_bsp//libhal_bsp.a(altera_avalon_jtag_uart_write.o)
                0x0002c4d8                altera_avalon_jtag_uart_write
 .text          0x0002c570       0xfc ../final_tsp_bsp//libhal_bsp.a(altera_avalon_timer_sc.o)
                0x0002c5e4                alt_avalon_timer_sc_init
 .text          0x0002c66c      0x628 ../final_tsp_bsp//libhal_bsp.a(altera_hostfs.o)
                0x0002c66c                alt_hostfs_open
                0x0002c7d8                alt_hostfs_close
                0x0002c844                alt_hostfs_read
                0x0002c8fc                alt_hostfs_write
                0x0002c9b4                alt_hostfs_seek
                0x0002ca6c                alt_hostfs_fstat
 .text          0x0002cc94      0x138 ../final_tsp_bsp//libhal_bsp.a(alt_busy_sleep.o)
                0x0002cc94                alt_busy_sleep
 .text          0x0002cdcc       0x44 ../final_tsp_bsp//libhal_bsp.a(alt_dcache_flush_all.o)
                0x0002cdcc                alt_dcache_flush_all
 .text          0x0002ce10       0xf0 ../final_tsp_bsp//libhal_bsp.a(alt_dev_llist_insert.o)
                0x0002ce60                alt_dev_llist_insert
 .text          0x0002cf00       0x90 ../final_tsp_bsp//libhal_bsp.a(alt_find_dev.o)
                0x0002cf00                alt_find_dev
 .text          0x0002cf90      0x114 ../final_tsp_bsp//libhal_bsp.a(alt_find_file.o)
                0x0002cf90                alt_find_file
 .text          0x0002d0a4       0x84 ../final_tsp_bsp//libhal_bsp.a(alt_fs_reg.o)
                0x0002d0a4                alt_fs_reg
 .text          0x0002d128       0xd4 ../final_tsp_bsp//libhal_bsp.a(alt_get_fd.o)
                0x0002d128                alt_get_fd
 .text          0x0002d1fc       0x30 ../final_tsp_bsp//libhal_bsp.a(alt_icache_flush_all.o)
                0x0002d1fc                alt_icache_flush_all
 .text          0x0002d22c      0x1d8 ../final_tsp_bsp//libhal_bsp.a(alt_iic.o)
                0x0002d22c                alt_ic_isr_register
                0x0002d27c                alt_ic_irq_enable
                0x0002d318                alt_ic_irq_disable
                0x0002d3b8                alt_ic_irq_enabled
 .text          0x0002d404       0xf0 ../final_tsp_bsp//libhal_bsp.a(alt_iic_isr_register.o)
                0x0002d404                alt_iic_isr_register
 .text          0x0002d4f4      0x158 ../final_tsp_bsp//libhal_bsp.a(alt_io_redirect.o)
                0x0002d5d4                alt_io_redirect
 .text          0x0002d64c        0x0 ../final_tsp_bsp//libhal_bsp.a(alt_irq_entry.o)
 .text          0x0002d64c        0x0 ../final_tsp_bsp//libhal_bsp.a(alt_irq_handler.o)
 .text          0x0002d64c        0x0 ../final_tsp_bsp//libhal_bsp.a(alt_irq_vars.o)
 .text          0x0002d64c      0x19c ../final_tsp_bsp//libhal_bsp.a(alt_tick.o)
                0x0002d64c                alt_alarm_stop
                0x0002d6e4                alt_tick
 .text          0x0002d7e8       0x20 ../final_tsp_bsp//libhal_bsp.a(altera_nios2_qsys_irq.o)
                0x0002d7e8                altera_nios2_qsys_irq_init
 .text          0x0002d808        0x0 ../final_tsp_bsp//libhal_bsp.a(alt_exception_entry.o)
 .text          0x0002d808       0x8c ../final_tsp_bsp//libhal_bsp.a(alt_icache_flush.o)
                0x0002d808                alt_icache_flush
 .text          0x0002d894       0x38 /home/pcmonkey/altera/13.1/nios2eds/bin/gnu/H-i686-pc-linux-gnu/bin/../lib/gcc/nios2-elf/4.7.3/../../../../../H-i686-pc-linux-gnu/nios2-elf/lib/mno-hw-mul/libc.a(lib_a-exit.o)
                0x0002d894                exit
 .text          0x0002d8cc       0x7c /home/pcmonkey/altera/13.1/nios2eds/bin/gnu/H-i686-pc-linux-gnu/bin/../lib/gcc/nios2-elf/4.7.3/../../../../../H-i686-pc-linux-gnu/nios2-elf/lib/mno-hw-mul/libc.a(lib_a-memcmp.o)
                0x0002d8cc                memcmp
 .text          0x0002d948      0x1a0 /home/pcmonkey/altera/13.1/nios2eds/bin/gnu/H-i686-pc-linux-gnu/bin/../lib/gcc/nios2-elf/4.7.3/../../../../../H-i686-pc-linux-gnu/nios2-elf/lib/mno-hw-mul/libc.a(lib_a-__call_atexit.o)
                0x0002d948                __call_exitprocs
 .text          0x0002dae8       0x3c ../final_tsp_bsp//libhal_bsp.a(alt_exit.o)
                0x0002dae8                _exit
 *(.gnu.warning.*)
 *(.fini)
                0x0002db24                PROVIDE (__etext, ABSOLUTE (.))
                0x0002db24                PROVIDE (_etext, ABSOLUTE (.))
                0x0002db24                PROVIDE (etext, ABSOLUTE (.))
 *(.eh_frame_hdr)
                0x0002db24                . = ALIGN (0x4)
                0x0002db24                PROVIDE (__preinit_array_start, ABSOLUTE (.))
 *(.preinit_array)
                0x0002db24                PROVIDE (__preinit_array_end, ABSOLUTE (.))
                0x0002db24                PROVIDE (__init_array_start, ABSOLUTE (.))
 *(.init_array)
                0x0002db24                PROVIDE (__init_array_end, ABSOLUTE (.))
                0x0002db24                PROVIDE (__fini_array_start, ABSOLUTE (.))
 *(.fini_array)
                0x0002db24                PROVIDE (__fini_array_end, ABSOLUTE (.))
 *(.eh_frame)
 *(.gcc_except_table .gcc_except_table.*)
 *(.dynamic)
                0x0002db24                PROVIDE (__CTOR_LIST__, ABSOLUTE (.))
 *(.ctors)
 *(SORT(.ctors.*))
                0x0002db24                PROVIDE (__CTOR_END__, ABSOLUTE (.))
                0x0002db24                PROVIDE (__DTOR_LIST__, ABSOLUTE (.))
 *(.dtors)
 *(SORT(.dtors.*))
                0x0002db24                PROVIDE (__DTOR_END__, ABSOLUTE (.))
 *(.jcr)
                0x0002db24                . = ALIGN (0x4)

.rodata         0x0002db24     0x1484
                0x0002db24                PROVIDE (__ram_rodata_start, ABSOLUTE (.))
                0x0002db24                . = ALIGN (0x4)
 *(.rodata .rodata.* .gnu.linkonce.r.*)
 .rodata        0x0002db24      0xed8 obj/default/hello_world.o
 .rodata.str1.4
                0x0002e9fc        0x2 /home/pcmonkey/altera/13.1/nios2eds/bin/gnu/H-i686-pc-linux-gnu/bin/../lib/gcc/nios2-elf/4.7.3/../../../../../H-i686-pc-linux-gnu/nios2-elf/lib/mno-hw-mul/libc.a(lib_a-impure.o)
                                  0x4 (size before relaxing)
 *fill*         0x0002e9fe        0x2 
 .rodata.str1.4
                0x0002ea00        0x2 /home/pcmonkey/altera/13.1/nios2eds/bin/gnu/H-i686-pc-linux-gnu/bin/../lib/gcc/nios2-elf/4.7.3/../../../../../H-i686-pc-linux-gnu/nios2-elf/lib/mno-hw-mul/libc.a(lib_a-puts.o)
                                  0x4 (size before relaxing)
 *fill*         0x0002ea02        0x2 
 .rodata.str1.4
                0x0002ea04       0x42 /home/pcmonkey/altera/13.1/nios2eds/bin/gnu/H-i686-pc-linux-gnu/bin/../lib/gcc/nios2-elf/4.7.3/../../../../../H-i686-pc-linux-gnu/nios2-elf/lib/mno-hw-mul/libc.a(lib_a-vfprintf.o)
                                 0x44 (size before relaxing)
 .rodata        0x0002ea46       0x20 /home/pcmonkey/altera/13.1/nios2eds/bin/gnu/H-i686-pc-linux-gnu/bin/../lib/gcc/nios2-elf/4.7.3/../../../../../H-i686-pc-linux-gnu/nios2-elf/lib/mno-hw-mul/libc.a(lib_a-vfprintf.o)
 .rodata        0x0002ea66      0x281 /home/pcmonkey/altera/13.1/nios2eds/bin/gnu/H-i686-pc-linux-gnu/bin/../lib/gcc/nios2-elf/4.7.3/../../../../../H-i686-pc-linux-gnu/nios2-elf/lib/mno-hw-mul/libc.a(lib_a-ctype_.o)
                0x0002ea66                _ctype_
 *fill*         0x0002ece7        0x1 
 .rodata.str1.4
                0x0002ece8       0x10 /home/pcmonkey/altera/13.1/nios2eds/bin/gnu/H-i686-pc-linux-gnu/bin/../lib/gcc/nios2-elf/4.7.3/../../../../../H-i686-pc-linux-gnu/nios2-elf/lib/mno-hw-mul/libc.a(lib_a-dtoa.o)
                                 0x14 (size before relaxing)
 .rodata.str1.4
                0x0002ecf8       0x10 /home/pcmonkey/altera/13.1/nios2eds/bin/gnu/H-i686-pc-linux-gnu/bin/../lib/gcc/nios2-elf/4.7.3/../../../../../H-i686-pc-linux-gnu/nios2-elf/lib/mno-hw-mul/libc.a(lib_a-locale.o)
                                 0x18 (size before relaxing)
 .rodata        0x0002ed08       0x30 /home/pcmonkey/altera/13.1/nios2eds/bin/gnu/H-i686-pc-linux-gnu/bin/../lib/gcc/nios2-elf/4.7.3/../../../../../H-i686-pc-linux-gnu/nios2-elf/lib/mno-hw-mul/libc.a(lib_a-locale.o)
 .rodata        0x0002ed38      0x124 /home/pcmonkey/altera/13.1/nios2eds/bin/gnu/H-i686-pc-linux-gnu/bin/../lib/gcc/nios2-elf/4.7.3/../../../../../H-i686-pc-linux-gnu/nios2-elf/lib/mno-hw-mul/libc.a(lib_a-mprec.o)
                0x0002ed38                __mprec_tinytens
                0x0002ed60                __mprec_bigtens
                0x0002ed88                __mprec_tens
 .rodata        0x0002ee5c       0x14 /home/pcmonkey/altera/13.1/nios2eds/bin/gnu/H-i686-pc-linux-gnu/bin/../lib/gcc/nios2-elf/4.7.3/mno-hw-mul/libgcc.a(_thenan_df.o)
                0x0002ee5c                __thenan_df
 .rodata        0x0002ee70      0x100 /home/pcmonkey/altera/13.1/nios2eds/bin/gnu/H-i686-pc-linux-gnu/bin/../lib/gcc/nios2-elf/4.7.3/mno-hw-mul/libgcc.a(_clz.o)
                0x0002ee70                __clz_tab
 .rodata        0x0002ef70        0xc ../final_tsp_bsp//libhal_bsp.a(alt_dev.o)
 .rodata        0x0002ef7c       0x10 ../final_tsp_bsp//libhal_bsp.a(alt_main.o)
 .rodata        0x0002ef8c       0x1c ../final_tsp_bsp//libhal_bsp.a(alt_sys_init.o)
 *(.rodata1)
                0x0002efa8                . = ALIGN (0x4)
                0x0002efa8                PROVIDE (__ram_rodata_end, ABSOLUTE (.))
                0x0002db24                PROVIDE (__flash_rodata_start, LOADADDR (.rodata))

.rwdata         0x0002efa8      0xa98 load address 0x0002fa40
                0x0002efa8                PROVIDE (__ram_rwdata_start, ABSOLUTE (.))
                0x0002efa8                . = ALIGN (0x4)
 *(.got.plt)
 *(.got)
 *(.data1)
 *(.data .data.* .gnu.linkonce.d.*)
 .data          0x0002efa8        0x0 ../final_tsp_bsp//obj/HAL/src/crt0.o
 .data          0x0002efa8        0x0 obj/default/hello_world.o
 .data          0x0002efa8        0x0 /home/pcmonkey/altera/13.1/nios2eds/bin/gnu/H-i686-pc-linux-gnu/bin/../lib/gcc/nios2-elf/4.7.3/mno-hw-mul/libgcc.a(lib2-mul.o)
 .data          0x0002efa8        0x0 /home/pcmonkey/altera/13.1/nios2eds/bin/gnu/H-i686-pc-linux-gnu/bin/../lib/gcc/nios2-elf/4.7.3/../../../../../H-i686-pc-linux-gnu/nios2-elf/lib/mno-hw-mul/libc.a(lib_a-atoi.o)
 .data          0x0002efa8        0x0 /home/pcmonkey/altera/13.1/nios2eds/bin/gnu/H-i686-pc-linux-gnu/bin/../lib/gcc/nios2-elf/4.7.3/../../../../../H-i686-pc-linux-gnu/nios2-elf/lib/mno-hw-mul/libc.a(lib_a-fclose.o)
 .data          0x0002efa8        0x0 /home/pcmonkey/altera/13.1/nios2eds/bin/gnu/H-i686-pc-linux-gnu/bin/../lib/gcc/nios2-elf/4.7.3/../../../../../H-i686-pc-linux-gnu/nios2-elf/lib/mno-hw-mul/libc.a(lib_a-fflush.o)
 .data          0x0002efa8        0x0 /home/pcmonkey/altera/13.1/nios2eds/bin/gnu/H-i686-pc-linux-gnu/bin/../lib/gcc/nios2-elf/4.7.3/../../../../../H-i686-pc-linux-gnu/nios2-elf/lib/mno-hw-mul/libc.a(lib_a-fgets.o)
 .data          0x0002efa8        0x0 /home/pcmonkey/altera/13.1/nios2eds/bin/gnu/H-i686-pc-linux-gnu/bin/../lib/gcc/nios2-elf/4.7.3/../../../../../H-i686-pc-linux-gnu/nios2-elf/lib/mno-hw-mul/libc.a(lib_a-findfp.o)
 .data          0x0002efa8        0x0 /home/pcmonkey/altera/13.1/nios2eds/bin/gnu/H-i686-pc-linux-gnu/bin/../lib/gcc/nios2-elf/4.7.3/../../../../../H-i686-pc-linux-gnu/nios2-elf/lib/mno-hw-mul/libc.a(lib_a-fopen.o)
 .data          0x0002efa8        0x0 /home/pcmonkey/altera/13.1/nios2eds/bin/gnu/H-i686-pc-linux-gnu/bin/../lib/gcc/nios2-elf/4.7.3/../../../../../H-i686-pc-linux-gnu/nios2-elf/lib/mno-hw-mul/libc.a(lib_a-fprintf.o)
 .data          0x0002efa8        0x0 /home/pcmonkey/altera/13.1/nios2eds/bin/gnu/H-i686-pc-linux-gnu/bin/../lib/gcc/nios2-elf/4.7.3/../../../../../H-i686-pc-linux-gnu/nios2-elf/lib/mno-hw-mul/libc.a(lib_a-freer.o)
 .data          0x0002efa8        0x0 /home/pcmonkey/altera/13.1/nios2eds/bin/gnu/H-i686-pc-linux-gnu/bin/../lib/gcc/nios2-elf/4.7.3/../../../../../H-i686-pc-linux-gnu/nios2-elf/lib/mno-hw-mul/libc.a(lib_a-fseek.o)
 .data          0x0002efa8        0x0 /home/pcmonkey/altera/13.1/nios2eds/bin/gnu/H-i686-pc-linux-gnu/bin/../lib/gcc/nios2-elf/4.7.3/../../../../../H-i686-pc-linux-gnu/nios2-elf/lib/mno-hw-mul/libc.a(lib_a-fstatr.o)
 .data          0x0002efa8        0x0 /home/pcmonkey/altera/13.1/nios2eds/bin/gnu/H-i686-pc-linux-gnu/bin/../lib/gcc/nios2-elf/4.7.3/../../../../../H-i686-pc-linux-gnu/nios2-elf/lib/mno-hw-mul/libc.a(lib_a-fwalk.o)
 .data          0x0002efa8      0x400 /home/pcmonkey/altera/13.1/nios2eds/bin/gnu/H-i686-pc-linux-gnu/bin/../lib/gcc/nios2-elf/4.7.3/../../../../../H-i686-pc-linux-gnu/nios2-elf/lib/mno-hw-mul/libc.a(lib_a-impure.o)
 .data          0x0002f3a8        0x0 /home/pcmonkey/altera/13.1/nios2eds/bin/gnu/H-i686-pc-linux-gnu/bin/../lib/gcc/nios2-elf/4.7.3/../../../../../H-i686-pc-linux-gnu/nios2-elf/lib/mno-hw-mul/libc.a(lib_a-int_errno.o)
 .data          0x0002f3a8        0x0 /home/pcmonkey/altera/13.1/nios2eds/bin/gnu/H-i686-pc-linux-gnu/bin/../lib/gcc/nios2-elf/4.7.3/../../../../../H-i686-pc-linux-gnu/nios2-elf/lib/mno-hw-mul/libc.a(lib_a-makebuf.o)
 .data          0x0002f3a8      0x408 /home/pcmonkey/altera/13.1/nios2eds/bin/gnu/H-i686-pc-linux-gnu/bin/../lib/gcc/nios2-elf/4.7.3/../../../../../H-i686-pc-linux-gnu/nios2-elf/lib/mno-hw-mul/libc.a(lib_a-mallocr.o)
                0x0002f3a8                __malloc_av_
 .data          0x0002f7b0        0x0 /home/pcmonkey/altera/13.1/nios2eds/bin/gnu/H-i686-pc-linux-gnu/bin/../lib/gcc/nios2-elf/4.7.3/../../../../../H-i686-pc-linux-gnu/nios2-elf/lib/mno-hw-mul/libc.a(lib_a-memchr.o)
 .data          0x0002f7b0        0x0 /home/pcmonkey/altera/13.1/nios2eds/bin/gnu/H-i686-pc-linux-gnu/bin/../lib/gcc/nios2-elf/4.7.3/../../../../../H-i686-pc-linux-gnu/nios2-elf/lib/mno-hw-mul/libc.a(lib_a-memcpy.o)
 .data          0x0002f7b0        0x0 /home/pcmonkey/altera/13.1/nios2eds/bin/gnu/H-i686-pc-linux-gnu/bin/../lib/gcc/nios2-elf/4.7.3/../../../../../H-i686-pc-linux-gnu/nios2-elf/lib/mno-hw-mul/libc.a(lib_a-memset.o)
 .data          0x0002f7b0        0x0 /home/pcmonkey/altera/13.1/nios2eds/bin/gnu/H-i686-pc-linux-gnu/bin/../lib/gcc/nios2-elf/4.7.3/../../../../../H-i686-pc-linux-gnu/nios2-elf/lib/mno-hw-mul/libc.a(lib_a-openr.o)
 .data          0x0002f7b0        0x0 /home/pcmonkey/altera/13.1/nios2eds/bin/gnu/H-i686-pc-linux-gnu/bin/../lib/gcc/nios2-elf/4.7.3/../../../../../H-i686-pc-linux-gnu/nios2-elf/lib/mno-hw-mul/libc.a(lib_a-puts.o)
 .data          0x0002f7b0        0x0 /home/pcmonkey/altera/13.1/nios2eds/bin/gnu/H-i686-pc-linux-gnu/bin/../lib/gcc/nios2-elf/4.7.3/../../../../../H-i686-pc-linux-gnu/nios2-elf/lib/mno-hw-mul/libc.a(lib_a-refill.o)
 .data          0x0002f7b0        0x0 /home/pcmonkey/altera/13.1/nios2eds/bin/gnu/H-i686-pc-linux-gnu/bin/../lib/gcc/nios2-elf/4.7.3/../../../../../H-i686-pc-linux-gnu/nios2-elf/lib/mno-hw-mul/libc.a(lib_a-sbrkr.o)
 .data          0x0002f7b0        0x0 /home/pcmonkey/altera/13.1/nios2eds/bin/gnu/H-i686-pc-linux-gnu/bin/../lib/gcc/nios2-elf/4.7.3/../../../../../H-i686-pc-linux-gnu/nios2-elf/lib/mno-hw-mul/libc.a(lib_a-stdio.o)
 .data          0x0002f7b0        0x0 /home/pcmonkey/altera/13.1/nios2eds/bin/gnu/H-i686-pc-linux-gnu/bin/../lib/gcc/nios2-elf/4.7.3/../../../../../H-i686-pc-linux-gnu/nios2-elf/lib/mno-hw-mul/libc.a(lib_a-strlen.o)
 .data          0x0002f7b0        0x0 /home/pcmonkey/altera/13.1/nios2eds/bin/gnu/H-i686-pc-linux-gnu/bin/../lib/gcc/nios2-elf/4.7.3/../../../../../H-i686-pc-linux-gnu/nios2-elf/lib/mno-hw-mul/libc.a(lib_a-strtol.o)
 .data          0x0002f7b0        0x0 /home/pcmonkey/altera/13.1/nios2eds/bin/gnu/H-i686-pc-linux-gnu/bin/../lib/gcc/nios2-elf/4.7.3/../../../../../H-i686-pc-linux-gnu/nios2-elf/lib/mno-hw-mul/libc.a(lib_a-vfprintf.o)
 .data          0x0002f7b0        0x0 /home/pcmonkey/altera/13.1/nios2eds/bin/gnu/H-i686-pc-linux-gnu/bin/../lib/gcc/nios2-elf/4.7.3/../../../../../H-i686-pc-linux-gnu/nios2-elf/lib/mno-hw-mul/libc.a(lib_a-writer.o)
 .data          0x0002f7b0        0x0 /home/pcmonkey/altera/13.1/nios2eds/bin/gnu/H-i686-pc-linux-gnu/bin/../lib/gcc/nios2-elf/4.7.3/../../../../../H-i686-pc-linux-gnu/nios2-elf/lib/mno-hw-mul/libc.a(lib_a-wsetup.o)
 .data          0x0002f7b0        0x0 /home/pcmonkey/altera/13.1/nios2eds/bin/gnu/H-i686-pc-linux-gnu/bin/../lib/gcc/nios2-elf/4.7.3/../../../../../H-i686-pc-linux-gnu/nios2-elf/lib/mno-hw-mul/libc.a(lib_a-closer.o)
 .data          0x0002f7b0        0x0 /home/pcmonkey/altera/13.1/nios2eds/bin/gnu/H-i686-pc-linux-gnu/bin/../lib/gcc/nios2-elf/4.7.3/../../../../../H-i686-pc-linux-gnu/nios2-elf/lib/mno-hw-mul/libc.a(lib_a-ctype_.o)
 .data          0x0002f7b0        0x0 /home/pcmonkey/altera/13.1/nios2eds/bin/gnu/H-i686-pc-linux-gnu/bin/../lib/gcc/nios2-elf/4.7.3/../../../../../H-i686-pc-linux-gnu/nios2-elf/lib/mno-hw-mul/libc.a(lib_a-dtoa.o)
 .data          0x0002f7b0        0x0 /home/pcmonkey/altera/13.1/nios2eds/bin/gnu/H-i686-pc-linux-gnu/bin/../lib/gcc/nios2-elf/4.7.3/../../../../../H-i686-pc-linux-gnu/nios2-elf/lib/mno-hw-mul/libc.a(lib_a-flags.o)
 .data          0x0002f7b0        0x0 /home/pcmonkey/altera/13.1/nios2eds/bin/gnu/H-i686-pc-linux-gnu/bin/../lib/gcc/nios2-elf/4.7.3/../../../../../H-i686-pc-linux-gnu/nios2-elf/lib/mno-hw-mul/libc.a(lib_a-fvwrite.o)
 .data          0x0002f7b0        0x0 /home/pcmonkey/altera/13.1/nios2eds/bin/gnu/H-i686-pc-linux-gnu/bin/../lib/gcc/nios2-elf/4.7.3/../../../../../H-i686-pc-linux-gnu/nios2-elf/lib/mno-hw-mul/libc.a(lib_a-isattyr.o)
 .data          0x0002f7b0        0xc /home/pcmonkey/altera/13.1/nios2eds/bin/gnu/H-i686-pc-linux-gnu/bin/../lib/gcc/nios2-elf/4.7.3/../../../../../H-i686-pc-linux-gnu/nios2-elf/lib/mno-hw-mul/libc.a(lib_a-locale.o)
                0x0002f7b0                __lc_ctype
 .data          0x0002f7bc        0x0 /home/pcmonkey/altera/13.1/nios2eds/bin/gnu/H-i686-pc-linux-gnu/bin/../lib/gcc/nios2-elf/4.7.3/../../../../../H-i686-pc-linux-gnu/nios2-elf/lib/mno-hw-mul/libc.a(lib_a-lseekr.o)
 .data          0x0002f7bc        0x0 /home/pcmonkey/altera/13.1/nios2eds/bin/gnu/H-i686-pc-linux-gnu/bin/../lib/gcc/nios2-elf/4.7.3/../../../../../H-i686-pc-linux-gnu/nios2-elf/lib/mno-hw-mul/libc.a(lib_a-memmove.o)
 .data          0x0002f7bc        0x0 /home/pcmonkey/altera/13.1/nios2eds/bin/gnu/H-i686-pc-linux-gnu/bin/../lib/gcc/nios2-elf/4.7.3/../../../../../H-i686-pc-linux-gnu/nios2-elf/lib/mno-hw-mul/libc.a(lib_a-mprec.o)
 .data          0x0002f7bc        0x0 /home/pcmonkey/altera/13.1/nios2eds/bin/gnu/H-i686-pc-linux-gnu/bin/../lib/gcc/nios2-elf/4.7.3/../../../../../H-i686-pc-linux-gnu/nios2-elf/lib/mno-hw-mul/libc.a(lib_a-readr.o)
 .data          0x0002f7bc        0x0 /home/pcmonkey/altera/13.1/nios2eds/bin/gnu/H-i686-pc-linux-gnu/bin/../lib/gcc/nios2-elf/4.7.3/../../../../../H-i686-pc-linux-gnu/nios2-elf/lib/mno-hw-mul/libc.a(lib_a-reallocr.o)
 .data          0x0002f7bc        0x0 /home/pcmonkey/altera/13.1/nios2eds/bin/gnu/H-i686-pc-linux-gnu/bin/../lib/gcc/nios2-elf/4.7.3/../../../../../H-i686-pc-linux-gnu/nios2-elf/lib/mno-hw-mul/libc.a(lib_a-s_isinfd.o)
 .data          0x0002f7bc        0x0 /home/pcmonkey/altera/13.1/nios2eds/bin/gnu/H-i686-pc-linux-gnu/bin/../lib/gcc/nios2-elf/4.7.3/../../../../../H-i686-pc-linux-gnu/nios2-elf/lib/mno-hw-mul/libc.a(lib_a-s_isnand.o)
 .data          0x0002f7bc        0x0 /home/pcmonkey/altera/13.1/nios2eds/bin/gnu/H-i686-pc-linux-gnu/bin/../lib/gcc/nios2-elf/4.7.3/../../../../../H-i686-pc-linux-gnu/nios2-elf/lib/mno-hw-mul/libc.a(lib_a-strcmp.o)
 .data          0x0002f7bc        0x0 /home/pcmonkey/altera/13.1/nios2eds/bin/gnu/H-i686-pc-linux-gnu/bin/../lib/gcc/nios2-elf/4.7.3/../../../../../H-i686-pc-linux-gnu/nios2-elf/lib/mno-hw-mul/libc.a(lib_a-callocr.o)
 .data          0x0002f7bc        0x0 /home/pcmonkey/altera/13.1/nios2eds/bin/gnu/H-i686-pc-linux-gnu/bin/../lib/gcc/nios2-elf/4.7.3/mno-hw-mul/libgcc.a(_udivdi3.o)
 .data          0x0002f7bc        0x0 /home/pcmonkey/altera/13.1/nios2eds/bin/gnu/H-i686-pc-linux-gnu/bin/../lib/gcc/nios2-elf/4.7.3/mno-hw-mul/libgcc.a(_umoddi3.o)
 .data          0x0002f7bc        0x0 /home/pcmonkey/altera/13.1/nios2eds/bin/gnu/H-i686-pc-linux-gnu/bin/../lib/gcc/nios2-elf/4.7.3/mno-hw-mul/libgcc.a(_addsub_df.o)
 .data          0x0002f7bc        0x0 /home/pcmonkey/altera/13.1/nios2eds/bin/gnu/H-i686-pc-linux-gnu/bin/../lib/gcc/nios2-elf/4.7.3/mno-hw-mul/libgcc.a(_mul_df.o)
 .data          0x0002f7bc        0x0 /home/pcmonkey/altera/13.1/nios2eds/bin/gnu/H-i686-pc-linux-gnu/bin/../lib/gcc/nios2-elf/4.7.3/mno-hw-mul/libgcc.a(_div_df.o)
 .data          0x0002f7bc        0x0 /home/pcmonkey/altera/13.1/nios2eds/bin/gnu/H-i686-pc-linux-gnu/bin/../lib/gcc/nios2-elf/4.7.3/mno-hw-mul/libgcc.a(_eq_df.o)
 .data          0x0002f7bc        0x0 /home/pcmonkey/altera/13.1/nios2eds/bin/gnu/H-i686-pc-linux-gnu/bin/../lib/gcc/nios2-elf/4.7.3/mno-hw-mul/libgcc.a(_ne_df.o)
 .data          0x0002f7bc        0x0 /home/pcmonkey/altera/13.1/nios2eds/bin/gnu/H-i686-pc-linux-gnu/bin/../lib/gcc/nios2-elf/4.7.3/mno-hw-mul/libgcc.a(_gt_df.o)
 .data          0x0002f7bc        0x0 /home/pcmonkey/altera/13.1/nios2eds/bin/gnu/H-i686-pc-linux-gnu/bin/../lib/gcc/nios2-elf/4.7.3/mno-hw-mul/libgcc.a(_ge_df.o)
 .data          0x0002f7bc        0x0 /home/pcmonkey/altera/13.1/nios2eds/bin/gnu/H-i686-pc-linux-gnu/bin/../lib/gcc/nios2-elf/4.7.3/mno-hw-mul/libgcc.a(_lt_df.o)
 .data          0x0002f7bc        0x0 /home/pcmonkey/altera/13.1/nios2eds/bin/gnu/H-i686-pc-linux-gnu/bin/../lib/gcc/nios2-elf/4.7.3/mno-hw-mul/libgcc.a(_si_to_df.o)
 .data          0x0002f7bc        0x0 /home/pcmonkey/altera/13.1/nios2eds/bin/gnu/H-i686-pc-linux-gnu/bin/../lib/gcc/nios2-elf/4.7.3/mno-hw-mul/libgcc.a(_df_to_si.o)
 .data          0x0002f7bc        0x0 /home/pcmonkey/altera/13.1/nios2eds/bin/gnu/H-i686-pc-linux-gnu/bin/../lib/gcc/nios2-elf/4.7.3/mno-hw-mul/libgcc.a(_thenan_df.o)
 .data          0x0002f7bc        0x0 /home/pcmonkey/altera/13.1/nios2eds/bin/gnu/H-i686-pc-linux-gnu/bin/../lib/gcc/nios2-elf/4.7.3/mno-hw-mul/libgcc.a(_usi_to_df.o)
 .data          0x0002f7bc        0x0 /home/pcmonkey/altera/13.1/nios2eds/bin/gnu/H-i686-pc-linux-gnu/bin/../lib/gcc/nios2-elf/4.7.3/mno-hw-mul/libgcc.a(lib2-divmod.o)
 .data          0x0002f7bc        0x0 /home/pcmonkey/altera/13.1/nios2eds/bin/gnu/H-i686-pc-linux-gnu/bin/../lib/gcc/nios2-elf/4.7.3/mno-hw-mul/libgcc.a(_muldi3.o)
 .data          0x0002f7bc        0x0 /home/pcmonkey/altera/13.1/nios2eds/bin/gnu/H-i686-pc-linux-gnu/bin/../lib/gcc/nios2-elf/4.7.3/mno-hw-mul/libgcc.a(_clz.o)
 .data          0x0002f7bc        0x0 /home/pcmonkey/altera/13.1/nios2eds/bin/gnu/H-i686-pc-linux-gnu/bin/../lib/gcc/nios2-elf/4.7.3/mno-hw-mul/libgcc.a(_clzsi2.o)
 .data          0x0002f7bc        0x0 /home/pcmonkey/altera/13.1/nios2eds/bin/gnu/H-i686-pc-linux-gnu/bin/../lib/gcc/nios2-elf/4.7.3/mno-hw-mul/libgcc.a(_pack_df.o)
 .data          0x0002f7bc        0x0 /home/pcmonkey/altera/13.1/nios2eds/bin/gnu/H-i686-pc-linux-gnu/bin/../lib/gcc/nios2-elf/4.7.3/mno-hw-mul/libgcc.a(_unpack_df.o)
 .data          0x0002f7bc        0x0 /home/pcmonkey/altera/13.1/nios2eds/bin/gnu/H-i686-pc-linux-gnu/bin/../lib/gcc/nios2-elf/4.7.3/mno-hw-mul/libgcc.a(_fpcmp_parts_df.o)
 .data          0x0002f7bc        0x0 /home/pcmonkey/altera/13.1/nios2eds/bin/gnu/H-i686-pc-linux-gnu/bin/../lib/gcc/nios2-elf/4.7.3/mno-hw-mul/libgcc.a(_lshrdi3.o)
 .data          0x0002f7bc        0x0 /home/pcmonkey/altera/13.1/nios2eds/bin/gnu/H-i686-pc-linux-gnu/bin/../lib/gcc/nios2-elf/4.7.3/mno-hw-mul/libgcc.a(_ashldi3.o)
 .data          0x0002f7bc        0x0 ../final_tsp_bsp//libhal_bsp.a(alt_close.o)
 .data          0x0002f7bc      0x1a8 ../final_tsp_bsp//libhal_bsp.a(alt_dev.o)
                0x0002f7bc                alt_dev_null
                0x0002f7e4                alt_fd_list
 .data          0x0002f964        0x0 ../final_tsp_bsp//libhal_bsp.a(alt_errno.o)
 .data          0x0002f964        0x0 ../final_tsp_bsp//libhal_bsp.a(alt_fstat.o)
 .data          0x0002f964        0x0 ../final_tsp_bsp//libhal_bsp.a(alt_isatty.o)
 .data          0x0002f964        0x0 ../final_tsp_bsp//libhal_bsp.a(alt_load.o)
 .data          0x0002f964        0x0 ../final_tsp_bsp//libhal_bsp.a(alt_lseek.o)
 .data          0x0002f964        0x0 ../final_tsp_bsp//libhal_bsp.a(alt_main.o)
 .data          0x0002f964        0x0 ../final_tsp_bsp//libhal_bsp.a(alt_malloc_lock.o)
 .data          0x0002f964        0x0 ../final_tsp_bsp//libhal_bsp.a(alt_open.o)
 .data          0x0002f964        0x0 ../final_tsp_bsp//libhal_bsp.a(alt_read.o)
 .data          0x0002f964        0x0 ../final_tsp_bsp//libhal_bsp.a(alt_release_fd.o)
 .data          0x0002f964        0x0 ../final_tsp_bsp//libhal_bsp.a(alt_sbrk.o)
 .data          0x0002f964        0x0 ../final_tsp_bsp//libhal_bsp.a(alt_usleep.o)
 .data          0x0002f964        0x0 ../final_tsp_bsp//libhal_bsp.a(alt_write.o)
 .data          0x0002f964       0x54 ../final_tsp_bsp//libhal_bsp.a(alt_sys_init.o)
 .data          0x0002f9b8        0x0 ../final_tsp_bsp//libhal_bsp.a(altera_avalon_jtag_uart_fd.o)
 .data          0x0002f9b8        0x0 ../final_tsp_bsp//libhal_bsp.a(altera_avalon_jtag_uart_read.o)
 .data          0x0002f9b8        0x0 ../final_tsp_bsp//libhal_bsp.a(altera_avalon_jtag_uart_write.o)
 .data          0x0002f9b8        0x0 ../final_tsp_bsp//libhal_bsp.a(altera_avalon_timer_sc.o)
 .data          0x0002f9b8        0x0 ../final_tsp_bsp//libhal_bsp.a(altera_hostfs.o)
 .data          0x0002f9b8        0x0 ../final_tsp_bsp//libhal_bsp.a(alt_busy_sleep.o)
 .data          0x0002f9b8        0x0 ../final_tsp_bsp//libhal_bsp.a(alt_dcache_flush_all.o)
 .data          0x0002f9b8        0x0 ../final_tsp_bsp//libhal_bsp.a(alt_dev_llist_insert.o)
 .data          0x0002f9b8        0x0 ../final_tsp_bsp//libhal_bsp.a(alt_find_dev.o)
 .data          0x0002f9b8        0x0 ../final_tsp_bsp//libhal_bsp.a(alt_find_file.o)
 .data          0x0002f9b8        0x0 ../final_tsp_bsp//libhal_bsp.a(alt_fs_reg.o)
 .data          0x0002f9b8        0x0 ../final_tsp_bsp//libhal_bsp.a(alt_get_fd.o)
 .data          0x0002f9b8        0x0 ../final_tsp_bsp//libhal_bsp.a(alt_icache_flush_all.o)
 .data          0x0002f9b8        0x0 ../final_tsp_bsp//libhal_bsp.a(alt_iic.o)
 .data          0x0002f9b8        0x0 ../final_tsp_bsp//libhal_bsp.a(alt_iic_isr_register.o)
 .data          0x0002f9b8        0x0 ../final_tsp_bsp//libhal_bsp.a(alt_io_redirect.o)
 .data          0x0002f9b8        0x0 ../final_tsp_bsp//libhal_bsp.a(alt_irq_entry.o)
 .data          0x0002f9b8        0x0 ../final_tsp_bsp//libhal_bsp.a(alt_irq_handler.o)
 .data          0x0002f9b8        0x0 ../final_tsp_bsp//libhal_bsp.a(alt_irq_vars.o)
 .data          0x0002f9b8        0x0 ../final_tsp_bsp//libhal_bsp.a(alt_tick.o)
 .data          0x0002f9b8        0x0 ../final_tsp_bsp//libhal_bsp.a(altera_nios2_qsys_irq.o)
 .data          0x0002f9b8        0x0 ../final_tsp_bsp//libhal_bsp.a(alt_exception_entry.o)
 .data          0x0002f9b8        0x0 ../final_tsp_bsp//libhal_bsp.a(alt_icache_flush.o)
 .data          0x0002f9b8        0x0 /home/pcmonkey/altera/13.1/nios2eds/bin/gnu/H-i686-pc-linux-gnu/bin/../lib/gcc/nios2-elf/4.7.3/../../../../../H-i686-pc-linux-gnu/nios2-elf/lib/mno-hw-mul/libc.a(lib_a-exit.o)
 .data          0x0002f9b8        0x0 /home/pcmonkey/altera/13.1/nios2eds/bin/gnu/H-i686-pc-linux-gnu/bin/../lib/gcc/nios2-elf/4.7.3/../../../../../H-i686-pc-linux-gnu/nios2-elf/lib/mno-hw-mul/libc.a(lib_a-memcmp.o)
 .data          0x0002f9b8        0x0 /home/pcmonkey/altera/13.1/nios2eds/bin/gnu/H-i686-pc-linux-gnu/bin/../lib/gcc/nios2-elf/4.7.3/../../../../../H-i686-pc-linux-gnu/nios2-elf/lib/mno-hw-mul/libc.a(lib_a-__call_atexit.o)
 .data          0x0002f9b8        0x0 ../final_tsp_bsp//libhal_bsp.a(alt_exit.o)
                0x000379b8                _gp = ABSOLUTE ((. + 0x8000))
                0x000379b8                PROVIDE (gp, _gp)
 *(.rwdata .rwdata.*)
 *(.sdata .sdata.* .gnu.linkonce.s.*)
 .sdata         0x0002f9b8        0x8 /home/pcmonkey/altera/13.1/nios2eds/bin/gnu/H-i686-pc-linux-gnu/bin/../lib/gcc/nios2-elf/4.7.3/../../../../../H-i686-pc-linux-gnu/nios2-elf/lib/mno-hw-mul/libc.a(lib_a-impure.o)
                0x0002f9b8                _global_impure_ptr
                0x0002f9bc                _impure_ptr
 .sdata         0x0002f9c0        0x8 /home/pcmonkey/altera/13.1/nios2eds/bin/gnu/H-i686-pc-linux-gnu/bin/../lib/gcc/nios2-elf/4.7.3/../../../../../H-i686-pc-linux-gnu/nios2-elf/lib/mno-hw-mul/libc.a(lib_a-mallocr.o)
                0x0002f9c0                __malloc_sbrk_base
                0x0002f9c4                __malloc_trim_threshold
 .sdata         0x0002f9c8        0x4 /home/pcmonkey/altera/13.1/nios2eds/bin/gnu/H-i686-pc-linux-gnu/bin/../lib/gcc/nios2-elf/4.7.3/../../../../../H-i686-pc-linux-gnu/nios2-elf/lib/mno-hw-mul/libc.a(lib_a-ctype_.o)
                0x0002f9c8                __ctype_ptr
 .sdata         0x0002f9cc        0x4 /home/pcmonkey/altera/13.1/nios2eds/bin/gnu/H-i686-pc-linux-gnu/bin/../lib/gcc/nios2-elf/4.7.3/../../../../../H-i686-pc-linux-gnu/nios2-elf/lib/mno-hw-mul/libc.a(lib_a-locale.o)
                0x0002f9cc                __mb_cur_max
 .sdata         0x0002f9d0       0x14 ../final_tsp_bsp//libhal_bsp.a(alt_dev.o)
                0x0002f9d0                alt_fs_list
                0x0002f9d8                alt_dev_list
                0x0002f9e0                alt_max_fd
 .sdata         0x0002f9e4        0x4 ../final_tsp_bsp//libhal_bsp.a(alt_errno.o)
                0x0002f9e4                alt_errno
 .sdata         0x0002f9e8        0x4 ../final_tsp_bsp//libhal_bsp.a(alt_sbrk.o)
 .sdata         0x0002f9ec       0x48 ../final_tsp_bsp//libhal_bsp.a(altera_hostfs.o)
 .sdata         0x0002fa34        0x4 ../final_tsp_bsp//libhal_bsp.a(alt_irq_vars.o)
                0x0002fa34                alt_priority_mask
 .sdata         0x0002fa38        0x8 ../final_tsp_bsp//libhal_bsp.a(alt_tick.o)
                0x0002fa38                alt_alarm_list
 *(.sdata2 .sdata2.* .gnu.linkonce.s2.*)
                0x0002fa40                . = ALIGN (0x4)
                0x0002fa40                _edata = ABSOLUTE (.)
                0x0002fa40                PROVIDE (edata, ABSOLUTE (.))
                0x0002fa40                PROVIDE (__ram_rwdata_end, ABSOLUTE (.))
                0x0002fa40                PROVIDE (__flash_rwdata_start, LOADADDR (.rwdata))

.bss            0x000304d8      0x15c
                0x000304d8                __bss_start = ABSOLUTE (.)
                0x000304d8                PROVIDE (__sbss_start, ABSOLUTE (.))
                0x000304d8                PROVIDE (___sbss_start, ABSOLUTE (.))
 *(.dynsbss)
 *(.sbss .sbss.* .gnu.linkonce.sb.*)
 .sbss          0x000304d8        0x4 /home/pcmonkey/altera/13.1/nios2eds/bin/gnu/H-i686-pc-linux-gnu/bin/../lib/gcc/nios2-elf/4.7.3/../../../../../H-i686-pc-linux-gnu/nios2-elf/lib/mno-hw-mul/libc.a(lib_a-int_errno.o)
                0x000304d8                errno
 .sbss          0x000304dc        0xc /home/pcmonkey/altera/13.1/nios2eds/bin/gnu/H-i686-pc-linux-gnu/bin/../lib/gcc/nios2-elf/4.7.3/../../../../../H-i686-pc-linux-gnu/nios2-elf/lib/mno-hw-mul/libc.a(lib_a-mallocr.o)
                0x000304dc                __malloc_max_total_mem
                0x000304e0                __malloc_max_sbrked_mem
                0x000304e4                __malloc_top_pad
 .sbss          0x000304e8        0xc /home/pcmonkey/altera/13.1/nios2eds/bin/gnu/H-i686-pc-linux-gnu/bin/../lib/gcc/nios2-elf/4.7.3/../../../../../H-i686-pc-linux-gnu/nios2-elf/lib/mno-hw-mul/libc.a(lib_a-locale.o)
                0x000304e8                _PathLocale
                0x000304ec                __mlocale_changed
                0x000304f0                __nlocale_changed
 .sbss          0x000304f4        0xc ../final_tsp_bsp//libhal_bsp.a(alt_main.o)
                0x000304f4                alt_argc
                0x000304f8                alt_argv
                0x000304fc                alt_envp
 .sbss          0x00030500        0x4 ../final_tsp_bsp//libhal_bsp.a(alt_irq_vars.o)
                0x00030500                alt_irq_active
 .sbss          0x00030504        0x8 ../final_tsp_bsp//libhal_bsp.a(alt_tick.o)
                0x00030504                _alt_tick_rate
                0x00030508                _alt_nticks
 *(.sbss2 .sbss2.* .gnu.linkonce.sb2.*)
 *(.scommon)
                0x0003050c                PROVIDE (__sbss_end, ABSOLUTE (.))
                0x0003050c                PROVIDE (___sbss_end, ABSOLUTE (.))
 *(.dynbss)
 *(.bss .bss.* .gnu.linkonce.b.*)
 .bss           0x0003050c        0x0 ../final_tsp_bsp//obj/HAL/src/crt0.o
 .bss           0x0003050c        0x0 obj/default/hello_world.o
 .bss           0x0003050c        0x0 /home/pcmonkey/altera/13.1/nios2eds/bin/gnu/H-i686-pc-linux-gnu/bin/../lib/gcc/nios2-elf/4.7.3/mno-hw-mul/libgcc.a(lib2-mul.o)
 .bss           0x0003050c        0x0 /home/pcmonkey/altera/13.1/nios2eds/bin/gnu/H-i686-pc-linux-gnu/bin/../lib/gcc/nios2-elf/4.7.3/../../../../../H-i686-pc-linux-gnu/nios2-elf/lib/mno-hw-mul/libc.a(lib_a-atoi.o)
 .bss           0x0003050c        0x0 /home/pcmonkey/altera/13.1/nios2eds/bin/gnu/H-i686-pc-linux-gnu/bin/../lib/gcc/nios2-elf/4.7.3/../../../../../H-i686-pc-linux-gnu/nios2-elf/lib/mno-hw-mul/libc.a(lib_a-fclose.o)
 .bss           0x0003050c        0x0 /home/pcmonkey/altera/13.1/nios2eds/bin/gnu/H-i686-pc-linux-gnu/bin/../lib/gcc/nios2-elf/4.7.3/../../../../../H-i686-pc-linux-gnu/nios2-elf/lib/mno-hw-mul/libc.a(lib_a-fflush.o)
 .bss           0x0003050c        0x0 /home/pcmonkey/altera/13.1/nios2eds/bin/gnu/H-i686-pc-linux-gnu/bin/../lib/gcc/nios2-elf/4.7.3/../../../../../H-i686-pc-linux-gnu/nios2-elf/lib/mno-hw-mul/libc.a(lib_a-fgets.o)
 .bss           0x0003050c        0x0 /home/pcmonkey/altera/13.1/nios2eds/bin/gnu/H-i686-pc-linux-gnu/bin/../lib/gcc/nios2-elf/4.7.3/../../../../../H-i686-pc-linux-gnu/nios2-elf/lib/mno-hw-mul/libc.a(lib_a-findfp.o)
 .bss           0x0003050c        0x0 /home/pcmonkey/altera/13.1/nios2eds/bin/gnu/H-i686-pc-linux-gnu/bin/../lib/gcc/nios2-elf/4.7.3/../../../../../H-i686-pc-linux-gnu/nios2-elf/lib/mno-hw-mul/libc.a(lib_a-fopen.o)
 .bss           0x0003050c        0x0 /home/pcmonkey/altera/13.1/nios2eds/bin/gnu/H-i686-pc-linux-gnu/bin/../lib/gcc/nios2-elf/4.7.3/../../../../../H-i686-pc-linux-gnu/nios2-elf/lib/mno-hw-mul/libc.a(lib_a-fprintf.o)
 .bss           0x0003050c        0x0 /home/pcmonkey/altera/13.1/nios2eds/bin/gnu/H-i686-pc-linux-gnu/bin/../lib/gcc/nios2-elf/4.7.3/../../../../../H-i686-pc-linux-gnu/nios2-elf/lib/mno-hw-mul/libc.a(lib_a-freer.o)
 .bss           0x0003050c        0x0 /home/pcmonkey/altera/13.1/nios2eds/bin/gnu/H-i686-pc-linux-gnu/bin/../lib/gcc/nios2-elf/4.7.3/../../../../../H-i686-pc-linux-gnu/nios2-elf/lib/mno-hw-mul/libc.a(lib_a-fseek.o)
 .bss           0x0003050c        0x0 /home/pcmonkey/altera/13.1/nios2eds/bin/gnu/H-i686-pc-linux-gnu/bin/../lib/gcc/nios2-elf/4.7.3/../../../../../H-i686-pc-linux-gnu/nios2-elf/lib/mno-hw-mul/libc.a(lib_a-fstatr.o)
 .bss           0x0003050c        0x0 /home/pcmonkey/altera/13.1/nios2eds/bin/gnu/H-i686-pc-linux-gnu/bin/../lib/gcc/nios2-elf/4.7.3/../../../../../H-i686-pc-linux-gnu/nios2-elf/lib/mno-hw-mul/libc.a(lib_a-fwalk.o)
 .bss           0x0003050c        0x0 /home/pcmonkey/altera/13.1/nios2eds/bin/gnu/H-i686-pc-linux-gnu/bin/../lib/gcc/nios2-elf/4.7.3/../../../../../H-i686-pc-linux-gnu/nios2-elf/lib/mno-hw-mul/libc.a(lib_a-impure.o)
 .bss           0x0003050c        0x0 /home/pcmonkey/altera/13.1/nios2eds/bin/gnu/H-i686-pc-linux-gnu/bin/../lib/gcc/nios2-elf/4.7.3/../../../../../H-i686-pc-linux-gnu/nios2-elf/lib/mno-hw-mul/libc.a(lib_a-int_errno.o)
 .bss           0x0003050c        0x0 /home/pcmonkey/altera/13.1/nios2eds/bin/gnu/H-i686-pc-linux-gnu/bin/../lib/gcc/nios2-elf/4.7.3/../../../../../H-i686-pc-linux-gnu/nios2-elf/lib/mno-hw-mul/libc.a(lib_a-makebuf.o)
 .bss           0x0003050c       0x28 /home/pcmonkey/altera/13.1/nios2eds/bin/gnu/H-i686-pc-linux-gnu/bin/../lib/gcc/nios2-elf/4.7.3/../../../../../H-i686-pc-linux-gnu/nios2-elf/lib/mno-hw-mul/libc.a(lib_a-mallocr.o)
                0x0003050c                __malloc_current_mallinfo
 .bss           0x00030534        0x0 /home/pcmonkey/altera/13.1/nios2eds/bin/gnu/H-i686-pc-linux-gnu/bin/../lib/gcc/nios2-elf/4.7.3/../../../../../H-i686-pc-linux-gnu/nios2-elf/lib/mno-hw-mul/libc.a(lib_a-memchr.o)
 .bss           0x00030534        0x0 /home/pcmonkey/altera/13.1/nios2eds/bin/gnu/H-i686-pc-linux-gnu/bin/../lib/gcc/nios2-elf/4.7.3/../../../../../H-i686-pc-linux-gnu/nios2-elf/lib/mno-hw-mul/libc.a(lib_a-memcpy.o)
 .bss           0x00030534        0x0 /home/pcmonkey/altera/13.1/nios2eds/bin/gnu/H-i686-pc-linux-gnu/bin/../lib/gcc/nios2-elf/4.7.3/../../../../../H-i686-pc-linux-gnu/nios2-elf/lib/mno-hw-mul/libc.a(lib_a-memset.o)
 .bss           0x00030534        0x0 /home/pcmonkey/altera/13.1/nios2eds/bin/gnu/H-i686-pc-linux-gnu/bin/../lib/gcc/nios2-elf/4.7.3/../../../../../H-i686-pc-linux-gnu/nios2-elf/lib/mno-hw-mul/libc.a(lib_a-openr.o)
 .bss           0x00030534        0x0 /home/pcmonkey/altera/13.1/nios2eds/bin/gnu/H-i686-pc-linux-gnu/bin/../lib/gcc/nios2-elf/4.7.3/../../../../../H-i686-pc-linux-gnu/nios2-elf/lib/mno-hw-mul/libc.a(lib_a-puts.o)
 .bss           0x00030534        0x0 /home/pcmonkey/altera/13.1/nios2eds/bin/gnu/H-i686-pc-linux-gnu/bin/../lib/gcc/nios2-elf/4.7.3/../../../../../H-i686-pc-linux-gnu/nios2-elf/lib/mno-hw-mul/libc.a(lib_a-refill.o)
 .bss           0x00030534        0x0 /home/pcmonkey/altera/13.1/nios2eds/bin/gnu/H-i686-pc-linux-gnu/bin/../lib/gcc/nios2-elf/4.7.3/../../../../../H-i686-pc-linux-gnu/nios2-elf/lib/mno-hw-mul/libc.a(lib_a-sbrkr.o)
 .bss           0x00030534        0x0 /home/pcmonkey/altera/13.1/nios2eds/bin/gnu/H-i686-pc-linux-gnu/bin/../lib/gcc/nios2-elf/4.7.3/../../../../../H-i686-pc-linux-gnu/nios2-elf/lib/mno-hw-mul/libc.a(lib_a-stdio.o)
 .bss           0x00030534        0x0 /home/pcmonkey/altera/13.1/nios2eds/bin/gnu/H-i686-pc-linux-gnu/bin/../lib/gcc/nios2-elf/4.7.3/../../../../../H-i686-pc-linux-gnu/nios2-elf/lib/mno-hw-mul/libc.a(lib_a-strlen.o)
 .bss           0x00030534        0x0 /home/pcmonkey/altera/13.1/nios2eds/bin/gnu/H-i686-pc-linux-gnu/bin/../lib/gcc/nios2-elf/4.7.3/../../../../../H-i686-pc-linux-gnu/nios2-elf/lib/mno-hw-mul/libc.a(lib_a-strtol.o)
 .bss           0x00030534        0x0 /home/pcmonkey/altera/13.1/nios2eds/bin/gnu/H-i686-pc-linux-gnu/bin/../lib/gcc/nios2-elf/4.7.3/../../../../../H-i686-pc-linux-gnu/nios2-elf/lib/mno-hw-mul/libc.a(lib_a-vfprintf.o)
 .bss           0x00030534        0x0 /home/pcmonkey/altera/13.1/nios2eds/bin/gnu/H-i686-pc-linux-gnu/bin/../lib/gcc/nios2-elf/4.7.3/../../../../../H-i686-pc-linux-gnu/nios2-elf/lib/mno-hw-mul/libc.a(lib_a-writer.o)
 .bss           0x00030534        0x0 /home/pcmonkey/altera/13.1/nios2eds/bin/gnu/H-i686-pc-linux-gnu/bin/../lib/gcc/nios2-elf/4.7.3/../../../../../H-i686-pc-linux-gnu/nios2-elf/lib/mno-hw-mul/libc.a(lib_a-wsetup.o)
 .bss           0x00030534        0x0 /home/pcmonkey/altera/13.1/nios2eds/bin/gnu/H-i686-pc-linux-gnu/bin/../lib/gcc/nios2-elf/4.7.3/../../../../../H-i686-pc-linux-gnu/nios2-elf/lib/mno-hw-mul/libc.a(lib_a-closer.o)
 .bss           0x00030534        0x0 /home/pcmonkey/altera/13.1/nios2eds/bin/gnu/H-i686-pc-linux-gnu/bin/../lib/gcc/nios2-elf/4.7.3/../../../../../H-i686-pc-linux-gnu/nios2-elf/lib/mno-hw-mul/libc.a(lib_a-ctype_.o)
 .bss           0x00030534        0x0 /home/pcmonkey/altera/13.1/nios2eds/bin/gnu/H-i686-pc-linux-gnu/bin/../lib/gcc/nios2-elf/4.7.3/../../../../../H-i686-pc-linux-gnu/nios2-elf/lib/mno-hw-mul/libc.a(lib_a-dtoa.o)
 .bss           0x00030534        0x0 /home/pcmonkey/altera/13.1/nios2eds/bin/gnu/H-i686-pc-linux-gnu/bin/../lib/gcc/nios2-elf/4.7.3/../../../../../H-i686-pc-linux-gnu/nios2-elf/lib/mno-hw-mul/libc.a(lib_a-flags.o)
 .bss           0x00030534        0x0 /home/pcmonkey/altera/13.1/nios2eds/bin/gnu/H-i686-pc-linux-gnu/bin/../lib/gcc/nios2-elf/4.7.3/../../../../../H-i686-pc-linux-gnu/nios2-elf/lib/mno-hw-mul/libc.a(lib_a-fvwrite.o)
 .bss           0x00030534        0x0 /home/pcmonkey/altera/13.1/nios2eds/bin/gnu/H-i686-pc-linux-gnu/bin/../lib/gcc/nios2-elf/4.7.3/../../../../../H-i686-pc-linux-gnu/nios2-elf/lib/mno-hw-mul/libc.a(lib_a-isattyr.o)
 .bss           0x00030534        0x0 /home/pcmonkey/altera/13.1/nios2eds/bin/gnu/H-i686-pc-linux-gnu/bin/../lib/gcc/nios2-elf/4.7.3/../../../../../H-i686-pc-linux-gnu/nios2-elf/lib/mno-hw-mul/libc.a(lib_a-locale.o)
 .bss           0x00030534        0x0 /home/pcmonkey/altera/13.1/nios2eds/bin/gnu/H-i686-pc-linux-gnu/bin/../lib/gcc/nios2-elf/4.7.3/../../../../../H-i686-pc-linux-gnu/nios2-elf/lib/mno-hw-mul/libc.a(lib_a-lseekr.o)
 .bss           0x00030534        0x0 /home/pcmonkey/altera/13.1/nios2eds/bin/gnu/H-i686-pc-linux-gnu/bin/../lib/gcc/nios2-elf/4.7.3/../../../../../H-i686-pc-linux-gnu/nios2-elf/lib/mno-hw-mul/libc.a(lib_a-memmove.o)
 .bss           0x00030534        0x0 /home/pcmonkey/altera/13.1/nios2eds/bin/gnu/H-i686-pc-linux-gnu/bin/../lib/gcc/nios2-elf/4.7.3/../../../../../H-i686-pc-linux-gnu/nios2-elf/lib/mno-hw-mul/libc.a(lib_a-mprec.o)
 .bss           0x00030534        0x0 /home/pcmonkey/altera/13.1/nios2eds/bin/gnu/H-i686-pc-linux-gnu/bin/../lib/gcc/nios2-elf/4.7.3/../../../../../H-i686-pc-linux-gnu/nios2-elf/lib/mno-hw-mul/libc.a(lib_a-readr.o)
 .bss           0x00030534        0x0 /home/pcmonkey/altera/13.1/nios2eds/bin/gnu/H-i686-pc-linux-gnu/bin/../lib/gcc/nios2-elf/4.7.3/../../../../../H-i686-pc-linux-gnu/nios2-elf/lib/mno-hw-mul/libc.a(lib_a-reallocr.o)
 .bss           0x00030534        0x0 /home/pcmonkey/altera/13.1/nios2eds/bin/gnu/H-i686-pc-linux-gnu/bin/../lib/gcc/nios2-elf/4.7.3/../../../../../H-i686-pc-linux-gnu/nios2-elf/lib/mno-hw-mul/libc.a(lib_a-s_isinfd.o)
 .bss           0x00030534        0x0 /home/pcmonkey/altera/13.1/nios2eds/bin/gnu/H-i686-pc-linux-gnu/bin/../lib/gcc/nios2-elf/4.7.3/../../../../../H-i686-pc-linux-gnu/nios2-elf/lib/mno-hw-mul/libc.a(lib_a-s_isnand.o)
 .bss           0x00030534        0x0 /home/pcmonkey/altera/13.1/nios2eds/bin/gnu/H-i686-pc-linux-gnu/bin/../lib/gcc/nios2-elf/4.7.3/../../../../../H-i686-pc-linux-gnu/nios2-elf/lib/mno-hw-mul/libc.a(lib_a-strcmp.o)
 .bss           0x00030534        0x0 /home/pcmonkey/altera/13.1/nios2eds/bin/gnu/H-i686-pc-linux-gnu/bin/../lib/gcc/nios2-elf/4.7.3/../../../../../H-i686-pc-linux-gnu/nios2-elf/lib/mno-hw-mul/libc.a(lib_a-callocr.o)
 .bss           0x00030534        0x0 /home/pcmonkey/altera/13.1/nios2eds/bin/gnu/H-i686-pc-linux-gnu/bin/../lib/gcc/nios2-elf/4.7.3/mno-hw-mul/libgcc.a(_udivdi3.o)
 .bss           0x00030534        0x0 /home/pcmonkey/altera/13.1/nios2eds/bin/gnu/H-i686-pc-linux-gnu/bin/../lib/gcc/nios2-elf/4.7.3/mno-hw-mul/libgcc.a(_umoddi3.o)
 .bss           0x00030534        0x0 /home/pcmonkey/altera/13.1/nios2eds/bin/gnu/H-i686-pc-linux-gnu/bin/../lib/gcc/nios2-elf/4.7.3/mno-hw-mul/libgcc.a(_addsub_df.o)
 .bss           0x00030534        0x0 /home/pcmonkey/altera/13.1/nios2eds/bin/gnu/H-i686-pc-linux-gnu/bin/../lib/gcc/nios2-elf/4.7.3/mno-hw-mul/libgcc.a(_mul_df.o)
 .bss           0x00030534        0x0 /home/pcmonkey/altera/13.1/nios2eds/bin/gnu/H-i686-pc-linux-gnu/bin/../lib/gcc/nios2-elf/4.7.3/mno-hw-mul/libgcc.a(_div_df.o)
 .bss           0x00030534        0x0 /home/pcmonkey/altera/13.1/nios2eds/bin/gnu/H-i686-pc-linux-gnu/bin/../lib/gcc/nios2-elf/4.7.3/mno-hw-mul/libgcc.a(_eq_df.o)
 .bss           0x00030534        0x0 /home/pcmonkey/altera/13.1/nios2eds/bin/gnu/H-i686-pc-linux-gnu/bin/../lib/gcc/nios2-elf/4.7.3/mno-hw-mul/libgcc.a(_ne_df.o)
 .bss           0x00030534        0x0 /home/pcmonkey/altera/13.1/nios2eds/bin/gnu/H-i686-pc-linux-gnu/bin/../lib/gcc/nios2-elf/4.7.3/mno-hw-mul/libgcc.a(_gt_df.o)
 .bss           0x00030534        0x0 /home/pcmonkey/altera/13.1/nios2eds/bin/gnu/H-i686-pc-linux-gnu/bin/../lib/gcc/nios2-elf/4.7.3/mno-hw-mul/libgcc.a(_ge_df.o)
 .bss           0x00030534        0x0 /home/pcmonkey/altera/13.1/nios2eds/bin/gnu/H-i686-pc-linux-gnu/bin/../lib/gcc/nios2-elf/4.7.3/mno-hw-mul/libgcc.a(_lt_df.o)
 .bss           0x00030534        0x0 /home/pcmonkey/altera/13.1/nios2eds/bin/gnu/H-i686-pc-linux-gnu/bin/../lib/gcc/nios2-elf/4.7.3/mno-hw-mul/libgcc.a(_si_to_df.o)
 .bss           0x00030534        0x0 /home/pcmonkey/altera/13.1/nios2eds/bin/gnu/H-i686-pc-linux-gnu/bin/../lib/gcc/nios2-elf/4.7.3/mno-hw-mul/libgcc.a(_df_to_si.o)
 .bss           0x00030534        0x0 /home/pcmonkey/altera/13.1/nios2eds/bin/gnu/H-i686-pc-linux-gnu/bin/../lib/gcc/nios2-elf/4.7.3/mno-hw-mul/libgcc.a(_thenan_df.o)
 .bss           0x00030534        0x0 /home/pcmonkey/altera/13.1/nios2eds/bin/gnu/H-i686-pc-linux-gnu/bin/../lib/gcc/nios2-elf/4.7.3/mno-hw-mul/libgcc.a(_usi_to_df.o)
 .bss           0x00030534        0x0 /home/pcmonkey/altera/13.1/nios2eds/bin/gnu/H-i686-pc-linux-gnu/bin/../lib/gcc/nios2-elf/4.7.3/mno-hw-mul/libgcc.a(lib2-divmod.o)
 .bss           0x00030534        0x0 /home/pcmonkey/altera/13.1/nios2eds/bin/gnu/H-i686-pc-linux-gnu/bin/../lib/gcc/nios2-elf/4.7.3/mno-hw-mul/libgcc.a(_muldi3.o)
 .bss           0x00030534        0x0 /home/pcmonkey/altera/13.1/nios2eds/bin/gnu/H-i686-pc-linux-gnu/bin/../lib/gcc/nios2-elf/4.7.3/mno-hw-mul/libgcc.a(_clz.o)
 .bss           0x00030534        0x0 /home/pcmonkey/altera/13.1/nios2eds/bin/gnu/H-i686-pc-linux-gnu/bin/../lib/gcc/nios2-elf/4.7.3/mno-hw-mul/libgcc.a(_clzsi2.o)
 .bss           0x00030534        0x0 /home/pcmonkey/altera/13.1/nios2eds/bin/gnu/H-i686-pc-linux-gnu/bin/../lib/gcc/nios2-elf/4.7.3/mno-hw-mul/libgcc.a(_pack_df.o)
 .bss           0x00030534        0x0 /home/pcmonkey/altera/13.1/nios2eds/bin/gnu/H-i686-pc-linux-gnu/bin/../lib/gcc/nios2-elf/4.7.3/mno-hw-mul/libgcc.a(_unpack_df.o)
 .bss           0x00030534        0x0 /home/pcmonkey/altera/13.1/nios2eds/bin/gnu/H-i686-pc-linux-gnu/bin/../lib/gcc/nios2-elf/4.7.3/mno-hw-mul/libgcc.a(_fpcmp_parts_df.o)
 .bss           0x00030534        0x0 /home/pcmonkey/altera/13.1/nios2eds/bin/gnu/H-i686-pc-linux-gnu/bin/../lib/gcc/nios2-elf/4.7.3/mno-hw-mul/libgcc.a(_lshrdi3.o)
 .bss           0x00030534        0x0 /home/pcmonkey/altera/13.1/nios2eds/bin/gnu/H-i686-pc-linux-gnu/bin/../lib/gcc/nios2-elf/4.7.3/mno-hw-mul/libgcc.a(_ashldi3.o)
 .bss           0x00030534        0x0 ../final_tsp_bsp//libhal_bsp.a(alt_close.o)
 .bss           0x00030534        0x0 ../final_tsp_bsp//libhal_bsp.a(alt_dev.o)
 .bss           0x00030534        0x0 ../final_tsp_bsp//libhal_bsp.a(alt_errno.o)
 .bss           0x00030534        0x0 ../final_tsp_bsp//libhal_bsp.a(alt_fstat.o)
 .bss           0x00030534        0x0 ../final_tsp_bsp//libhal_bsp.a(alt_isatty.o)
 .bss           0x00030534        0x0 ../final_tsp_bsp//libhal_bsp.a(alt_load.o)
 .bss           0x00030534        0x0 ../final_tsp_bsp//libhal_bsp.a(alt_lseek.o)
 .bss           0x00030534        0x0 ../final_tsp_bsp//libhal_bsp.a(alt_main.o)
 .bss           0x00030534        0x0 ../final_tsp_bsp//libhal_bsp.a(alt_malloc_lock.o)
 .bss           0x00030534        0x0 ../final_tsp_bsp//libhal_bsp.a(alt_open.o)
 .bss           0x00030534        0x0 ../final_tsp_bsp//libhal_bsp.a(alt_read.o)
 .bss           0x00030534        0x0 ../final_tsp_bsp//libhal_bsp.a(alt_release_fd.o)
 .bss           0x00030534        0x0 ../final_tsp_bsp//libhal_bsp.a(alt_sbrk.o)
 .bss           0x00030534        0x0 ../final_tsp_bsp//libhal_bsp.a(alt_usleep.o)
 .bss           0x00030534        0x0 ../final_tsp_bsp//libhal_bsp.a(alt_write.o)
 .bss           0x00030534        0x0 ../final_tsp_bsp//libhal_bsp.a(alt_sys_init.o)
 .bss           0x00030534        0x0 ../final_tsp_bsp//libhal_bsp.a(altera_avalon_jtag_uart_fd.o)
 .bss           0x00030534        0x0 ../final_tsp_bsp//libhal_bsp.a(altera_avalon_jtag_uart_read.o)
 .bss           0x00030534        0x0 ../final_tsp_bsp//libhal_bsp.a(altera_avalon_jtag_uart_write.o)
 .bss           0x00030534        0x0 ../final_tsp_bsp//libhal_bsp.a(altera_avalon_timer_sc.o)
 .bss           0x00030534        0x0 ../final_tsp_bsp//libhal_bsp.a(altera_hostfs.o)
 .bss           0x00030534        0x0 ../final_tsp_bsp//libhal_bsp.a(alt_busy_sleep.o)
 .bss           0x00030534        0x0 ../final_tsp_bsp//libhal_bsp.a(alt_dcache_flush_all.o)
 .bss           0x00030534        0x0 ../final_tsp_bsp//libhal_bsp.a(alt_dev_llist_insert.o)
 .bss           0x00030534        0x0 ../final_tsp_bsp//libhal_bsp.a(alt_find_dev.o)
 .bss           0x00030534        0x0 ../final_tsp_bsp//libhal_bsp.a(alt_find_file.o)
 .bss           0x00030534        0x0 ../final_tsp_bsp//libhal_bsp.a(alt_fs_reg.o)
 .bss           0x00030534        0x0 ../final_tsp_bsp//libhal_bsp.a(alt_get_fd.o)
 .bss           0x00030534        0x0 ../final_tsp_bsp//libhal_bsp.a(alt_icache_flush_all.o)
 .bss           0x00030534        0x0 ../final_tsp_bsp//libhal_bsp.a(alt_iic.o)
 .bss           0x00030534        0x0 ../final_tsp_bsp//libhal_bsp.a(alt_iic_isr_register.o)
 .bss           0x00030534        0x0 ../final_tsp_bsp//libhal_bsp.a(alt_io_redirect.o)
 .bss           0x00030534        0x0 ../final_tsp_bsp//libhal_bsp.a(alt_irq_entry.o)
 .bss           0x00030534        0x0 ../final_tsp_bsp//libhal_bsp.a(alt_irq_handler.o)
 .bss           0x00030534        0x0 ../final_tsp_bsp//libhal_bsp.a(alt_irq_vars.o)
 .bss           0x00030534        0x0 ../final_tsp_bsp//libhal_bsp.a(alt_tick.o)
 .bss           0x00030534        0x0 ../final_tsp_bsp//libhal_bsp.a(altera_nios2_qsys_irq.o)
 .bss           0x00030534        0x0 ../final_tsp_bsp//libhal_bsp.a(alt_exception_entry.o)
 .bss           0x00030534        0x0 ../final_tsp_bsp//libhal_bsp.a(alt_icache_flush.o)
 .bss           0x00030534        0x0 /home/pcmonkey/altera/13.1/nios2eds/bin/gnu/H-i686-pc-linux-gnu/bin/../lib/gcc/nios2-elf/4.7.3/../../../../../H-i686-pc-linux-gnu/nios2-elf/lib/mno-hw-mul/libc.a(lib_a-exit.o)
 .bss           0x00030534        0x0 /home/pcmonkey/altera/13.1/nios2eds/bin/gnu/H-i686-pc-linux-gnu/bin/../lib/gcc/nios2-elf/4.7.3/../../../../../H-i686-pc-linux-gnu/nios2-elf/lib/mno-hw-mul/libc.a(lib_a-memcmp.o)
 .bss           0x00030534        0x0 /home/pcmonkey/altera/13.1/nios2eds/bin/gnu/H-i686-pc-linux-gnu/bin/../lib/gcc/nios2-elf/4.7.3/../../../../../H-i686-pc-linux-gnu/nios2-elf/lib/mno-hw-mul/libc.a(lib_a-__call_atexit.o)
 .bss           0x00030534        0x0 ../final_tsp_bsp//libhal_bsp.a(alt_exit.o)
 *(COMMON)
 COMMON         0x00030534      0x100 ../final_tsp_bsp//libhal_bsp.a(alt_irq_handler.o)
                0x00030534                alt_irq
                0x00030634                . = ALIGN (0x4)
                0x00030634                __bss_end = ABSOLUTE (.)

.tightly_coupled_instruction_memory
                0x00030634        0x0
                0x00030634                PROVIDE (_alt_partition_tightly_coupled_instruction_memory_start, ABSOLUTE (.))
 *(.tightly_coupled_instruction_memory .tightly_coupled_instruction_memory. tightly_coupled_instruction_memory.*)
                0x00030634                . = ALIGN (0x4)
                0x00030634                PROVIDE (_alt_partition_tightly_coupled_instruction_memory_end, ABSOLUTE (.))
                0x00030634                _end = ABSOLUTE (.)
                0x00030634                end = ABSOLUTE (.)
                0x00030634                __alt_stack_base = ABSOLUTE (.)
                0x00030634                PROVIDE (_alt_partition_tightly_coupled_instruction_memory_load_addr, LOADADDR (.tightly_coupled_instruction_memory))

.tightly_coupled_data_memory
                0x00040000        0x0 load address 0x00030634
                0x00040000                PROVIDE (_alt_partition_tightly_coupled_data_memory_start, ABSOLUTE (.))
 *(.tightly_coupled_data_memory .tightly_coupled_data_memory. tightly_coupled_data_memory.*)
                0x00040000                . = ALIGN (0x4)
                0x00040000                PROVIDE (_alt_partition_tightly_coupled_data_memory_end, ABSOLUTE (.))
                0x00030634                PROVIDE (_alt_partition_tightly_coupled_data_memory_load_addr, LOADADDR (.tightly_coupled_data_memory))

.stab
 *(.stab)

.stabstr
 *(.stabstr)

.stab.excl
 *(.stab.excl)

.stab.exclstr
 *(.stab.exclstr)

.stab.index
 *(.stab.index)

.stab.indexstr
 *(.stab.indexstr)

.comment        0x00000000       0x23
 *(.comment)
 .comment       0x00000000       0x23 obj/default/hello_world.o
                                 0x24 (size before relaxing)
 .comment       0x00000000       0x24 /home/pcmonkey/altera/13.1/nios2eds/bin/gnu/H-i686-pc-linux-gnu/bin/../lib/gcc/nios2-elf/4.7.3/mno-hw-mul/libgcc.a(lib2-mul.o)
 .comment       0x00000000       0x24 /home/pcmonkey/altera/13.1/nios2eds/bin/gnu/H-i686-pc-linux-gnu/bin/../lib/gcc/nios2-elf/4.7.3/../../../../../H-i686-pc-linux-gnu/nios2-elf/lib/mno-hw-mul/libc.a(lib_a-atoi.o)
 .comment       0x00000000       0x24 /home/pcmonkey/altera/13.1/nios2eds/bin/gnu/H-i686-pc-linux-gnu/bin/../lib/gcc/nios2-elf/4.7.3/../../../../../H-i686-pc-linux-gnu/nios2-elf/lib/mno-hw-mul/libc.a(lib_a-fclose.o)
 .comment       0x00000000       0x24 /home/pcmonkey/altera/13.1/nios2eds/bin/gnu/H-i686-pc-linux-gnu/bin/../lib/gcc/nios2-elf/4.7.3/../../../../../H-i686-pc-linux-gnu/nios2-elf/lib/mno-hw-mul/libc.a(lib_a-fflush.o)
 .comment       0x00000000       0x24 /home/pcmonkey/altera/13.1/nios2eds/bin/gnu/H-i686-pc-linux-gnu/bin/../lib/gcc/nios2-elf/4.7.3/../../../../../H-i686-pc-linux-gnu/nios2-elf/lib/mno-hw-mul/libc.a(lib_a-fgets.o)
 .comment       0x00000000       0x24 /home/pcmonkey/altera/13.1/nios2eds/bin/gnu/H-i686-pc-linux-gnu/bin/../lib/gcc/nios2-elf/4.7.3/../../../../../H-i686-pc-linux-gnu/nios2-elf/lib/mno-hw-mul/libc.a(lib_a-findfp.o)
 .comment       0x00000000       0x24 /home/pcmonkey/altera/13.1/nios2eds/bin/gnu/H-i686-pc-linux-gnu/bin/../lib/gcc/nios2-elf/4.7.3/../../../../../H-i686-pc-linux-gnu/nios2-elf/lib/mno-hw-mul/libc.a(lib_a-fopen.o)
 .comment       0x00000000       0x24 /home/pcmonkey/altera/13.1/nios2eds/bin/gnu/H-i686-pc-linux-gnu/bin/../lib/gcc/nios2-elf/4.7.3/../../../../../H-i686-pc-linux-gnu/nios2-elf/lib/mno-hw-mul/libc.a(lib_a-fprintf.o)
 .comment       0x00000000       0x24 /home/pcmonkey/altera/13.1/nios2eds/bin/gnu/H-i686-pc-linux-gnu/bin/../lib/gcc/nios2-elf/4.7.3/../../../../../H-i686-pc-linux-gnu/nios2-elf/lib/mno-hw-mul/libc.a(lib_a-freer.o)
 .comment       0x00000000       0x24 /home/pcmonkey/altera/13.1/nios2eds/bin/gnu/H-i686-pc-linux-gnu/bin/../lib/gcc/nios2-elf/4.7.3/../../../../../H-i686-pc-linux-gnu/nios2-elf/lib/mno-hw-mul/libc.a(lib_a-fseek.o)
 .comment       0x00000000       0x24 /home/pcmonkey/altera/13.1/nios2eds/bin/gnu/H-i686-pc-linux-gnu/bin/../lib/gcc/nios2-elf/4.7.3/../../../../../H-i686-pc-linux-gnu/nios2-elf/lib/mno-hw-mul/libc.a(lib_a-fstatr.o)
 .comment       0x00000000       0x24 /home/pcmonkey/altera/13.1/nios2eds/bin/gnu/H-i686-pc-linux-gnu/bin/../lib/gcc/nios2-elf/4.7.3/../../../../../H-i686-pc-linux-gnu/nios2-elf/lib/mno-hw-mul/libc.a(lib_a-fwalk.o)
 .comment       0x00000000       0x24 /home/pcmonkey/altera/13.1/nios2eds/bin/gnu/H-i686-pc-linux-gnu/bin/../lib/gcc/nios2-elf/4.7.3/../../../../../H-i686-pc-linux-gnu/nios2-elf/lib/mno-hw-mul/libc.a(lib_a-impure.o)
 .comment       0x00000000       0x24 /home/pcmonkey/altera/13.1/nios2eds/bin/gnu/H-i686-pc-linux-gnu/bin/../lib/gcc/nios2-elf/4.7.3/../../../../../H-i686-pc-linux-gnu/nios2-elf/lib/mno-hw-mul/libc.a(lib_a-int_errno.o)
 .comment       0x00000000       0x24 /home/pcmonkey/altera/13.1/nios2eds/bin/gnu/H-i686-pc-linux-gnu/bin/../lib/gcc/nios2-elf/4.7.3/../../../../../H-i686-pc-linux-gnu/nios2-elf/lib/mno-hw-mul/libc.a(lib_a-makebuf.o)
 .comment       0x00000000       0x24 /home/pcmonkey/altera/13.1/nios2eds/bin/gnu/H-i686-pc-linux-gnu/bin/../lib/gcc/nios2-elf/4.7.3/../../../../../H-i686-pc-linux-gnu/nios2-elf/lib/mno-hw-mul/libc.a(lib_a-mallocr.o)
 .comment       0x00000000       0x24 /home/pcmonkey/altera/13.1/nios2eds/bin/gnu/H-i686-pc-linux-gnu/bin/../lib/gcc/nios2-elf/4.7.3/../../../../../H-i686-pc-linux-gnu/nios2-elf/lib/mno-hw-mul/libc.a(lib_a-memchr.o)
 .comment       0x00000000       0x24 /home/pcmonkey/altera/13.1/nios2eds/bin/gnu/H-i686-pc-linux-gnu/bin/../lib/gcc/nios2-elf/4.7.3/../../../../../H-i686-pc-linux-gnu/nios2-elf/lib/mno-hw-mul/libc.a(lib_a-memcpy.o)
 .comment       0x00000000       0x24 /home/pcmonkey/altera/13.1/nios2eds/bin/gnu/H-i686-pc-linux-gnu/bin/../lib/gcc/nios2-elf/4.7.3/../../../../../H-i686-pc-linux-gnu/nios2-elf/lib/mno-hw-mul/libc.a(lib_a-memset.o)
 .comment       0x00000000       0x24 /home/pcmonkey/altera/13.1/nios2eds/bin/gnu/H-i686-pc-linux-gnu/bin/../lib/gcc/nios2-elf/4.7.3/../../../../../H-i686-pc-linux-gnu/nios2-elf/lib/mno-hw-mul/libc.a(lib_a-openr.o)
 .comment       0x00000000       0x24 /home/pcmonkey/altera/13.1/nios2eds/bin/gnu/H-i686-pc-linux-gnu/bin/../lib/gcc/nios2-elf/4.7.3/../../../../../H-i686-pc-linux-gnu/nios2-elf/lib/mno-hw-mul/libc.a(lib_a-puts.o)
 .comment       0x00000000       0x24 /home/pcmonkey/altera/13.1/nios2eds/bin/gnu/H-i686-pc-linux-gnu/bin/../lib/gcc/nios2-elf/4.7.3/../../../../../H-i686-pc-linux-gnu/nios2-elf/lib/mno-hw-mul/libc.a(lib_a-refill.o)
 .comment       0x00000000       0x24 /home/pcmonkey/altera/13.1/nios2eds/bin/gnu/H-i686-pc-linux-gnu/bin/../lib/gcc/nios2-elf/4.7.3/../../../../../H-i686-pc-linux-gnu/nios2-elf/lib/mno-hw-mul/libc.a(lib_a-sbrkr.o)
 .comment       0x00000000       0x24 /home/pcmonkey/altera/13.1/nios2eds/bin/gnu/H-i686-pc-linux-gnu/bin/../lib/gcc/nios2-elf/4.7.3/../../../../../H-i686-pc-linux-gnu/nios2-elf/lib/mno-hw-mul/libc.a(lib_a-stdio.o)
 .comment       0x00000000       0x24 /home/pcmonkey/altera/13.1/nios2eds/bin/gnu/H-i686-pc-linux-gnu/bin/../lib/gcc/nios2-elf/4.7.3/../../../../../H-i686-pc-linux-gnu/nios2-elf/lib/mno-hw-mul/libc.a(lib_a-strlen.o)
 .comment       0x00000000       0x24 /home/pcmonkey/altera/13.1/nios2eds/bin/gnu/H-i686-pc-linux-gnu/bin/../lib/gcc/nios2-elf/4.7.3/../../../../../H-i686-pc-linux-gnu/nios2-elf/lib/mno-hw-mul/libc.a(lib_a-strtol.o)
 .comment       0x00000000       0x24 /home/pcmonkey/altera/13.1/nios2eds/bin/gnu/H-i686-pc-linux-gnu/bin/../lib/gcc/nios2-elf/4.7.3/../../../../../H-i686-pc-linux-gnu/nios2-elf/lib/mno-hw-mul/libc.a(lib_a-vfprintf.o)
 .comment       0x00000000       0x24 /home/pcmonkey/altera/13.1/nios2eds/bin/gnu/H-i686-pc-linux-gnu/bin/../lib/gcc/nios2-elf/4.7.3/../../../../../H-i686-pc-linux-gnu/nios2-elf/lib/mno-hw-mul/libc.a(lib_a-writer.o)
 .comment       0x00000000       0x24 /home/pcmonkey/altera/13.1/nios2eds/bin/gnu/H-i686-pc-linux-gnu/bin/../lib/gcc/nios2-elf/4.7.3/../../../../../H-i686-pc-linux-gnu/nios2-elf/lib/mno-hw-mul/libc.a(lib_a-wsetup.o)
 .comment       0x00000000       0x24 /home/pcmonkey/altera/13.1/nios2eds/bin/gnu/H-i686-pc-linux-gnu/bin/../lib/gcc/nios2-elf/4.7.3/../../../../../H-i686-pc-linux-gnu/nios2-elf/lib/mno-hw-mul/libc.a(lib_a-closer.o)
 .comment       0x00000000       0x24 /home/pcmonkey/altera/13.1/nios2eds/bin/gnu/H-i686-pc-linux-gnu/bin/../lib/gcc/nios2-elf/4.7.3/../../../../../H-i686-pc-linux-gnu/nios2-elf/lib/mno-hw-mul/libc.a(lib_a-ctype_.o)
 .comment       0x00000000       0x24 /home/pcmonkey/altera/13.1/nios2eds/bin/gnu/H-i686-pc-linux-gnu/bin/../lib/gcc/nios2-elf/4.7.3/../../../../../H-i686-pc-linux-gnu/nios2-elf/lib/mno-hw-mul/libc.a(lib_a-dtoa.o)
 .comment       0x00000000       0x24 /home/pcmonkey/altera/13.1/nios2eds/bin/gnu/H-i686-pc-linux-gnu/bin/../lib/gcc/nios2-elf/4.7.3/../../../../../H-i686-pc-linux-gnu/nios2-elf/lib/mno-hw-mul/libc.a(lib_a-flags.o)
 .comment       0x00000000       0x24 /home/pcmonkey/altera/13.1/nios2eds/bin/gnu/H-i686-pc-linux-gnu/bin/../lib/gcc/nios2-elf/4.7.3/../../../../../H-i686-pc-linux-gnu/nios2-elf/lib/mno-hw-mul/libc.a(lib_a-fvwrite.o)
 .comment       0x00000000       0x24 /home/pcmonkey/altera/13.1/nios2eds/bin/gnu/H-i686-pc-linux-gnu/bin/../lib/gcc/nios2-elf/4.7.3/../../../../../H-i686-pc-linux-gnu/nios2-elf/lib/mno-hw-mul/libc.a(lib_a-isattyr.o)
 .comment       0x00000000       0x24 /home/pcmonkey/altera/13.1/nios2eds/bin/gnu/H-i686-pc-linux-gnu/bin/../lib/gcc/nios2-elf/4.7.3/../../../../../H-i686-pc-linux-gnu/nios2-elf/lib/mno-hw-mul/libc.a(lib_a-locale.o)
 .comment       0x00000000       0x24 /home/pcmonkey/altera/13.1/nios2eds/bin/gnu/H-i686-pc-linux-gnu/bin/../lib/gcc/nios2-elf/4.7.3/../../../../../H-i686-pc-linux-gnu/nios2-elf/lib/mno-hw-mul/libc.a(lib_a-lseekr.o)
 .comment       0x00000000       0x24 /home/pcmonkey/altera/13.1/nios2eds/bin/gnu/H-i686-pc-linux-gnu/bin/../lib/gcc/nios2-elf/4.7.3/../../../../../H-i686-pc-linux-gnu/nios2-elf/lib/mno-hw-mul/libc.a(lib_a-memmove.o)
 .comment       0x00000000       0x24 /home/pcmonkey/altera/13.1/nios2eds/bin/gnu/H-i686-pc-linux-gnu/bin/../lib/gcc/nios2-elf/4.7.3/../../../../../H-i686-pc-linux-gnu/nios2-elf/lib/mno-hw-mul/libc.a(lib_a-mprec.o)
 .comment       0x00000000       0x24 /home/pcmonkey/altera/13.1/nios2eds/bin/gnu/H-i686-pc-linux-gnu/bin/../lib/gcc/nios2-elf/4.7.3/../../../../../H-i686-pc-linux-gnu/nios2-elf/lib/mno-hw-mul/libc.a(lib_a-readr.o)
 .comment       0x00000000       0x24 /home/pcmonkey/altera/13.1/nios2eds/bin/gnu/H-i686-pc-linux-gnu/bin/../lib/gcc/nios2-elf/4.7.3/../../../../../H-i686-pc-linux-gnu/nios2-elf/lib/mno-hw-mul/libc.a(lib_a-reallocr.o)
 .comment       0x00000000       0x24 /home/pcmonkey/altera/13.1/nios2eds/bin/gnu/H-i686-pc-linux-gnu/bin/../lib/gcc/nios2-elf/4.7.3/../../../../../H-i686-pc-linux-gnu/nios2-elf/lib/mno-hw-mul/libc.a(lib_a-s_isinfd.o)
 .comment       0x00000000       0x24 /home/pcmonkey/altera/13.1/nios2eds/bin/gnu/H-i686-pc-linux-gnu/bin/../lib/gcc/nios2-elf/4.7.3/../../../../../H-i686-pc-linux-gnu/nios2-elf/lib/mno-hw-mul/libc.a(lib_a-s_isnand.o)
 .comment       0x00000000       0x24 /home/pcmonkey/altera/13.1/nios2eds/bin/gnu/H-i686-pc-linux-gnu/bin/../lib/gcc/nios2-elf/4.7.3/../../../../../H-i686-pc-linux-gnu/nios2-elf/lib/mno-hw-mul/libc.a(lib_a-strcmp.o)
 .comment       0x00000000       0x24 /home/pcmonkey/altera/13.1/nios2eds/bin/gnu/H-i686-pc-linux-gnu/bin/../lib/gcc/nios2-elf/4.7.3/../../../../../H-i686-pc-linux-gnu/nios2-elf/lib/mno-hw-mul/libc.a(lib_a-callocr.o)
 .comment       0x00000000       0x24 /home/pcmonkey/altera/13.1/nios2eds/bin/gnu/H-i686-pc-linux-gnu/bin/../lib/gcc/nios2-elf/4.7.3/mno-hw-mul/libgcc.a(_udivdi3.o)
 .comment       0x00000000       0x24 /home/pcmonkey/altera/13.1/nios2eds/bin/gnu/H-i686-pc-linux-gnu/bin/../lib/gcc/nios2-elf/4.7.3/mno-hw-mul/libgcc.a(_umoddi3.o)
 .comment       0x00000000       0x24 /home/pcmonkey/altera/13.1/nios2eds/bin/gnu/H-i686-pc-linux-gnu/bin/../lib/gcc/nios2-elf/4.7.3/mno-hw-mul/libgcc.a(_addsub_df.o)
 .comment       0x00000000       0x24 /home/pcmonkey/altera/13.1/nios2eds/bin/gnu/H-i686-pc-linux-gnu/bin/../lib/gcc/nios2-elf/4.7.3/mno-hw-mul/libgcc.a(_mul_df.o)
 .comment       0x00000000       0x24 /home/pcmonkey/altera/13.1/nios2eds/bin/gnu/H-i686-pc-linux-gnu/bin/../lib/gcc/nios2-elf/4.7.3/mno-hw-mul/libgcc.a(_div_df.o)
 .comment       0x00000000       0x24 /home/pcmonkey/altera/13.1/nios2eds/bin/gnu/H-i686-pc-linux-gnu/bin/../lib/gcc/nios2-elf/4.7.3/mno-hw-mul/libgcc.a(_eq_df.o)
 .comment       0x00000000       0x24 /home/pcmonkey/altera/13.1/nios2eds/bin/gnu/H-i686-pc-linux-gnu/bin/../lib/gcc/nios2-elf/4.7.3/mno-hw-mul/libgcc.a(_ne_df.o)
 .comment       0x00000000       0x24 /home/pcmonkey/altera/13.1/nios2eds/bin/gnu/H-i686-pc-linux-gnu/bin/../lib/gcc/nios2-elf/4.7.3/mno-hw-mul/libgcc.a(_gt_df.o)
 .comment       0x00000000       0x24 /home/pcmonkey/altera/13.1/nios2eds/bin/gnu/H-i686-pc-linux-gnu/bin/../lib/gcc/nios2-elf/4.7.3/mno-hw-mul/libgcc.a(_ge_df.o)
 .comment       0x00000000       0x24 /home/pcmonkey/altera/13.1/nios2eds/bin/gnu/H-i686-pc-linux-gnu/bin/../lib/gcc/nios2-elf/4.7.3/mno-hw-mul/libgcc.a(_lt_df.o)
 .comment       0x00000000       0x24 /home/pcmonkey/altera/13.1/nios2eds/bin/gnu/H-i686-pc-linux-gnu/bin/../lib/gcc/nios2-elf/4.7.3/mno-hw-mul/libgcc.a(_si_to_df.o)
 .comment       0x00000000       0x24 /home/pcmonkey/altera/13.1/nios2eds/bin/gnu/H-i686-pc-linux-gnu/bin/../lib/gcc/nios2-elf/4.7.3/mno-hw-mul/libgcc.a(_df_to_si.o)
 .comment       0x00000000       0x24 /home/pcmonkey/altera/13.1/nios2eds/bin/gnu/H-i686-pc-linux-gnu/bin/../lib/gcc/nios2-elf/4.7.3/mno-hw-mul/libgcc.a(_thenan_df.o)
 .comment       0x00000000       0x24 /home/pcmonkey/altera/13.1/nios2eds/bin/gnu/H-i686-pc-linux-gnu/bin/../lib/gcc/nios2-elf/4.7.3/mno-hw-mul/libgcc.a(_usi_to_df.o)
 .comment       0x00000000       0x24 /home/pcmonkey/altera/13.1/nios2eds/bin/gnu/H-i686-pc-linux-gnu/bin/../lib/gcc/nios2-elf/4.7.3/mno-hw-mul/libgcc.a(lib2-divmod.o)
 .comment       0x00000000       0x24 /home/pcmonkey/altera/13.1/nios2eds/bin/gnu/H-i686-pc-linux-gnu/bin/../lib/gcc/nios2-elf/4.7.3/mno-hw-mul/libgcc.a(_muldi3.o)
 .comment       0x00000000       0x24 /home/pcmonkey/altera/13.1/nios2eds/bin/gnu/H-i686-pc-linux-gnu/bin/../lib/gcc/nios2-elf/4.7.3/mno-hw-mul/libgcc.a(_clz.o)
 .comment       0x00000000       0x24 /home/pcmonkey/altera/13.1/nios2eds/bin/gnu/H-i686-pc-linux-gnu/bin/../lib/gcc/nios2-elf/4.7.3/mno-hw-mul/libgcc.a(_clzsi2.o)
 .comment       0x00000000       0x24 /home/pcmonkey/altera/13.1/nios2eds/bin/gnu/H-i686-pc-linux-gnu/bin/../lib/gcc/nios2-elf/4.7.3/mno-hw-mul/libgcc.a(_pack_df.o)
 .comment       0x00000000       0x24 /home/pcmonkey/altera/13.1/nios2eds/bin/gnu/H-i686-pc-linux-gnu/bin/../lib/gcc/nios2-elf/4.7.3/mno-hw-mul/libgcc.a(_unpack_df.o)
 .comment       0x00000000       0x24 /home/pcmonkey/altera/13.1/nios2eds/bin/gnu/H-i686-pc-linux-gnu/bin/../lib/gcc/nios2-elf/4.7.3/mno-hw-mul/libgcc.a(_fpcmp_parts_df.o)
 .comment       0x00000000       0x24 /home/pcmonkey/altera/13.1/nios2eds/bin/gnu/H-i686-pc-linux-gnu/bin/../lib/gcc/nios2-elf/4.7.3/mno-hw-mul/libgcc.a(_lshrdi3.o)
 .comment       0x00000000       0x24 /home/pcmonkey/altera/13.1/nios2eds/bin/gnu/H-i686-pc-linux-gnu/bin/../lib/gcc/nios2-elf/4.7.3/mno-hw-mul/libgcc.a(_ashldi3.o)
 .comment       0x00000000       0x24 ../final_tsp_bsp//libhal_bsp.a(alt_close.o)
 .comment       0x00000000       0x24 ../final_tsp_bsp//libhal_bsp.a(alt_dev.o)
 .comment       0x00000000       0x24 ../final_tsp_bsp//libhal_bsp.a(alt_errno.o)
 .comment       0x00000000       0x24 ../final_tsp_bsp//libhal_bsp.a(alt_fstat.o)