Archive member included because of file (symbol)

/home/pcmonkey/altera/13.1/nios2eds/bin/gnu/H-i686-pc-linux-gnu/bin/../lib/gcc/nios2-elf/4.7.3/mno-hw-mul/libgcc.a(lib2-mul.o)
                              obj/default/hello_world.o (__mulsi3)
/home/pcmonkey/altera/13.1/nios2eds/bin/gnu/H-i686-pc-linux-gnu/bin/../lib/gcc/nios2-elf/4.7.3/../../../../../H-i686-pc-linux-gnu/nios2-elf/lib/mno-hw-mul/libc.a(lib_a-fclose.o)
                              obj/default/hello_world.o (fclose)
/home/pcmonkey/altera/13.1/nios2eds/bin/gnu/H-i686-pc-linux-gnu/bin/../lib/gcc/nios2-elf/4.7.3/../../../../../H-i686-pc-linux-gnu/nios2-elf/lib/mno-hw-mul/libc.a(lib_a-fflush.o)
                              /home/pcmonkey/altera/13.1/nios2eds/bin/gnu/H-i686-pc-linux-gnu/bin/../lib/gcc/nios2-elf/4.7.3/../../../../../H-i686-pc-linux-gnu/nios2-elf/lib/mno-hw-mul/libc.a(lib_a-fclose.o) (_fflush_r)
/home/pcmonkey/altera/13.1/nios2eds/bin/gnu/H-i686-pc-linux-gnu/bin/../lib/gcc/nios2-elf/4.7.3/../../../../../H-i686-pc-linux-gnu/nios2-elf/lib/mno-hw-mul/libc.a(lib_a-findfp.o)
                              /home/pcmonkey/altera/13.1/nios2eds/bin/gnu/H-i686-pc-linux-gnu/bin/../lib/gcc/nios2-elf/4.7.3/../../../../../H-i686-pc-linux-gnu/nios2-elf/lib/mno-hw-mul/libc.a(lib_a-fclose.o) (__sinit)
/home/pcmonkey/altera/13.1/nios2eds/bin/gnu/H-i686-pc-linux-gnu/bin/../lib/gcc/nios2-elf/4.7.3/../../../../../H-i686-pc-linux-gnu/nios2-elf/lib/mno-hw-mul/libc.a(lib_a-fopen.o)
                              obj/default/hello_world.o (fopen)
/home/pcmonkey/altera/13.1/nios2eds/bin/gnu/H-i686-pc-linux-gnu/bin/../lib/gcc/nios2-elf/4.7.3/../../../../../H-i686-pc-linux-gnu/nios2-elf/lib/mno-hw-mul/libc.a(lib_a-fprintf.o)
                              obj/default/hello_world.o (fprintf)
/home/pcmonkey/altera/13.1/nios2eds/bin/gnu/H-i686-pc-linux-gnu/bin/../lib/gcc/nios2-elf/4.7.3/../../../../../H-i686-pc-linux-gnu/nios2-elf/lib/mno-hw-mul/libc.a(lib_a-freer.o)
                              /home/pcmonkey/altera/13.1/nios2eds/bin/gnu/H-i686-pc-linux-gnu/bin/../lib/gcc/nios2-elf/4.7.3/../../../../../H-i686-pc-linux-gnu/nios2-elf/lib/mno-hw-mul/libc.a(lib_a-fclose.o) (_free_r)
/home/pcmonkey/altera/13.1/nios2eds/bin/gnu/H-i686-pc-linux-gnu/bin/../lib/gcc/nios2-elf/4.7.3/../../../../../H-i686-pc-linux-gnu/nios2-elf/lib/mno-hw-mul/libc.a(lib_a-fseek.o)
                              /home/pcmonkey/altera/13.1/nios2eds/bin/gnu/H-i686-pc-linux-gnu/bin/../lib/gcc/nios2-elf/4.7.3/../../../../../H-i686-pc-linux-gnu/nios2-elf/lib/mno-hw-mul/libc.a(lib_a-fopen.o) (_fseek_r)
/home/pcmonkey/altera/13.1/nios2eds/bin/gnu/H-i686-pc-linux-gnu/bin/../lib/gcc/nios2-elf/4.7.3/../../../../../H-i686-pc-linux-gnu/nios2-elf/lib/mno-hw-mul/libc.a(lib_a-fstatr.o)
                              /home/pcmonkey/altera/13.1/nios2eds/bin/gnu/H-i686-pc-linux-gnu/bin/../lib/gcc/nios2-elf/4.7.3/../../../../../H-i686-pc-linux-gnu/nios2-elf/lib/mno-hw-mul/libc.a(lib_a-fseek.o) (_fstat_r)
/home/pcmonkey/altera/13.1/nios2eds/bin/gnu/H-i686-pc-linux-gnu/bin/../lib/gcc/nios2-elf/4.7.3/../../../../../H-i686-pc-linux-gnu/nios2-elf/lib/mno-hw-mul/libc.a(lib_a-fwalk.o)
                              /home/pcmonkey/altera/13.1/nios2eds/bin/gnu/H-i686-pc-linux-gnu/bin/../lib/gcc/nios2-elf/4.7.3/../../../../../H-i686-pc-linux-gnu/nios2-elf/lib/mno-hw-mul/libc.a(lib_a-findfp.o) (_fwalk)
/home/pcmonkey/altera/13.1/nios2eds/bin/gnu/H-i686-pc-linux-gnu/bin/../lib/gcc/nios2-elf/4.7.3/../../../../../H-i686-pc-linux-gnu/nios2-elf/lib/mno-hw-mul/libc.a(lib_a-impure.o)
                              /home/pcmonkey/altera/13.1/nios2eds/bin/gnu/H-i686-pc-linux-gnu/bin/../lib/gcc/nios2-elf/4.7.3/../../../../../H-i686-pc-linux-gnu/nios2-elf/lib/mno-hw-mul/libc.a(lib_a-fflush.o) (_global_impure_ptr)
/home/pcmonkey/altera/13.1/nios2eds/bin/gnu/H-i686-pc-linux-gnu/bin/../lib/gcc/nios2-elf/4.7.3/../../../../../H-i686-pc-linux-gnu/nios2-elf/lib/mno-hw-mul/libc.a(lib_a-int_errno.o)
                              /home/pcmonkey/altera/13.1/nios2eds/bin/gnu/H-i686-pc-linux-gnu/bin/../lib/gcc/nios2-elf/4.7.3/../../../../../H-i686-pc-linux-gnu/nios2-elf/lib/mno-hw-mul/libc.a(lib_a-fstatr.o) (errno)
/home/pcmonkey/altera/13.1/nios2eds/bin/gnu/H-i686-pc-linux-gnu/bin/../lib/gcc/nios2-elf/4.7.3/../../../../../H-i686-pc-linux-gnu/nios2-elf/lib/mno-hw-mul/libc.a(lib_a-makebuf.o)
                              /home/pcmonkey/altera/13.1/nios2eds/bin/gnu/H-i686-pc-linux-gnu/bin/../lib/gcc/nios2-elf/4.7.3/../../../../../H-i686-pc-linux-gnu/nios2-elf/lib/mno-hw-mul/libc.a(lib_a-fseek.o) (__smakebuf_r)
/home/pcmonkey/altera/13.1/nios2eds/bin/gnu/H-i686-pc-linux-gnu/bin/../lib/gcc/nios2-elf/4.7.3/../../../../../H-i686-pc-linux-gnu/nios2-elf/lib/mno-hw-mul/libc.a(lib_a-mallocr.o)
                              /home/pcmonkey/altera/13.1/nios2eds/bin/gnu/H-i686-pc-linux-gnu/bin/../lib/gcc/nios2-elf/4.7.3/../../../../../H-i686-pc-linux-gnu/nios2-elf/lib/mno-hw-mul/libc.a(lib_a-findfp.o) (_malloc_r)
[...]
Memory Configuration

Name             Origin             Length             Attributes
reset            0x00020000         0x00000020
tightly_coupled_instruction_memory 0x00020020         0x00013860
tightly_coupled_data_memory 0x00040000         0x00004e20
*default*        0x00000000         0xffffffff

Linker script and memory map

LOAD ../final_tsp_bsp//obj/HAL/src/crt0.o
LOAD obj/default/hello_world.o
LOAD /home/pcmonkey/altera/13.1/nios2eds/bin/gnu/H-i686-pc-linux-gnu/bin/../lib/gcc/nios2-elf/4.7.3/../../../../../H-i686-pc-linux-gnu/nios2-elf/lib/mno-hw-mul/libstdc++.a
LOAD /home/pcmonkey/altera/13.1/nios2eds/bin/gnu/H-i686-pc-linux-gnu/bin/../lib/gcc/nios2-elf/4.7.3/../../../../../H-i686-pc-linux-gnu/nios2-elf/lib/mno-hw-mul/libm.a
LOAD /home/pcmonkey/altera/13.1/nios2eds/bin/gnu/H-i686-pc-linux-gnu/bin/../lib/gcc/nios2-elf/4.7.3/mno-hw-mul/libgcc.a
START GROUP
LOAD /home/pcmonkey/altera/13.1/nios2eds/bin/gnu/H-i686-pc-linux-gnu/bin/../lib/gcc/nios2-elf/4.7.3/../../../../../H-i686-pc-linux-gnu/nios2-elf/lib/mno-hw-mul/libc.a
LOAD /home/pcmonkey/altera/13.1/nios2eds/bin/gnu/H-i686-pc-linux-gnu/bin/../lib/gcc/nios2-elf/4.7.3/mno-hw-mul/libgcc.a
LOAD ../final_tsp_bsp//libhal_bsp.a
END GROUP
LOAD /home/pcmonkey/altera/13.1/nios2eds/bin/gnu/H-i686-pc-linux-gnu/bin/../lib/gcc/nios2-elf/4.7.3/mno-hw-mul/libgcc.a
                0x00020000                __alt_mem_tightly_coupled_instruction_memory = 0x20000
                0x00040000                __alt_mem_tightly_coupled_data_memory = 0x40000

.entry          0x00020000       0x20
 *(.entry)
 .entry         0x00020000       0x20 ../final_tsp_bsp//obj/HAL/src/crt0.o
                0x00020000                __reset

.exceptions     0x00020020      0x198
                0x00020020                PROVIDE (__ram_exceptions_start, ABSOLUTE (.))
                0x00020020                . = ALIGN (0x20)
 *(.irq)
 *(.exceptions.entry.label)
 .exceptions.entry.label
                0x00020020        0x0 ../final_tsp_bsp//libhal_bsp.a(alt_irq_entry.o)
                0x00020020                alt_irq_entry
 .exceptions.entry.label
                0x00020020        0x0 ../final_tsp_bsp//libhal_bsp.a(alt_exception_entry.o)
                0x00020020                alt_exception
 *(.exceptions.entry.user)
 *(.exceptions.entry.ecc_fatal)
 *(.exceptions.entry)
 .exceptions.entry
                0x00020020       0x54 ../final_tsp_bsp//libhal_bsp.a(alt_exception_entry.o)
 *(.exceptions.irqtest.user)
 *(.exceptions.irqtest)
 .exceptions.irqtest
                0x00020074       0x10 ../final_tsp_bsp//libhal_bsp.a(alt_irq_entry.o)
 *(.exceptions.irqhandler.user)
 *(.exceptions.irqhandler)
 .exceptions.irqhandler
                0x00020084        0x4 ../final_tsp_bsp//libhal_bsp.a(alt_irq_entry.o)
 *(.exceptions.irqreturn.user)
 *(.exceptions.irqreturn)
 .exceptions.irqreturn
                0x00020088        0x4 ../final_tsp_bsp//libhal_bsp.a(alt_irq_entry.o)
 *(.exceptions.notirq.label)
 .exceptions.notirq.label
                0x0002008c        0x0 ../final_tsp_bsp//libhal_bsp.a(alt_irq_entry.o)
 *(.exceptions.notirq.user)
 *(.exceptions.notirq)
 .exceptions.notirq
                0x0002008c        0x8 ../final_tsp_bsp//libhal_bsp.a(alt_exception_entry.o)
 *(.exceptions.soft.user)
 *(.exceptions.soft)
 *(.exceptions.unknown.user)
 *(.exceptions.unknown)
 .exceptions.unknown
                0x00020094        0x4 ../final_tsp_bsp//libhal_bsp.a(alt_exception_entry.o)
 *(.exceptions.exit.label)
 .exceptions.exit.label
                0x00020098        0x0 ../final_tsp_bsp//libhal_bsp.a(alt_irq_entry.o)
 .exceptions.exit.label
                0x00020098        0x0 ../final_tsp_bsp//libhal_bsp.a(alt_exception_entry.o)
 *(.exceptions.exit.user)
 *(.exceptions.exit)
 .exceptions.exit
                0x00020098       0x54 ../final_tsp_bsp//libhal_bsp.a(alt_exception_entry.o)
 *(.exceptions)
 .exceptions    0x000200ec       0xcc ../final_tsp_bsp//libhal_bsp.a(alt_irq_handler.o)
                0x000200ec                alt_irq_handler
                0x000201b8                PROVIDE (__ram_exceptions_end, ABSOLUTE (.))
                0x00020020                PROVIDE (__flash_exceptions_start, LOADADDR (.exceptions))

.text           0x000201b8     0xd684
                0x000201b8                PROVIDE (stext, ABSOLUTE (.))
 *(.interp)
 *(.hash)
 *(.dynsym)
 *(.dynstr)
 *(.gnu.version)
 *(.gnu.version_d)
 *(.gnu.version_r)
 *(.rel.init)
 *(.rela.init)
 *(.rel.text .rel.text.* .rel.gnu.linkonce.t.*)
 *(.rela.text .rela.text.* .rela.gnu.linkonce.t.*)
 *(.rel.fini)
 *(.rela.fini)
 *(.rel.rodata .rel.rodata.* .rel.gnu.linkonce.r.*)
 *(.rela.rodata .rela.rodata.* .rela.gnu.linkonce.r.*)
 *(.rel.data .rel.data.* .rel.gnu.linkonce.d.*)
 *(.rela.data .rela.data.* .rela.gnu.linkonce.d.*)
 *(.rel.tdata .rel.tdata.* .rel.gnu.linkonce.td.*)
 *(.rela.tdata .rela.tdata.* .rela.gnu.linkonce.td.*)
 *(.rel.tbss .rel.tbss.* .rel.gnu.linkonce.tb.*)
 *(.rela.tbss .rela.tbss.* .rela.gnu.linkonce.tb.*)
 *(.rel.ctors)
 *(.rela.ctors)
 *(.rel.dtors)
 *(.rela.dtors)
 *(.rel.got)
 *(.rela.got)
 *(.rel.sdata .rel.sdata.* .rel.gnu.linkonce.s.*)
 *(.rela.sdata .rela.sdata.* .rela.gnu.linkonce.s.*)
 *(.rel.sbss .rel.sbss.* .rel.gnu.linkonce.sb.*)
 *(.rela.sbss .rela.sbss.* .rela.gnu.linkonce.sb.*)
 *(.rel.sdata2 .rel.sdata2.* .rel.gnu.linkonce.s2.*)
 *(.rela.sdata2 .rela.sdata2.* .rela.gnu.linkonce.s2.*)
 *(.rel.sbss2 .rel.sbss2.* .rel.gnu.linkonce.sb2.*)
 *(.rela.sbss2 .rela.sbss2.* .rela.gnu.linkonce.sb2.*)
 *(.rel.bss .rel.bss.* .rel.gnu.linkonce.b.*)
 *(.rela.bss .rela.bss.* .rela.gnu.linkonce.b.*)
 *(.rel.plt)
 *(.rela.plt)
 *(.rel.dyn)
 *(.init)
 *(.plt)
 *(.text .stub .text.* .gnu.linkonce.t.*)
 .text          0x000201b8       0x4c ../final_tsp_bsp//obj/HAL/src/crt0.o
                0x000201b8                _start
 .text          0x00020204      0xc78 obj/default/hello_world.o
                0x00020204                About
                0x00020234                Menu1
                0x00020270                Menu2
                0x000202ac                Menu3
                0x000202e8                Menu4
                0x00020324                MapMenu1
                0x00020360                MapMenu2
                0x0002039c                MapMenu3
                0x000203d8                MapMenu4
                0x00020414                MapMenu5
                0x00020450                MapMenu6
                0x0002048c                MapMenu7
                0x000204c8                MainMap
                0x00020890                MainCalc
                0x00020c88                MainMenu
                0x00020e44                main
 .text          0x00020e7c       0x28 /home/pcmonkey/altera/13.1/nios2eds/bin/gnu/H-i686-pc-linux-gnu/bin/../lib/gcc/nios2-elf/4.7.3/mno-hw-mul/libgcc.a(lib2-mul.o)
                0x00020e7c                __mulsi3
 .text          0x00020ea4      0x150 /home/pcmonkey/altera/13.1/nios2eds/bin/gnu/H-i686-pc-linux-gnu/bin/../lib/gcc/nios2-elf/4.7.3/../../../../../H-i686-pc-linux-gnu/nios2-elf/lib/mno-hw-mul/libc.a(lib_a-fclose.o)
                0x00020ea4                _fclose_r
                0x00020fe0                fclose
 .text          0x00020ff4      0x218 /home/pcmonkey/altera/13.1/nios2eds/bin/gnu/H-i686-pc-linux-gnu/bin/../lib/gcc/nios2-elf/4.7.3/../../../../../H-i686-pc-linux-gnu/nios2-elf/lib/mno-hw-mul/libc.a(lib_a-fflush.o)
                0x00020ff4                _fflush_r
                0x000211dc                fflush
 .text          0x0002120c      0x2ec /home/pcmonkey/altera/13.1/nios2eds/bin/gnu/H-i686-pc-linux-gnu/bin/../lib/gcc/nios2-elf/4.7.3/../../../../../H-i686-pc-linux-gnu/nios2-elf/lib/mno-hw-mul/libc.a(lib_a-findfp.o)
                0x0002121c                _cleanup_r
                0x00021228                __sfmoreglue
                0x000212a0                _cleanup
                0x000212b0                __sinit
                0x000213bc                __sfp
                0x000214b8                __sfp_lock_acquire
                0x000214bc                __sfp_lock_release
                0x000214c0                __sinit_lock_acquire
                0x000214c4                __sinit_lock_release
                0x000214c8                __fp_lock_all
                0x000214e0                __fp_unlock_all
 .text          0x000214f8      0x14c /home/pcmonkey/altera/13.1/nios2eds/bin/gnu/H-i686-pc-linux-gnu/bin/../lib/gcc/nios2-elf/4.7.3/../../../../../H-i686-pc-linux-gnu/nios2-elf/lib/mno-hw-mul/libc.a(lib_a-fopen.o)
                0x000214f8                _fopen_r
                0x00021628                fopen
 .text          0x00021644       0x4c /home/pcmonkey/altera/13.1/nios2eds/bin/gnu/H-i686-pc-linux-gnu/bin/../lib/gcc/nios2-elf/4.7.3/../../../../../H-i686-pc-linux-gnu/nios2-elf/lib/mno-hw-mul/libc.a(lib_a-fprintf.o)
                0x00021644                _fprintf_r
                0x0002166c                fprintf
 .text          0x00021690      0x40c /home/pcmonkey/altera/13.1/nios2eds/bin/gnu/H-i686-pc-linux-gnu/bin/../lib/gcc/nios2-elf/4.7.3/../../../../../H-i686-pc-linux-gnu/nios2-elf/lib/mno-hw-mul/libc.a(lib_a-freer.o)
                0x00021690                _malloc_trim_r
                0x000217cc                _free_r
 .text          0x00021a9c      0x498 /home/pcmonkey/altera/13.1/nios2eds/bin/gnu/H-i686-pc-linux-gnu/bin/../lib/gcc/nios2-elf/4.7.3/../../../../../H-i686-pc-linux-gnu/nios2-elf/lib/mno-hw-mul/libc.a(lib_a-fseek.o)
                0x00021a9c                _fseek_r
                0x00021f10                fseek
 .text          0x00021f34       0x68 /home/pcmonkey/altera/13.1/nios2eds/bin/gnu/H-i686-pc-linux-gnu/bin/../lib/gcc/nios2-elf/4.7.3/../../../../../H-i686-pc-linux-gnu/nios2-elf/lib/mno-hw-mul/libc.a(lib_a-fstatr.o)
                0x00021f34                _fstat_r
 .text          0x00021f9c      0x160 /home/pcmonkey/altera/13.1/nios2eds/bin/gnu/H-i686-pc-linux-gnu/bin/../lib/gcc/nios2-elf/4.7.3/../../../../../H-i686-pc-linux-gnu/nios2-elf/lib/mno-hw-mul/libc.a(lib_a-fwalk.o)
                0x00021f9c                _fwalk
                0x00022044                _fwalk_reent
 .text          0x000220fc        0x0 /home/pcmonkey/altera/13.1/nios2eds/bin/gnu/H-i686-pc-linux-gnu/bin/../lib/gcc/nios2-elf/4.7.3/../../../../../H-i686-pc-linux-gnu/nios2-elf/lib/mno-hw-mul/libc.a(lib_a-impure.o)
 .text          0x000220fc        0x0 /home/pcmonkey/altera/13.1/nios2eds/bin/gnu/H-i686-pc-linux-gnu/bin/../lib/gcc/nios2-elf/4.7.3/../../../../../H-i686-pc-linux-gnu/nios2-elf/lib/mno-hw-mul/libc.a(lib_a-int_errno.o)
 .text          0x000220fc      0x1a8 /home/pcmonkey/altera/13.1/nios2eds/bin/gnu/H-i686-pc-linux-gnu/bin/../lib/gcc/nios2-elf/4.7.3/../../../../../H-i686-pc-linux-gnu/nios2-elf/lib/mno-hw-mul/libc.a(lib_a-makebuf.o)
                0x000220fc                __smakebuf_r
 .text          0x000222a4      0x784 /home/pcmonkey/altera/13.1/nios2eds/bin/gnu/H-i686-pc-linux-gnu/bin/../lib/gcc/nios2-elf/4.7.3/../../../../../H-i686-pc-linux-gnu/nios2-elf/lib/mno-hw-mul/libc.a(lib_a-mallocr.o)
                0x000222a4                _malloc_r
 .text          0x00022a28       0xdc /home/pcmonkey/altera/13.1/nios2eds/bin/gnu/H-i686-pc-linux-gnu/bin/../lib/gcc/nios2-elf/4.7.3/../../../../../H-i686-pc-linux-gnu/nios2-elf/lib/mno-hw-mul/libc.a(lib_a-memset.o)
                0x00022a28                memset
 .text          0x00022b04       0x6c /home/pcmonkey/altera/13.1/nios2eds/bin/gnu/H-i686-pc-linux-gnu/bin/../lib/gcc/nios2-elf/4.7.3/../../../../../H-i686-pc-linux-gnu/nios2-elf/lib/mno-hw-mul/libc.a(lib_a-openr.o)
                0x00022b04                _open_r
 .text          0x00022b70       0x98 /home/pcmonkey/altera/13.1/nios2eds/bin/gnu/H-i686-pc-linux-gnu/bin/../lib/gcc/nios2-elf/4.7.3/../../../../../H-i686-pc-linux-gnu/nios2-elf/lib/mno-hw-mul/libc.a(lib_a-puts.o)
                0x00022b70                _puts_r
                0x00022bf4                puts
 .text          0x00022c08      0x208 /home/pcmonkey/altera/13.1/nios2eds/bin/gnu/H-i686-pc-linux-gnu/bin/../lib/gcc/nios2-elf/4.7.3/../../../../../H-i686-pc-linux-gnu/nios2-elf/lib/mno-hw-mul/libc.a(lib_a-refill.o)
                0x00022c24                __srefill_r
 .text          0x00022e10       0x64 /home/pcmonkey/altera/13.1/nios2eds/bin/gnu/H-i686-pc-linux-gnu/bin/../lib/gcc/nios2-elf/4.7.3/../../../../../H-i686-pc-linux-gnu/nios2-elf/lib/mno-hw-mul/libc.a(lib_a-sbrkr.o)
                0x00022e10                _sbrk_r
 .text          0x00022e74      0x140 /home/pcmonkey/altera/13.1/nios2eds/bin/gnu/H-i686-pc-linux-gnu/bin/../lib/gcc/nios2-elf/4.7.3/../../../../../H-i686-pc-linux-gnu/nios2-elf/lib/mno-hw-mul/libc.a(lib_a-stdio.o)
                0x00022e74                __sread
                0x00022ec8                __swrite
                0x00022f50                __sseek
                0x00022fac                __sclose
 .text          0x00022fb4       0x8c /home/pcmonkey/altera/13.1/nios2eds/bin/gnu/H-i686-pc-linux-gnu/bin/../lib/gcc/nios2-elf/4.7.3/../../../../../H-i686-pc-linux-gnu/nios2-elf/lib/mno-hw-mul/libc.a(lib_a-strlen.o)
                0x00022fb4                strlen
 .text          0x00023040     0x1ed4 /home/pcmonkey/altera/13.1/nios2eds/bin/gnu/H-i686-pc-linux-gnu/bin/../lib/gcc/nios2-elf/4.7.3/../../../../../H-i686-pc-linux-gnu/nios2-elf/lib/mno-hw-mul/libc.a(lib_a-vfprintf.o)
                0x00023074                ___vfprintf_internal_r
                0x00024ef0                __vfprintf_internal
 .text          0x00024f14       0x6c /home/pcmonkey/altera/13.1/nios2eds/bin/gnu/H-i686-pc-linux-gnu/bin/../lib/gcc/nios2-elf/4.7.3/../../../../../H-i686-pc-linux-gnu/nios2-elf/lib/mno-hw-mul/libc.a(lib_a-writer.o)
                0x00024f14                _write_r
 .text          0x00024f80      0x174 /home/pcmonkey/altera/13.1/nios2eds/bin/gnu/H-i686-pc-linux-gnu/bin/../lib/gcc/nios2-elf/4.7.3/../../../../../H-i686-pc-linux-gnu/nios2-elf/lib/mno-hw-mul/libc.a(lib_a-wsetup.o)
                0x00024f80                __swsetup_r
 .text          0x000250f4       0x64 /home/pcmonkey/altera/13.1/nios2eds/bin/gnu/H-i686-pc-linux-gnu/bin/../lib/gcc/nios2-elf/4.7.3/../../../../../H-i686-pc-linux-gnu/nios2-elf/lib/mno-hw-mul/libc.a(lib_a-closer.o)
                0x000250f4                _close_r
 .text          0x00025158     0x1858 /home/pcmonkey/altera/13.1/nios2eds/bin/gnu/H-i686-pc-linux-gnu/bin/../lib/gcc/nios2-elf/4.7.3/../../../../../H-i686-pc-linux-gnu/nios2-elf/lib/mno-hw-mul/libc.a(lib_a-dtoa.o)
                0x00025394                _dtoa_r
 .text          0x000269b0       0x98 /home/pcmonkey/altera/13.1/nios2eds/bin/gnu/H-i686-pc-linux-gnu/bin/../lib/gcc/nios2-elf/4.7.3/../../../../../H-i686-pc-linux-gnu/nios2-elf/lib/mno-hw-mul/libc.a(lib_a-flags.o)
                0x000269b0                __sflags
 .text          0x00026a48      0x4e4 /home/pcmonkey/altera/13.1/nios2eds/bin/gnu/H-i686-pc-linux-gnu/bin/../lib/gcc/nios2-elf/4.7.3/../../../../../H-i686-pc-linux-gnu/nios2-elf/lib/mno-hw-mul/libc.a(lib_a-fvwrite.o)
                0x00026a48                __sfvwrite_r
 .text          0x00026f2c       0x64 /home/pcmonkey/altera/13.1/nios2eds/bin/gnu/H-i686-pc-linux-gnu/bin/../lib/gcc/nios2-elf/4.7.3/../../../../../H-i686-pc-linux-gnu/nios2-elf/lib/mno-hw-mul/libc.a(lib_a-isattyr.o)
                0x00026f2c                _isatty_r
 .text          0x00026f90       0xdc /home/pcmonkey/altera/13.1/nios2eds/bin/gnu/H-i686-pc-linux-gnu/bin/../lib/gcc/nios2-elf/4.7.3/../../../../../H-i686-pc-linux-gnu/nios2-elf/lib/mno-hw-mul/libc.a(lib_a-locale.o)
                0x00026f90                _setlocale_r
                0x0002702c                __locale_charset
                0x00027038                _localeconv_r
                0x00027044                setlocale
                0x00027060                localeconv
 .text          0x0002706c       0x6c /home/pcmonkey/altera/13.1/nios2eds/bin/gnu/H-i686-pc-linux-gnu/bin/../lib/gcc/nios2-elf/4.7.3/../../../../../H-i686-pc-linux-gnu/nios2-elf/lib/mno-hw-mul/libc.a(lib_a-lseekr.o)
                0x0002706c                _lseek_r
 .text          0x000270d8       0xf8 /home/pcmonkey/altera/13.1/nios2eds/bin/gnu/H-i686-pc-linux-gnu/bin/../lib/gcc/nios2-elf/4.7.3/../../../../../H-i686-pc-linux-gnu/nios2-elf/lib/mno-hw-mul/libc.a(lib_a-memchr.o)
                0x000270d8                memchr
 .text          0x000271d0      0x140 /home/pcmonkey/altera/13.1/nios2eds/bin/gnu/H-i686-pc-linux-gnu/bin/../lib/gcc/nios2-elf/4.7.3/../../../../../H-i686-pc-linux-gnu/nios2-elf/lib/mno-hw-mul/libc.a(lib_a-memcpy.o)
                0x000271d0                memcpy
 .text          0x00027310      0x18c /home/pcmonkey/altera/13.1/nios2eds/bin/gnu/H-i686-pc-linux-gnu/bin/../lib/gcc/nios2-elf/4.7.3/../../../../../H-i686-pc-linux-gnu/nios2-elf/lib/mno-hw-mul/libc.a(lib_a-memmove.o)
                0x00027310                memmove
 .text          0x0002749c     0x1050 /home/pcmonkey/altera/13.1/nios2eds/bin/gnu/H-i686-pc-linux-gnu/bin/../lib/gcc/nios2-elf/4.7.3/../../../../../H-i686-pc-linux-gnu/nios2-elf/lib/mno-hw-mul/libc.a(lib_a-mprec.o)
                0x0002749c                _Balloc
                0x00027544                _Bfree
                0x0002756c                __multadd
                0x000276b0                __s2b
                0x000277b4                __hi0bits
                0x0002781c                __lo0bits
                0x000278cc                __i2b
                0x00027908                __multiply
                0x00027b60                __pow5mult
                0x00027c8c                __lshift
                0x00027de8                __mcmp
                0x00027e40                __mdiff
                0x00027fe8                __ulp
                0x00028048                __b2d
                0x00028190                __d2b
                0x000282d4                __ratio
                0x00028378                _mprec_log10
                0x000283ec                __copybits
                0x00028468                __any_on
 .text          0x000284ec       0x6c /home/pcmonkey/altera/13.1/nios2eds/bin/gnu/H-i686-pc-linux-gnu/bin/../lib/gcc/nios2-elf/4.7.3/../../../../../H-i686-pc-linux-gnu/nios2-elf/lib/mno-hw-mul/libc.a(lib_a-readr.o)
                0x000284ec                _read_r
 .text          0x00028558      0x5fc /home/pcmonkey/altera/13.1/nios2eds/bin/gnu/H-i686-pc-linux-gnu/bin/../lib/gcc/nios2-elf/4.7.3/../../../../../H-i686-pc-linux-gnu/nios2-elf/lib/mno-hw-mul/libc.a(lib_a-reallocr.o)
                0x00028558                _realloc_r
 .text          0x00028b54       0x38 /home/pcmonkey/altera/13.1/nios2eds/bin/gnu/H-i686-pc-linux-gnu/bin/../lib/gcc/nios2-elf/4.7.3/../../../../../H-i686-pc-linux-gnu/nios2-elf/lib/mno-hw-mul/libc.a(lib_a-s_isinfd.o)
                0x00028b54                __isinfd
 .text          0x00028b8c       0x2c /home/pcmonkey/altera/13.1/nios2eds/bin/gnu/H-i686-pc-linux-gnu/bin/../lib/gcc/nios2-elf/4.7.3/../../../../../H-i686-pc-linux-gnu/nios2-elf/lib/mno-hw-mul/libc.a(lib_a-s_isnand.o)
                0x00028b8c                __isnand
 .text          0x00028bb8       0xa4 /home/pcmonkey/altera/13.1/nios2eds/bin/gnu/H-i686-pc-linux-gnu/bin/../lib/gcc/nios2-elf/4.7.3/../../../../../H-i686-pc-linux-gnu/nios2-elf/lib/mno-hw-mul/libc.a(lib_a-strcmp.o)
                0x00028bb8                strcmp
 .text          0x00028c5c       0xcc /home/pcmonkey/altera/13.1/nios2eds/bin/gnu/H-i686-pc-linux-gnu/bin/../lib/gcc/nios2-elf/4.7.3/../../../../../H-i686-pc-linux-gnu/nios2-elf/lib/mno-hw-mul/libc.a(lib_a-callocr.o)
                0x00028c5c                _calloc_r
 .text          0x00028d28      0x650 /home/pcmonkey/altera/13.1/nios2eds/bin/gnu/H-i686-pc-linux-gnu/bin/../lib/gcc/nios2-elf/4.7.3/mno-hw-mul/libgcc.a(_udivdi3.o)
                0x00028d28                __udivdi3
 .text          0x00029378      0x628 /home/pcmonkey/altera/13.1/nios2eds/bin/gnu/H-i686-pc-linux-gnu/bin/../lib/gcc/nios2-elf/4.7.3/mno-hw-mul/libgcc.a(_umoddi3.o)
                0x00029378                __umoddi3
 .text          0x000299a0      0x408 /home/pcmonkey/altera/13.1/nios2eds/bin/gnu/H-i686-pc-linux-gnu/bin/../lib/gcc/nios2-elf/4.7.3/mno-hw-mul/libgcc.a(_addsub_df.o)
                0x00029cf4                __adddf3
                0x00029d48                __subdf3
 .text          0x00029da8      0x2e4 /home/pcmonkey/altera/13.1/nios2eds/bin/gnu/H-i686-pc-linux-gnu/bin/../lib/gcc/nios2-elf/4.7.3/mno-hw-mul/libgcc.a(_mul_df.o)
                0x00029da8                __muldf3
 .text          0x0002a08c      0x1b4 /home/pcmonkey/altera/13.1/nios2eds/bin/gnu/H-i686-pc-linux-gnu/bin/../lib/gcc/nios2-elf/4.7.3/mno-hw-mul/libgcc.a(_div_df.o)
                0x0002a08c                __divdf3
 .text          0x0002a240       0x5c /home/pcmonkey/altera/13.1/nios2eds/bin/gnu/H-i686-pc-linux-gnu/bin/../lib/gcc/nios2-elf/4.7.3/mno-hw-mul/libgcc.a(_eq_df.o)
                0x0002a240                __eqdf2
 .text          0x0002a29c       0x5c /home/pcmonkey/altera/13.1/nios2eds/bin/gnu/H-i686-pc-linux-gnu/bin/../lib/gcc/nios2-elf/4.7.3/mno-hw-mul/libgcc.a(_ne_df.o)
                0x0002a29c                __nedf2
 .text          0x0002a2f8       0x64 /home/pcmonkey/altera/13.1/nios2eds/bin/gnu/H-i686-pc-linux-gnu/bin/../lib/gcc/nios2-elf/4.7.3/mno-hw-mul/libgcc.a(_gt_df.o)
                0x0002a2f8                __gtdf2
 .text          0x0002a35c       0x64 /home/pcmonkey/altera/13.1/nios2eds/bin/gnu/H-i686-pc-linux-gnu/bin/../lib/gcc/nios2-elf/4.7.3/mno-hw-mul/libgcc.a(_ge_df.o)
                0x0002a35c                __gedf2
 .text          0x0002a3c0       0x5c /home/pcmonkey/altera/13.1/nios2eds/bin/gnu/H-i686-pc-linux-gnu/bin/../lib/gcc/nios2-elf/4.7.3/mno-hw-mul/libgcc.a(_lt_df.o)
                0x0002a3c0                __ltdf2
 .text          0x0002a41c       0xd4 /home/pcmonkey/altera/13.1/nios2eds/bin/gnu/H-i686-pc-linux-gnu/bin/../lib/gcc/nios2-elf/4.7.3/mno-hw-mul/libgcc.a(_si_to_df.o)
                0x0002a41c                __floatsidf
 .text          0x0002a4f0       0xd4 /home/pcmonkey/altera/13.1/nios2eds/bin/gnu/H-i686-pc-linux-gnu/bin/../lib/gcc/nios2-elf/4.7.3/mno-hw-mul/libgcc.a(_df_to_si.o)
                0x0002a4f0                __fixdfsi
 .text          0x0002a5c4        0x0 /home/pcmonkey/altera/13.1/nios2eds/bin/gnu/H-i686-pc-linux-gnu/bin/../lib/gcc/nios2-elf/4.7.3/mno-hw-mul/libgcc.a(_thenan_df.o)
 .text          0x0002a5c4      0x11c /home/pcmonkey/altera/13.1/nios2eds/bin/gnu/H-i686-pc-linux-gnu/bin/../lib/gcc/nios2-elf/4.7.3/mno-hw-mul/libgcc.a(_usi_to_df.o)
                0x0002a5c4                __floatunsidf
 .text          0x0002a6e0      0x130 /home/pcmonkey/altera/13.1/nios2eds/bin/gnu/H-i686-pc-linux-gnu/bin/../lib/gcc/nios2-elf/4.7.3/mno-hw-mul/libgcc.a(lib2-divmod.o)
                0x0002a754                __divsi3
                0x0002a7a4                __modsi3
                0x0002a800                __udivsi3
                0x0002a808                __umodsi3
 .text          0x0002a810      0x110 /home/pcmonkey/altera/13.1/nios2eds/bin/gnu/H-i686-pc-linux-gnu/bin/../lib/gcc/nios2-elf/4.7.3/mno-hw-mul/libgcc.a(_muldi3.o)
                0x0002a810                __muldi3
 .text          0x0002a920        0x0 /home/pcmonkey/altera/13.1/nios2eds/bin/gnu/H-i686-pc-linux-gnu/bin/../lib/gcc/nios2-elf/4.7.3/mno-hw-mul/libgcc.a(_clz.o)
 .text          0x0002a920       0xac /home/pcmonkey/altera/13.1/nios2eds/bin/gnu/H-i686-pc-linux-gnu/bin/../lib/gcc/nios2-elf/4.7.3/mno-hw-mul/libgcc.a(_clzsi2.o)
                0x0002a920                __clzsi2
 .text          0x0002a9cc      0x224 /home/pcmonkey/altera/13.1/nios2eds/bin/gnu/H-i686-pc-linux-gnu/bin/../lib/gcc/nios2-elf/4.7.3/mno-hw-mul/libgcc.a(_pack_df.o)
                0x0002a9cc                __pack_d
 .text          0x0002abf0      0x104 /home/pcmonkey/altera/13.1/nios2eds/bin/gnu/H-i686-pc-linux-gnu/bin/../lib/gcc/nios2-elf/4.7.3/mno-hw-mul/libgcc.a(_unpack_df.o)
                0x0002abf0                __unpack_d
 .text          0x0002acf4       0xd0 /home/pcmonkey/altera/13.1/nios2eds/bin/gnu/H-i686-pc-linux-gnu/bin/../lib/gcc/nios2-elf/4.7.3/mno-hw-mul/libgcc.a(_fpcmp_parts_df.o)
                0x0002acf4                __fpcmp_parts_d
 .text          0x0002adc4       0x44 /home/pcmonkey/altera/13.1/nios2eds/bin/gnu/H-i686-pc-linux-gnu/bin/../lib/gcc/nios2-elf/4.7.3/mno-hw-mul/libgcc.a(_lshrdi3.o)
                0x0002adc4                __lshrdi3
 .text          0x0002ae08       0x44 /home/pcmonkey/altera/13.1/nios2eds/bin/gnu/H-i686-pc-linux-gnu/bin/../lib/gcc/nios2-elf/4.7.3/mno-hw-mul/libgcc.a(_ashldi3.o)
                0x0002ae08                __ashldi3
 .text          0x0002ae4c      0x11c ../final_tsp_bsp//libhal_bsp.a(alt_close.o)
                0x0002ae9c                close
 .text          0x0002af68       0x2c ../final_tsp_bsp//libhal_bsp.a(alt_dev.o)
 .text          0x0002af94        0x0 ../final_tsp_bsp//libhal_bsp.a(alt_errno.o)
 .text          0x0002af94      0x100 ../final_tsp_bsp//libhal_bsp.a(alt_fstat.o)
                0x0002afe4                fstat
 .text          0x0002b094       0xf4 ../final_tsp_bsp//libhal_bsp.a(alt_isatty.o)
                0x0002b0e4                isatty
 .text          0x0002b188       0xec ../final_tsp_bsp//libhal_bsp.a(alt_load.o)
                0x0002b1f4                alt_load
 .text          0x0002b274      0x124 ../final_tsp_bsp//libhal_bsp.a(alt_lseek.o)
                0x0002b2c4                lseek
 .text          0x0002b398       0x78 ../final_tsp_bsp//libhal_bsp.a(alt_main.o)
                0x0002b398                alt_main
 .text          0x0002b410       0x40 ../final_tsp_bsp//libhal_bsp.a(alt_malloc_lock.o)
                0x0002b410                __malloc_lock
                0x0002b430                __malloc_unlock
 .text          0x0002b450      0x298 ../final_tsp_bsp//libhal_bsp.a(alt_open.o)
                0x0002b590                open
 .text          0x0002b6e8      0x144 ../final_tsp_bsp//libhal_bsp.a(alt_read.o)
                0x0002b738                read
 .text          0x0002b82c       0x80 ../final_tsp_bsp//libhal_bsp.a(alt_release_fd.o)
                0x0002b82c                alt_release_fd
 .text          0x0002b8ac       0xb0 ../final_tsp_bsp//libhal_bsp.a(alt_sbrk.o)
                0x0002b8ac                sbrk
 .text          0x0002b95c       0x30 ../final_tsp_bsp//libhal_bsp.a(alt_usleep.o)
                0x0002b95c                usleep
 .text          0x0002b98c      0x140 ../final_tsp_bsp//libhal_bsp.a(alt_write.o)
                0x0002b9dc                write
 .text          0x0002bacc       0xc8 ../final_tsp_bsp//libhal_bsp.a(alt_sys_init.o)
                0x0002bb04                alt_irq_init
                0x0002bb38                alt_sys_init
 .text          0x0002bb94      0x164 ../final_tsp_bsp//libhal_bsp.a(altera_avalon_jtag_uart_fd.o)
                0x0002bb94                altera_avalon_jtag_uart_read_fd
                0x0002bbf4                altera_avalon_jtag_uart_write_fd
                0x0002bc54                altera_avalon_jtag_uart_close_fd
                0x0002bca4                altera_avalon_jtag_uart_ioctl_fd
 .text          0x0002bcf8      0x3d0 ../final_tsp_bsp//libhal_bsp.a(altera_avalon_jtag_uart_init.o)
                0x0002bcf8                altera_avalon_jtag_uart_init
                0x0002c060                altera_avalon_jtag_uart_close
 .text          0x0002c0c8       0xf4 ../final_tsp_bsp//libhal_bsp.a(altera_avalon_jtag_uart_ioctl.o)
                0x0002c0c8                altera_avalon_jtag_uart_ioctl
 .text          0x0002c1bc      0x218 ../final_tsp_bsp//libhal_bsp.a(altera_avalon_jtag_uart_read.o)
                0x0002c1bc                altera_avalon_jtag_uart_read
 .text          0x0002c3d4      0x224 ../final_tsp_bsp//libhal_bsp.a(altera_avalon_jtag_uart_write.o)
                0x0002c3d4                altera_avalon_jtag_uart_write
 .text          0x0002c5f8       0xfc ../final_tsp_bsp//libhal_bsp.a(altera_avalon_timer_sc.o)
                0x0002c66c                alt_avalon_timer_sc_init
 .text          0x0002c6f4      0x140 ../final_tsp_bsp//libhal_bsp.a(alt_alarm_start.o)
                0x0002c6f4                alt_alarm_start
 .text          0x0002c834      0x138 ../final_tsp_bsp//libhal_bsp.a(alt_busy_sleep.o)
                0x0002c834                alt_busy_sleep
 .text          0x0002c96c       0x44 ../final_tsp_bsp//libhal_bsp.a(alt_dcache_flush_all.o)
                0x0002c96c                alt_dcache_flush_all
 .text          0x0002c9b0       0xf0 ../final_tsp_bsp//libhal_bsp.a(alt_dev_llist_insert.o)
                0x0002ca00                alt_dev_llist_insert
 .text          0x0002caa0       0x5c ../final_tsp_bsp//libhal_bsp.a(alt_do_ctors.o)
                0x0002caa0                _do_ctors
 .text          0x0002cafc       0x5c ../final_tsp_bsp//libhal_bsp.a(alt_do_dtors.o)
                0x0002cafc                _do_dtors
 .text          0x0002cb58       0x90 ../final_tsp_bsp//libhal_bsp.a(alt_find_dev.o)
                0x0002cb58                alt_find_dev
 .text          0x0002cbe8      0x114 ../final_tsp_bsp//libhal_bsp.a(alt_find_file.o)
                0x0002cbe8                alt_find_file
 .text          0x0002ccfc       0xd4 ../final_tsp_bsp//libhal_bsp.a(alt_get_fd.o)
                0x0002ccfc                alt_get_fd
 .text          0x0002cdd0       0x30 ../final_tsp_bsp//libhal_bsp.a(alt_icache_flush_all.o)
                0x0002cdd0                alt_icache_flush_all
 .text          0x0002ce00      0x1d8 ../final_tsp_bsp//libhal_bsp.a(alt_iic.o)
                0x0002ce00                alt_ic_isr_register
                0x0002ce50                alt_ic_irq_enable
                0x0002ceec                alt_ic_irq_disable
                0x0002cf8c                alt_ic_irq_enabled
 .text          0x0002cfd8       0xf0 ../final_tsp_bsp//libhal_bsp.a(alt_iic_isr_register.o)
                0x0002cfd8                alt_iic_isr_register
 .text          0x0002d0c8      0x158 ../final_tsp_bsp//libhal_bsp.a(alt_io_redirect.o)
                0x0002d1a8                alt_io_redirect
 .text          0x0002d220        0x0 ../final_tsp_bsp//libhal_bsp.a(alt_irq_entry.o)
 .text          0x0002d220        0x0 ../final_tsp_bsp//libhal_bsp.a(alt_irq_handler.o)
 .text          0x0002d220        0x0 ../final_tsp_bsp//libhal_bsp.a(alt_irq_vars.o)
 .text          0x0002d220      0x19c ../final_tsp_bsp//libhal_bsp.a(alt_tick.o)
                0x0002d220                alt_alarm_stop
                0x0002d2b8                alt_tick
 .text          0x0002d3bc       0x20 ../final_tsp_bsp//libhal_bsp.a(altera_nios2_qsys_irq.o)
                0x0002d3bc                altera_nios2_qsys_irq_init
 .text          0x0002d3dc        0x0 ../final_tsp_bsp//libhal_bsp.a(alt_exception_entry.o)
 .text          0x0002d3dc       0x8c ../final_tsp_bsp//libhal_bsp.a(alt_icache_flush.o)
                0x0002d3dc                alt_icache_flush
 .text          0x0002d468       0x14 /home/pcmonkey/altera/13.1/nios2eds/bin/gnu/H-i686-pc-linux-gnu/bin/../lib/gcc/nios2-elf/4.7.3/../../../../../H-i686-pc-linux-gnu/nios2-elf/lib/mno-hw-mul/libc.a(lib_a-atexit.o)
                0x0002d468                atexit
 .text          0x0002d47c       0x38 /home/pcmonkey/altera/13.1/nios2eds/bin/gnu/H-i686-pc-linux-gnu/bin/../lib/gcc/nios2-elf/4.7.3/../../../../../H-i686-pc-linux-gnu/nios2-elf/lib/mno-hw-mul/libc.a(lib_a-exit.o)
                0x0002d47c                exit
 .text          0x0002d4b4       0x7c /home/pcmonkey/altera/13.1/nios2eds/bin/gnu/H-i686-pc-linux-gnu/bin/../lib/gcc/nios2-elf/4.7.3/../../../../../H-i686-pc-linux-gnu/nios2-elf/lib/mno-hw-mul/libc.a(lib_a-memcmp.o)
                0x0002d4b4                memcmp
 .text          0x0002d530      0x130 /home/pcmonkey/altera/13.1/nios2eds/bin/gnu/H-i686-pc-linux-gnu/bin/../lib/gcc/nios2-elf/4.7.3/../../../../../H-i686-pc-linux-gnu/nios2-elf/lib/mno-hw-mul/libc.a(lib_a-__atexit.o)
                0x0002d530                __register_exitproc
 .text          0x0002d660      0x1a0 /home/pcmonkey/altera/13.1/nios2eds/bin/gnu/H-i686-pc-linux-gnu/bin/../lib/gcc/nios2-elf/4.7.3/../../../../../H-i686-pc-linux-gnu/nios2-elf/lib/mno-hw-mul/libc.a(lib_a-__call_atexit.o)
                0x0002d660                __call_exitprocs
 .text          0x0002d800       0x3c ../final_tsp_bsp//libhal_bsp.a(alt_exit.o)
                0x0002d800                _exit
 *(.gnu.warning.*)
 *(.fini)
                0x0002d83c                PROVIDE (__etext, ABSOLUTE (.))
                0x0002d83c                PROVIDE (_etext, ABSOLUTE (.))
                0x0002d83c                PROVIDE (etext, ABSOLUTE (.))
 *(.eh_frame_hdr)
                0x0002d83c                . = ALIGN (0x4)
                0x0002d83c                PROVIDE (__preinit_array_start, ABSOLUTE (.))
 *(.preinit_array)
                0x0002d83c                PROVIDE (__preinit_array_end, ABSOLUTE (.))
                0x0002d83c                PROVIDE (__init_array_start, ABSOLUTE (.))
 *(.init_array)
                0x0002d83c                PROVIDE (__init_array_end, ABSOLUTE (.))
                0x0002d83c                PROVIDE (__fini_array_start, ABSOLUTE (.))
 *(.fini_array)
                0x0002d83c                PROVIDE (__fini_array_end, ABSOLUTE (.))
 *(.eh_frame)
 *(.gcc_except_table .gcc_except_table.*)
 *(.dynamic)
                0x0002d83c                PROVIDE (__CTOR_LIST__, ABSOLUTE (.))
 *(.ctors)
 *(SORT(.ctors.*))
                0x0002d83c                PROVIDE (__CTOR_END__, ABSOLUTE (.))
                0x0002d83c                PROVIDE (__DTOR_LIST__, ABSOLUTE (.))
 *(.dtors)
 *(SORT(.dtors.*))
                0x0002d83c                PROVIDE (__DTOR_END__, ABSOLUTE (.))
 *(.jcr)
                0x0002d83c                . = ALIGN (0x4)

.rodata         0x0002d83c     0x11e0
                0x0002d83c                PROVIDE (__ram_rodata_start, ABSOLUTE (.))
                0x0002d83c                . = ALIGN (0x4)
 *(.rodata .rodata.* .gnu.linkonce.r.*)
 .rodata        0x0002d83c      0xec0 obj/default/hello_world.o
 .rodata.str1.4
                0x0002e6fc        0x2 /home/pcmonkey/altera/13.1/nios2eds/bin/gnu/H-i686-pc-linux-gnu/bin/../lib/gcc/nios2-elf/4.7.3/../../../../../H-i686-pc-linux-gnu/nios2-elf/lib/mno-hw-mul/libc.a(lib_a-impure.o)
                                  0x4 (size before relaxing)
 *fill*         0x0002e6fe        0x2 
 .rodata.str1.4
                0x0002e700        0x2 /home/pcmonkey/altera/13.1/nios2eds/bin/gnu/H-i686-pc-linux-gnu/bin/../lib/gcc/nios2-elf/4.7.3/../../../../../H-i686-pc-linux-gnu/nios2-elf/lib/mno-hw-mul/libc.a(lib_a-puts.o)
                                  0x4 (size before relaxing)
 *fill*         0x0002e702        0x2 
 .rodata.str1.4
                0x0002e704       0x42 /home/pcmonkey/altera/13.1/nios2eds/bin/gnu/H-i686-pc-linux-gnu/bin/../lib/gcc/nios2-elf/4.7.3/../../../../../H-i686-pc-linux-gnu/nios2-elf/lib/mno-hw-mul/libc.a(lib_a-vfprintf.o)
                                 0x44 (size before relaxing)
 .rodata        0x0002e746       0x20 /home/pcmonkey/altera/13.1/nios2eds/bin/gnu/H-i686-pc-linux-gnu/bin/../lib/gcc/nios2-elf/4.7.3/../../../../../H-i686-pc-linux-gnu/nios2-elf/lib/mno-hw-mul/libc.a(lib_a-vfprintf.o)
 *fill*         0x0002e766        0x2 
 .rodata.str1.4
                0x0002e768       0x10 /home/pcmonkey/altera/13.1/nios2eds/bin/gnu/H-i686-pc-linux-gnu/bin/../lib/gcc/nios2-elf/4.7.3/../../../../../H-i686-pc-linux-gnu/nios2-elf/lib/mno-hw-mul/libc.a(lib_a-dtoa.o)
                                 0x14 (size before relaxing)
 .rodata.str1.4
                0x0002e778       0x10 /home/pcmonkey/altera/13.1/nios2eds/bin/gnu/H-i686-pc-linux-gnu/bin/../lib/gcc/nios2-elf/4.7.3/../../../../../H-i686-pc-linux-gnu/nios2-elf/lib/mno-hw-mul/libc.a(lib_a-locale.o)
                                 0x18 (size before relaxing)
 .rodata        0x0002e788       0x30 /home/pcmonkey/altera/13.1/nios2eds/bin/gnu/H-i686-pc-linux-gnu/bin/../lib/gcc/nios2-elf/4.7.3/../../../../../H-i686-pc-linux-gnu/nios2-elf/lib/mno-hw-mul/libc.a(lib_a-locale.o)
 .rodata        0x0002e7b8      0x124 /home/pcmonkey/altera/13.1/nios2eds/bin/gnu/H-i686-pc-linux-gnu/bin/../lib/gcc/nios2-elf/4.7.3/../../../../../H-i686-pc-linux-gnu/nios2-elf/lib/mno-hw-mul/libc.a(lib_a-mprec.o)
                0x0002e7b8                __mprec_tinytens
                0x0002e7e0                __mprec_bigtens
                0x0002e808                __mprec_tens
 .rodata        0x0002e8dc       0x14 /home/pcmonkey/altera/13.1/nios2eds/bin/gnu/H-i686-pc-linux-gnu/bin/../lib/gcc/nios2-elf/4.7.3/mno-hw-mul/libgcc.a(_thenan_df.o)
                0x0002e8dc                __thenan_df
 .rodata        0x0002e8f0      0x100 /home/pcmonkey/altera/13.1/nios2eds/bin/gnu/H-i686-pc-linux-gnu/bin/../lib/gcc/nios2-elf/4.7.3/mno-hw-mul/libgcc.a(_clz.o)
                0x0002e8f0                __clz_tab
 .rodata        0x0002e9f0        0xc ../final_tsp_bsp//libhal_bsp.a(alt_dev.o)
 .rodata        0x0002e9fc       0x10 ../final_tsp_bsp//libhal_bsp.a(alt_main.o)
 .rodata        0x0002ea0c       0x10 ../final_tsp_bsp//libhal_bsp.a(alt_sys_init.o)
 *(.rodata1)
                0x0002ea1c                . = ALIGN (0x4)
                0x0002ea1c                PROVIDE (__ram_rodata_end, ABSOLUTE (.))
                0x0002d83c                PROVIDE (__flash_rodata_start, LOADADDR (.rodata))

.rwdata         0x0002ea1c     0x1a58 load address 0x00030474
                0x0002ea1c                PROVIDE (__ram_rwdata_start, ABSOLUTE (.))
                0x0002ea1c                . = ALIGN (0x4)
 *(.got.plt)
 *(.got)
 *(.data1)
 *(.data .data.* .gnu.linkonce.d.*)
 .data          0x0002ea1c        0x0 ../final_tsp_bsp//obj/HAL/src/crt0.o
 .data          0x0002ea1c        0x0 obj/default/hello_world.o
 .data          0x0002ea1c        0x0 /home/pcmonkey/altera/13.1/nios2eds/bin/gnu/H-i686-pc-linux-gnu/bin/../lib/gcc/nios2-elf/4.7.3/mno-hw-mul/libgcc.a(lib2-mul.o)
 .data          0x0002ea1c        0x0 /home/pcmonkey/altera/13.1/nios2eds/bin/gnu/H-i686-pc-linux-gnu/bin/../lib/gcc/nios2-elf/4.7.3/../../../../../H-i686-pc-linux-gnu/nios2-elf/lib/mno-hw-mul/libc.a(lib_a-fclose.o)
 .data          0x0002ea1c        0x0 /home/pcmonkey/altera/13.1/nios2eds/bin/gnu/H-i686-pc-linux-gnu/bin/../lib/gcc/nios2-elf/4.7.3/../../../../../H-i686-pc-linux-gnu/nios2-elf/lib/mno-hw-mul/libc.a(lib_a-fflush.o)
 .data          0x0002ea1c        0x0 /home/pcmonkey/altera/13.1/nios2eds/bin/gnu/H-i686-pc-linux-gnu/bin/../lib/gcc/nios2-elf/4.7.3/../../../../../H-i686-pc-linux-gnu/nios2-elf/lib/mno-hw-mul/libc.a(lib_a-findfp.o)
 .data          0x0002ea1c        0x0 /home/pcmonkey/altera/13.1/nios2eds/bin/gnu/H-i686-pc-linux-gnu/bin/../lib/gcc/nios2-elf/4.7.3/../../../../../H-i686-pc-linux-gnu/nios2-elf/lib/mno-hw-mul/libc.a(lib_a-fopen.o)
 .data          0x0002ea1c        0x0 /home/pcmonkey/altera/13.1/nios2eds/bin/gnu/H-i686-pc-linux-gnu/bin/../lib/gcc/nios2-elf/4.7.3/../../../../../H-i686-pc-linux-gnu/nios2-elf/lib/mno-hw-mul/libc.a(lib_a-fprintf.o)
 .data          0x0002ea1c        0x0 /home/pcmonkey/altera/13.1/nios2eds/bin/gnu/H-i686-pc-linux-gnu/bin/../lib/gcc/nios2-elf/4.7.3/../../../../../H-i686-pc-linux-gnu/nios2-elf/lib/mno-hw-mul/libc.a(lib_a-freer.o)
 .data          0x0002ea1c        0x0 /home/pcmonkey/altera/13.1/nios2eds/bin/gnu/H-i686-pc-linux-gnu/bin/../lib/gcc/nios2-elf/4.7.3/../../../../../H-i686-pc-linux-gnu/nios2-elf/lib/mno-hw-mul/libc.a(lib_a-fseek.o)
 .data          0x0002ea1c        0x0 /home/pcmonkey/altera/13.1/nios2eds/bin/gnu/H-i686-pc-linux-gnu/bin/../lib/gcc/nios2-elf/4.7.3/../../../../../H-i686-pc-linux-gnu/nios2-elf/lib/mno-hw-mul/libc.a(lib_a-fstatr.o)
 .data          0x0002ea1c        0x0 /home/pcmonkey/altera/13.1/nios2eds/bin/gnu/H-i686-pc-linux-gnu/bin/../lib/gcc/nios2-elf/4.7.3/../../../../../H-i686-pc-linux-gnu/nios2-elf/lib/mno-hw-mul/libc.a(lib_a-fwalk.o)
 .data          0x0002ea1c      0x400 /home/pcmonkey/altera/13.1/nios2eds/bin/gnu/H-i686-pc-linux-gnu/bin/../lib/gcc/nios2-elf/4.7.3/../../../../../H-i686-pc-linux-gnu/nios2-elf/lib/mno-hw-mul/libc.a(lib_a-impure.o)
 .data          0x0002ee1c        0x0 /home/pcmonkey/altera/13.1/nios2eds/bin/gnu/H-i686-pc-linux-gnu/bin/../lib/gcc/nios2-elf/4.7.3/../../../../../H-i686-pc-linux-gnu/nios2-elf/lib/mno-hw-mul/libc.a(lib_a-int_errno.o)
 .data          0x0002ee1c        0x0 /home/pcmonkey/altera/13.1/nios2eds/bin/gnu/H-i686-pc-linux-gnu/bin/../lib/gcc/nios2-elf/4.7.3/../../../../../H-i686-pc-linux-gnu/nios2-elf/lib/mno-hw-mul/libc.a(lib_a-makebuf.o)
 .data          0x0002ee1c      0x408 /home/pcmonkey/altera/13.1/nios2eds/bin/gnu/H-i686-pc-linux-gnu/bin/../lib/gcc/nios2-elf/4.7.3/../../../../../H-i686-pc-linux-gnu/nios2-elf/lib/mno-hw-mul/libc.a(lib_a-mallocr.o)
                0x0002ee1c                __malloc_av_
 .data          0x0002f224        0x0 /home/pcmonkey/altera/13.1/nios2eds/bin/gnu/H-i686-pc-linux-gnu/bin/../lib/gcc/nios2-elf/4.7.3/../../../../../H-i686-pc-linux-gnu/nios2-elf/lib/mno-hw-mul/libc.a(lib_a-memset.o)
 .data          0x0002f224        0x0 /home/pcmonkey/altera/13.1/nios2eds/bin/gnu/H-i686-pc-linux-gnu/bin/../lib/gcc/nios2-elf/4.7.3/../../../../../H-i686-pc-linux-gnu/nios2-elf/lib/mno-hw-mul/libc.a(lib_a-openr.o)
 .data          0x0002f224        0x0 /home/pcmonkey/altera/13.1/nios2eds/bin/gnu/H-i686-pc-linux-gnu/bin/../lib/gcc/nios2-elf/4.7.3/../../../../../H-i686-pc-linux-gnu/nios2-elf/lib/mno-hw-mul/libc.a(lib_a-puts.o)
 .data          0x0002f224        0x0 /home/pcmonkey/altera/13.1/nios2eds/bin/gnu/H-i686-pc-linux-gnu/bin/../lib/gcc/nios2-elf/4.7.3/../../../../../H-i686-pc-linux-gnu/nios2-elf/lib/mno-hw-mul/libc.a(lib_a-refill.o)
 .data          0x0002f224        0x0 /home/pcmonkey/altera/13.1/nios2eds/bin/gnu/H-i686-pc-linux-gnu/bin/../lib/gcc/nios2-elf/4.7.3/../../../../../H-i686-pc-linux-gnu/nios2-elf/lib/mno-hw-mul/libc.a(lib_a-sbrkr.o)
 .data          0x0002f224        0x0 /home/pcmonkey/altera/13.1/nios2eds/bin/gnu/H-i686-pc-linux-gnu/bin/../lib/gcc/nios2-elf/4.7.3/../../../../../H-i686-pc-linux-gnu/nios2-elf/lib/mno-hw-mul/libc.a(lib_a-stdio.o)
 .data          0x0002f224        0x0 /home/pcmonkey/altera/13.1/nios2eds/bin/gnu/H-i686-pc-linux-gnu/bin/../lib/gcc/nios2-elf/4.7.3/../../../../../H-i686-pc-linux-gnu/nios2-elf/lib/mno-hw-mul/libc.a(lib_a-strlen.o)
 .data          0x0002f224        0x0 /home/pcmonkey/altera/13.1/nios2eds/bin/gnu/H-i686-pc-linux-gnu/bin/../lib/gcc/nios2-elf/4.7.3/../../../../../H-i686-pc-linux-gnu/nios2-elf/lib/mno-hw-mul/libc.a(lib_a-vfprintf.o)
 .data          0x0002f224        0x0 /home/pcmonkey/altera/13.1/nios2eds/bin/gnu/H-i686-pc-linux-gnu/bin/../lib/gcc/nios2-elf/4.7.3/../../../../../H-i686-pc-linux-gnu/nios2-elf/lib/mno-hw-mul/libc.a(lib_a-writer.o)
 .data          0x0002f224        0x0 /home/pcmonkey/altera/13.1/nios2eds/bin/gnu/H-i686-pc-linux-gnu/bin/../lib/gcc/nios2-elf/4.7.3/../../../../../H-i686-pc-linux-gnu/nios2-elf/lib/mno-hw-mul/libc.a(lib_a-wsetup.o)
 .data          0x0002f224        0x0 /home/pcmonkey/altera/13.1/nios2eds/bin/gnu/H-i686-pc-linux-gnu/bin/../lib/gcc/nios2-elf/4.7.3/../../../../../H-i686-pc-linux-gnu/nios2-elf/lib/mno-hw-mul/libc.a(lib_a-closer.o)
 .data          0x0002f224        0x0 /home/pcmonkey/altera/13.1/nios2eds/bin/gnu/H-i686-pc-linux-gnu/bin/../lib/gcc/nios2-elf/4.7.3/../../../../../H-i686-pc-linux-gnu/nios2-elf/lib/mno-hw-mul/libc.a(lib_a-dtoa.o)
 .data          0x0002f224        0x0 /home/pcmonkey/altera/13.1/nios2eds/bin/gnu/H-i686-pc-linux-gnu/bin/../lib/gcc/nios2-elf/4.7.3/../../../../../H-i686-pc-linux-gnu/nios2-elf/lib/mno-hw-mul/libc.a(lib_a-flags.o)
 .data          0x0002f224        0x0 /home/pcmonkey/altera/13.1/nios2eds/bin/gnu/H-i686-pc-linux-gnu/bin/../lib/gcc/nios2-elf/4.7.3/../../../../../H-i686-pc-linux-gnu/nios2-elf/lib/mno-hw-mul/libc.a(lib_a-fvwrite.o)
 .data          0x0002f224        0x0 /home/pcmonkey/altera/13.1/nios2eds/bin/gnu/H-i686-pc-linux-gnu/bin/../lib/gcc/nios2-elf/4.7.3/../../../../../H-i686-pc-linux-gnu/nios2-elf/lib/mno-hw-mul/libc.a(lib_a-isattyr.o)
 .data          0x0002f224        0xc /home/pcmonkey/altera/13.1/nios2eds/bin/gnu/H-i686-pc-linux-gnu/bin/../lib/gcc/nios2-elf/4.7.3/../../../../../H-i686-pc-linux-gnu/nios2-elf/lib/mno-hw-mul/libc.a(lib_a-locale.o)
                0x0002f224                __lc_ctype
 .data          0x0002f230        0x0 /home/pcmonkey/altera/13.1/nios2eds/bin/gnu/H-i686-pc-linux-gnu/bin/../lib/gcc/nios2-elf/4.7.3/../../../../../H-i686-pc-linux-gnu/nios2-elf/lib/mno-hw-mul/libc.a(lib_a-lseekr.o)
 .data          0x0002f230        0x0 /home/pcmonkey/altera/13.1/nios2eds/bin/gnu/H-i686-pc-linux-gnu/bin/../lib/gcc/nios2-elf/4.7.3/../../../../../H-i686-pc-linux-gnu/nios2-elf/lib/mno-hw-mul/libc.a(lib_a-memchr.o)
 .data          0x0002f230        0x0 /home/pcmonkey/altera/13.1/nios2eds/bin/gnu/H-i686-pc-linux-gnu/bin/../lib/gcc/nios2-elf/4.7.3/../../../../../H-i686-pc-linux-gnu/nios2-elf/lib/mno-hw-mul/libc.a(lib_a-memcpy.o)
 .data          0x0002f230        0x0 /home/pcmonkey/altera/13.1/nios2eds/bin/gnu/H-i686-pc-linux-gnu/bin/../lib/gcc/nios2-elf/4.7.3/../../../../../H-i686-pc-linux-gnu/nios2-elf/lib/mno-hw-mul/libc.a(lib_a-memmove.o)
 .data          0x0002f230        0x0 /home/pcmonkey/altera/13.1/nios2eds/bin/gnu/H-i686-pc-linux-gnu/bin/../lib/gcc/nios2-elf/4.7.3/../../../../../H-i686-pc-linux-gnu/nios2-elf/lib/mno-hw-mul/libc.a(lib_a-mprec.o)
 .data          0x0002f230        0x0 /home/pcmonkey/altera/13.1/nios2eds/bin/gnu/H-i686-pc-linux-gnu/bin/../lib/gcc/nios2-elf/4.7.3/../../../../../H-i686-pc-linux-gnu/nios2-elf/lib/mno-hw-mul/libc.a(lib_a-readr.o)
 .data          0x0002f230        0x0 /home/pcmonkey/altera/13.1/nios2eds/bin/gnu/H-i686-pc-linux-gnu/bin/../lib/gcc/nios2-elf/4.7.3/../../../../../H-i686-pc-linux-gnu/nios2-elf/lib/mno-hw-mul/libc.a(lib_a-reallocr.o)
 .data          0x0002f230        0x0 /home/pcmonkey/altera/13.1/nios2eds/bin/gnu/H-i686-pc-linux-gnu/bin/../lib/gcc/nios2-elf/4.7.3/../../../../../H-i686-pc-linux-gnu/nios2-elf/lib/mno-hw-mul/libc.a(lib_a-s_isinfd.o)
 .data          0x0002f230        0x0 /home/pcmonkey/altera/13.1/nios2eds/bin/gnu/H-i686-pc-linux-gnu/bin/../lib/gcc/nios2-elf/4.7.3/../../../../../H-i686-pc-linux-gnu/nios2-elf/lib/mno-hw-mul/libc.a(lib_a-s_isnand.o)
 .data          0x0002f230        0x0 /home/pcmonkey/altera/13.1/nios2eds/bin/gnu/H-i686-pc-linux-gnu/bin/../lib/gcc/nios2-elf/4.7.3/../../../../../H-i686-pc-linux-gnu/nios2-elf/lib/mno-hw-mul/libc.a(lib_a-strcmp.o)
 .data          0x0002f230        0x0 /home/pcmonkey/altera/13.1/nios2eds/bin/gnu/H-i686-pc-linux-gnu/bin/../lib/gcc/nios2-elf/4.7.3/../../../../../H-i686-pc-linux-gnu/nios2-elf/lib/mno-hw-mul/libc.a(lib_a-callocr.o)
 .data          0x0002f230        0x0 /home/pcmonkey/altera/13.1/nios2eds/bin/gnu/H-i686-pc-linux-gnu/bin/../lib/gcc/nios2-elf/4.7.3/mno-hw-mul/libgcc.a(_udivdi3.o)
 .data          0x0002f230        0x0 /home/pcmonkey/altera/13.1/nios2eds/bin/gnu/H-i686-pc-linux-gnu/bin/../lib/gcc/nios2-elf/4.7.3/mno-hw-mul/libgcc.a(_umoddi3.o)
 .data          0x0002f230        0x0 /home/pcmonkey/altera/13.1/nios2eds/bin/gnu/H-i686-pc-linux-gnu/bin/../lib/gcc/nios2-elf/4.7.3/mno-hw-mul/libgcc.a(_addsub_df.o)
 .data          0x0002f230        0x0 /home/pcmonkey/altera/13.1/nios2eds/bin/gnu/H-i686-pc-linux-gnu/bin/../lib/gcc/nios2-elf/4.7.3/mno-hw-mul/libgcc.a(_mul_df.o)
 .data          0x0002f230        0x0 /home/pcmonkey/altera/13.1/nios2eds/bin/gnu/H-i686-pc-linux-gnu/bin/../lib/gcc/nios2-elf/4.7.3/mno-hw-mul/libgcc.a(_div_df.o)
 .data          0x0002f230        0x0 /home/pcmonkey/altera/13.1/nios2eds/bin/gnu/H-i686-pc-linux-gnu/bin/../lib/gcc/nios2-elf/4.7.3/mno-hw-mul/libgcc.a(_eq_df.o)
 .data          0x0002f230        0x0 /home/pcmonkey/altera/13.1/nios2eds/bin/gnu/H-i686-pc-linux-gnu/bin/../lib/gcc/nios2-elf/4.7.3/mno-hw-mul/libgcc.a(_ne_df.o)
 .data          0x0002f230        0x0 /home/pcmonkey/altera/13.1/nios2eds/bin/gnu/H-i686-pc-linux-gnu/bin/../lib/gcc/nios2-elf/4.7.3/mno-hw-mul/libgcc.a(_gt_df.o)
 .data          0x0002f230        0x0 /home/pcmonkey/altera/13.1/nios2eds/bin/gnu/H-i686-pc-linux-gnu/bin/../lib/gcc/nios2-elf/4.7.3/mno-hw-mul/libgcc.a(_ge_df.o)
 .data          0x0002f230        0x0 /home/pcmonkey/altera/13.1/nios2eds/bin/gnu/H-i686-pc-linux-gnu/bin/../lib/gcc/nios2-elf/4.7.3/mno-hw-mul/libgcc.a(_lt_df.o)
 .data          0x0002f230        0x0 /home/pcmonkey/altera/13.1/nios2eds/bin/gnu/H-i686-pc-linux-gnu/bin/../lib/gcc/nios2-elf/4.7.3/mno-hw-mul/libgcc.a(_si_to_df.o)
 .data          0x0002f230        0x0 /home/pcmonkey/altera/13.1/nios2eds/bin/gnu/H-i686-pc-linux-gnu/bin/../lib/gcc/nios2-elf/4.7.3/mno-hw-mul/libgcc.a(_df_to_si.o)
 .data          0x0002f230        0x0 /home/pcmonkey/altera/13.1/nios2eds/bin/gnu/H-i686-pc-linux-gnu/bin/../lib/gcc/nios2-elf/4.7.3/mno-hw-mul/libgcc.a(_thenan_df.o)
 .data          0x0002f230        0x0 /home/pcmonkey/altera/13.1/nios2eds/bin/gnu/H-i686-pc-linux-gnu/bin/../lib/gcc/nios2-elf/4.7.3/mno-hw-mul/libgcc.a(_usi_to_df.o)
 .data          0x0002f230        0x0 /home/pcmonkey/altera/13.1/nios2eds/bin/gnu/H-i686-pc-linux-gnu/bin/../lib/gcc/nios2-elf/4.7.3/mno-hw-mul/libgcc.a(lib2-divmod.o)
 .data          0x0002f230        0x0 /home/pcmonkey/altera/13.1/nios2eds/bin/gnu/H-i686-pc-linux-gnu/bin/../lib/gcc/nios2-elf/4.7.3/mno-hw-mul/libgcc.a(_muldi3.o)
 .data          0x0002f230        0x0 /home/pcmonkey/altera/13.1/nios2eds/bin/gnu/H-i686-pc-linux-gnu/bin/../lib/gcc/nios2-elf/4.7.3/mno-hw-mul/libgcc.a(_clz.o)
 .data          0x0002f230        0x0 /home/pcmonkey/altera/13.1/nios2eds/bin/gnu/H-i686-pc-linux-gnu/bin/../lib/gcc/nios2-elf/4.7.3/mno-hw-mul/libgcc.a(_clzsi2.o)
 .data          0x0002f230        0x0 /home/pcmonkey/altera/13.1/nios2eds/bin/gnu/H-i686-pc-linux-gnu/bin/../lib/gcc/nios2-elf/4.7.3/mno-hw-mul/libgcc.a(_pack_df.o)
 .data          0x0002f230        0x0 /home/pcmonkey/altera/13.1/nios2eds/bin/gnu/H-i686-pc-linux-gnu/bin/../lib/gcc/nios2-elf/4.7.3/mno-hw-mul/libgcc.a(_unpack_df.o)
 .data          0x0002f230        0x0 /home/pcmonkey/altera/13.1/nios2eds/bin/gnu/H-i686-pc-linux-gnu/bin/../lib/gcc/nios2-elf/4.7.3/mno-hw-mul/libgcc.a(_fpcmp_parts_df.o)
 .data          0x0002f230        0x0 /home/pcmonkey/altera/13.1/nios2eds/bin/gnu/H-i686-pc-linux-gnu/bin/../lib/gcc/nios2-elf/4.7.3/mno-hw-mul/libgcc.a(_lshrdi3.o)
 .data          0x0002f230        0x0 /home/pcmonkey/altera/13.1/nios2eds/bin/gnu/H-i686-pc-linux-gnu/bin/../lib/gcc/nios2-elf/4.7.3/mno-hw-mul/libgcc.a(_ashldi3.o)
 .data          0x0002f230        0x0 ../final_tsp_bsp//libhal_bsp.a(alt_close.o)
 .data          0x0002f230      0x1a8 ../final_tsp_bsp//libhal_bsp.a(alt_dev.o)
                0x0002f230                alt_dev_null
                0x0002f258                alt_fd_list
 .data          0x0002f3d8        0x0 ../final_tsp_bsp//libhal_bsp.a(alt_errno.o)
 .data          0x0002f3d8        0x0 ../final_tsp_bsp//libhal_bsp.a(alt_fstat.o)
 .data          0x0002f3d8        0x0 ../final_tsp_bsp//libhal_bsp.a(alt_isatty.o)
 .data          0x0002f3d8        0x0 ../final_tsp_bsp//libhal_bsp.a(alt_load.o)
 .data          0x0002f3d8        0x0 ../final_tsp_bsp//libhal_bsp.a(alt_lseek.o)
 .data          0x0002f3d8        0x0 ../final_tsp_bsp//libhal_bsp.a(alt_main.o)
 .data          0x0002f3d8        0x0 ../final_tsp_bsp//libhal_bsp.a(alt_malloc_lock.o)
 .data          0x0002f3d8        0x0 ../final_tsp_bsp//libhal_bsp.a(alt_open.o)
 .data          0x0002f3d8        0x0 ../final_tsp_bsp//libhal_bsp.a(alt_read.o)
 .data          0x0002f3d8        0x0 ../final_tsp_bsp//libhal_bsp.a(alt_release_fd.o)
 .data          0x0002f3d8        0x0 ../final_tsp_bsp//libhal_bsp.a(alt_sbrk.o)
 .data          0x0002f3d8        0x0 ../final_tsp_bsp//libhal_bsp.a(alt_usleep.o)
 .data          0x0002f3d8        0x0 ../final_tsp_bsp//libhal_bsp.a(alt_write.o)
 .data          0x0002f3d8     0x1060 ../final_tsp_bsp//libhal_bsp.a(alt_sys_init.o)
 .data          0x00030438        0x0 ../final_tsp_bsp//libhal_bsp.a(altera_avalon_jtag_uart_fd.o)
 .data          0x00030438        0x0 ../final_tsp_bsp//libhal_bsp.a(altera_avalon_jtag_uart_init.o)
 .data          0x00030438        0x0 ../final_tsp_bsp//libhal_bsp.a(altera_avalon_jtag_uart_ioctl.o)
 .data          0x00030438        0x0 ../final_tsp_bsp//libhal_bsp.a(altera_avalon_jtag_uart_read.o)
 .data          0x00030438        0x0 ../final_tsp_bsp//libhal_bsp.a(altera_avalon_jtag_uart_write.o)
 .data          0x00030438        0x0 ../final_tsp_bsp//libhal_bsp.a(altera_avalon_timer_sc.o)
 .data          0x00030438        0x0 ../final_tsp_bsp//libhal_bsp.a(alt_alarm_start.o)
 .data          0x00030438        0x0 ../final_tsp_bsp//libhal_bsp.a(alt_busy_sleep.o)
 .data          0x00030438        0x0 ../final_tsp_bsp//libhal_bsp.a(alt_dcache_flush_all.o)
 .data          0x00030438        0x0 ../final_tsp_bsp//libhal_bsp.a(alt_dev_llist_insert.o)
 .data          0x00030438        0x0 ../final_tsp_bsp//libhal_bsp.a(alt_do_ctors.o)
 .data          0x00030438        0x0 ../final_tsp_bsp//libhal_bsp.a(alt_do_dtors.o)
 .data          0x00030438        0x0 ../final_tsp_bsp//libhal_bsp.a(alt_find_dev.o)
 .data          0x00030438        0x0 ../final_tsp_bsp//libhal_bsp.a(alt_find_file.o)
 .data          0x00030438        0x0 ../final_tsp_bsp//libhal_bsp.a(alt_get_fd.o)
 .data          0x00030438        0x0 ../final_tsp_bsp//libhal_bsp.a(alt_icache_flush_all.o)
 .data          0x00030438        0x0 ../final_tsp_bsp//libhal_bsp.a(alt_iic.o)
 .data          0x00030438        0x0 ../final_tsp_bsp//libhal_bsp.a(alt_iic_isr_register.o)
 .data          0x00030438        0x0 ../final_tsp_bsp//libhal_bsp.a(alt_io_redirect.o)
 .data          0x00030438        0x0 ../final_tsp_bsp//libhal_bsp.a(alt_irq_entry.o)
 .data          0x00030438        0x0 ../final_tsp_bsp//libhal_bsp.a(alt_irq_handler.o)
 .data          0x00030438        0x0 ../final_tsp_bsp//libhal_bsp.a(alt_irq_vars.o)
 .data          0x00030438        0x0 ../final_tsp_bsp//libhal_bsp.a(alt_tick.o)
 .data          0x00030438        0x0 ../final_tsp_bsp//libhal_bsp.a(altera_nios2_qsys_irq.o)
 .data          0x00030438        0x0 ../final_tsp_bsp//libhal_bsp.a(alt_exception_entry.o)
 .data          0x00030438        0x0 ../final_tsp_bsp//libhal_bsp.a(alt_icache_flush.o)
 .data          0x00030438        0x0 /home/pcmonkey/altera/13.1/nios2eds/bin/gnu/H-i686-pc-linux-gnu/bin/../lib/gcc/nios2-elf/4.7.3/../../../../../H-i686-pc-linux-gnu/nios2-elf/lib/mno-hw-mul/libc.a(lib_a-atexit.o)
 .data          0x00030438        0x0 /home/pcmonkey/altera/13.1/nios2eds/bin/gnu/H-i686-pc-linux-gnu/bin/../lib/gcc/nios2-elf/4.7.3/../../../../../H-i686-pc-linux-gnu/nios2-elf/lib/mno-hw-mul/libc.a(lib_a-exit.o)
 .data          0x00030438        0x0 /home/pcmonkey/altera/13.1/nios2eds/bin/gnu/H-i686-pc-linux-gnu/bin/../lib/gcc/nios2-elf/4.7.3/../../../../../H-i686-pc-linux-gnu/nios2-elf/lib/mno-hw-mul/libc.a(lib_a-memcmp.o)
 .data          0x00030438        0x0 /home/pcmonkey/altera/13.1/nios2eds/bin/gnu/H-i686-pc-linux-gnu/bin/../lib/gcc/nios2-elf/4.7.3/../../../../../H-i686-pc-linux-gnu/nios2-elf/lib/mno-hw-mul/libc.a(lib_a-__atexit.o)
 .data          0x00030438        0x0 /home/pcmonkey/altera/13.1/nios2eds/bin/gnu/H-i686-pc-linux-gnu/bin/../lib/gcc/nios2-elf/4.7.3/../../../../../H-i686-pc-linux-gnu/nios2-elf/lib/mno-hw-mul/libc.a(lib_a-__call_atexit.o)
 .data          0x00030438        0x0 ../final_tsp_bsp//libhal_bsp.a(alt_exit.o)
                0x00038438                _gp = ABSOLUTE ((. + 0x8000))
                0x00038438                PROVIDE (gp, _gp)
 *(.rwdata .rwdata.*)
 *(.sdata .sdata.* .gnu.linkonce.s.*)
 .sdata         0x00030438        0x8 /home/pcmonkey/altera/13.1/nios2eds/bin/gnu/H-i686-pc-linux-gnu/bin/../lib/gcc/nios2-elf/4.7.3/../../../../../H-i686-pc-linux-gnu/nios2-elf/lib/mno-hw-mul/libc.a(lib_a-impure.o)
                0x00030438                _global_impure_ptr
                0x0003043c                _impure_ptr
 .sdata         0x00030440        0x8 /home/pcmonkey/altera/13.1/nios2eds/bin/gnu/H-i686-pc-linux-gnu/bin/../lib/gcc/nios2-elf/4.7.3/../../../../../H-i686-pc-linux-gnu/nios2-elf/lib/mno-hw-mul/libc.a(lib_a-mallocr.o)
                0x00030440                __malloc_sbrk_base
                0x00030444                __malloc_trim_threshold
 .sdata         0x00030448        0x4 /home/pcmonkey/altera/13.1/nios2eds/bin/gnu/H-i686-pc-linux-gnu/bin/../lib/gcc/nios2-elf/4.7.3/../../../../../H-i686-pc-linux-gnu/nios2-elf/lib/mno-hw-mul/libc.a(lib_a-locale.o)
                0x00030448                __mb_cur_max
 .sdata         0x0003044c       0x14 ../final_tsp_bsp//libhal_bsp.a(alt_dev.o)
                0x0003044c                alt_fs_list
                0x00030454                alt_dev_list
                0x0003045c                alt_max_fd
 .sdata         0x00030460        0x4 ../final_tsp_bsp//libhal_bsp.a(alt_errno.o)
                0x00030460                alt_errno
 .sdata         0x00030464        0x4 ../final_tsp_bsp//libhal_bsp.a(alt_sbrk.o)
 .sdata         0x00030468        0x4 ../final_tsp_bsp//libhal_bsp.a(alt_irq_vars.o)
                0x00030468                alt_priority_mask
 .sdata         0x0003046c        0x8 ../final_tsp_bsp//libhal_bsp.a(alt_tick.o)
                0x0003046c                alt_alarm_list
 *(.sdata2 .sdata2.* .gnu.linkonce.s2.*)
                0x00030474                . = ALIGN (0x4)
                0x00030474                _edata = ABSOLUTE (.)
                0x00030474                PROVIDE (edata, ABSOLUTE (.))
                0x00030474                PROVIDE (__ram_rwdata_end, ABSOLUTE (.))
                0x00030474                PROVIDE (__flash_rwdata_start, LOADADDR (.rwdata))

.bss            0x00031ecc      0x2ec
                0x00031ecc                __bss_start = ABSOLUTE (.)
                0x00031ecc                PROVIDE (__sbss_start, ABSOLUTE (.))
                0x00031ecc                PROVIDE (___sbss_start, ABSOLUTE (.))
 *(.dynsbss)
 *(.sbss .sbss.* .gnu.linkonce.sb.*)
 .sbss          0x00031ecc        0x4 /home/pcmonkey/altera/13.1/nios2eds/bin/gnu/H-i686-pc-linux-gnu/bin/../lib/gcc/nios2-elf/4.7.3/../../../../../H-i686-pc-linux-gnu/nios2-elf/lib/mno-hw-mul/libc.a(lib_a-int_errno.o)
                0x00031ecc                errno
 .sbss          0x00031ed0        0xc /home/pcmonkey/altera/13.1/nios2eds/bin/gnu/H-i686-pc-linux-gnu/bin/../lib/gcc/nios2-elf/4.7.3/../../../../../H-i686-pc-linux-gnu/nios2-elf/lib/mno-hw-mul/libc.a(lib_a-mallocr.o)
                0x00031ed0                __malloc_max_total_mem
                0x00031ed4                __malloc_max_sbrked_mem
                0x00031ed8                __malloc_top_pad
 .sbss          0x00031edc        0xc /home/pcmonkey/altera/13.1/nios2eds/bin/gnu/H-i686-pc-linux-gnu/bin/../lib/gcc/nios2-elf/4.7.3/../../../../../H-i686-pc-linux-gnu/nios2-elf/lib/mno-hw-mul/libc.a(lib_a-locale.o)
                0x00031edc                _PathLocale
                0x00031ee0                __mlocale_changed
                0x00031ee4                __nlocale_changed
 .sbss          0x00031ee8        0xc ../final_tsp_bsp//libhal_bsp.a(alt_main.o)
                0x00031ee8                alt_argc
                0x00031eec                alt_argv
                0x00031ef0                alt_envp
 .sbss          0x00031ef4        0x4 ../final_tsp_bsp//libhal_bsp.a(alt_irq_vars.o)
                0x00031ef4                alt_irq_active
 .sbss          0x00031ef8        0x8 ../final_tsp_bsp//libhal_bsp.a(alt_tick.o)
                0x00031ef8                _alt_tick_rate
                0x00031efc                _alt_nticks
 *(.sbss2 .sbss2.* .gnu.linkonce.sb2.*)
 *(.scommon)
                0x00031f00                PROVIDE (__sbss_end, ABSOLUTE (.))
                0x00031f00                PROVIDE (___sbss_end, ABSOLUTE (.))
 *(.dynbss)
 *(.bss .bss.* .gnu.linkonce.b.*)
 .bss           0x00031f00        0x0 ../final_tsp_bsp//obj/HAL/src/crt0.o
 .bss           0x00031f00        0x0 obj/default/hello_world.o
 .bss           0x00031f00        0x0 /home/pcmonkey/altera/13.1/nios2eds/bin/gnu/H-i686-pc-linux-gnu/bin/../lib/gcc/nios2-elf/4.7.3/mno-hw-mul/libgcc.a(lib2-mul.o)
 .bss           0x00031f00        0x0 /home/pcmonkey/altera/13.1/nios2eds/bin/gnu/H-i686-pc-linux-gnu/bin/../lib/gcc/nios2-elf/4.7.3/../../../../../H-i686-pc-linux-gnu/nios2-elf/lib/mno-hw-mul/libc.a(lib_a-fclose.o)
 .bss           0x00031f00        0x0 /home/pcmonkey/altera/13.1/nios2eds/bin/gnu/H-i686-pc-linux-gnu/bin/../lib/gcc/nios2-elf/4.7.3/../../../../../H-i686-pc-linux-gnu/nios2-elf/lib/mno-hw-mul/libc.a(lib_a-fflush.o)
 .bss           0x00031f00        0x0 /home/pcmonkey/altera/13.1/nios2eds/bin/gnu/H-i686-pc-linux-gnu/bin/../lib/gcc/nios2-elf/4.7.3/../../../../../H-i686-pc-linux-gnu/nios2-elf/lib/mno-hw-mul/libc.a(lib_a-findfp.o)
 .bss           0x00031f00        0x0 /home/pcmonkey/altera/13.1/nios2eds/bin/gnu/H-i686-pc-linux-gnu/bin/../lib/gcc/nios2-elf/4.7.3/../../../../../H-i686-pc-linux-gnu/nios2-elf/lib/mno-hw-mul/libc.a(lib_a-fopen.o)
 .bss           0x00031f00        0x0 /home/pcmonkey/altera/13.1/nios2eds/bin/gnu/H-i686-pc-linux-gnu/bin/../lib/gcc/nios2-elf/4.7.3/../../../../../H-i686-pc-linux-gnu/nios2-elf/lib/mno-hw-mul/libc.a(lib_a-fprintf.o)
 .bss           0x00031f00        0x0 /home/pcmonkey/altera/13.1/nios2eds/bin/gnu/H-i686-pc-linux-gnu/bin/../lib/gcc/nios2-elf/4.7.3/../../../../../H-i686-pc-linux-gnu/nios2-elf/lib/mno-hw-mul/libc.a(lib_a-freer.o)
 .bss           0x00031f00        0x0 /home/pcmonkey/altera/13.1/nios2eds/bin/gnu/H-i686-pc-linux-gnu/bin/../lib/gcc/nios2-elf/4.7.3/../../../../../H-i686-pc-linux-gnu/nios2-elf/lib/mno-hw-mul/libc.a(lib_a-fseek.o)
 .bss           0x00031f00        0x0 /home/pcmonkey/altera/13.1/nios2eds/bin/gnu/H-i686-pc-linux-gnu/bin/../lib/gcc/nios2-elf/4.7.3/../../../../../H-i686-pc-linux-gnu/nios2-elf/lib/mno-hw-mul/libc.a(lib_a-fstatr.o)
 .bss           0x00031f00        0x0 /home/pcmonkey/altera/13.1/nios2eds/bin/gnu/H-i686-pc-linux-gnu/bin/../lib/gcc/nios2-elf/4.7.3/../../../../../H-i686-pc-linux-gnu/nios2-elf/lib/mno-hw-mul/libc.a(lib_a-fwalk.o)
 .bss           0x00031f00        0x0 /home/pcmonkey/altera/13.1/nios2eds/bin/gnu/H-i686-pc-linux-gnu/bin/../lib/gcc/nios2-elf/4.7.3/../../../../../H-i686-pc-linux-gnu/nios2-elf/lib/mno-hw-mul/libc.a(lib_a-impure.o)
 .bss           0x00031f00        0x0 /home/pcmonkey/altera/13.1/nios2eds/bin/gnu/H-i686-pc-linux-gnu/bin/../lib/gcc/nios2-elf/4.7.3/../../../../../H-i686-pc-linux-gnu/nios2-elf/lib/mno-hw-mul/libc.a(lib_a-int_errno.o)
 .bss           0x00031f00        0x0 /home/pcmonkey/altera/13.1/nios2eds/bin/gnu/H-i686-pc-linux-gnu/bin/../lib/gcc/nios2-elf/4.7.3/../../../../../H-i686-pc-linux-gnu/nios2-elf/lib/mno-hw-mul/libc.a(lib_a-makebuf.o)
 .bss           0x00031f00       0x28 /home/pcmonkey/altera/13.1/nios2eds/bin/gnu/H-i686-pc-linux-gnu/bin/../lib/gcc/nios2-elf/4.7.3/../../../../../H-i686-pc-linux-gnu/nios2-elf/lib/mno-hw-mul/libc.a(lib_a-mallocr.o)
                0x00031f00                __malloc_current_mallinfo
 .bss           0x00031f28        0x0 /home/pcmonkey/altera/13.1/nios2eds/bin/gnu/H-i686-pc-linux-gnu/bin/../lib/gcc/nios2-elf/4.7.3/../../../../../H-i686-pc-linux-gnu/nios2-elf/lib/mno-hw-mul/libc.a(lib_a-memset.o)
 .bss           0x00031f28        0x0 /home/pcmonkey/altera/13.1/nios2eds/bin/gnu/H-i686-pc-linux-gnu/bin/../lib/gcc/nios2-elf/4.7.3/../../../../../H-i686-pc-linux-gnu/nios2-elf/lib/mno-hw-mul/libc.a(lib_a-openr.o)
 .bss           0x00031f28        0x0 /home/pcmonkey/altera/13.1/nios2eds/bin/gnu/H-i686-pc-linux-gnu/bin/../lib/gcc/nios2-elf/4.7.3/../../../../../H-i686-pc-linux-gnu/nios2-elf/lib/mno-hw-mul/libc.a(lib_a-puts.o)
 .bss           0x00031f28        0x0 /home/pcmonkey/altera/13.1/nios2eds/bin/gnu/H-i686-pc-linux-gnu/bin/../lib/gcc/nios2-elf/4.7.3/../../../../../H-i686-pc-linux-gnu/nios2-elf/lib/mno-hw-mul/libc.a(lib_a-refill.o)
 .bss           0x00031f28        0x0 /home/pcmonkey/altera/13.1/nios2eds/bin/gnu/H-i686-pc-linux-gnu/bin/../lib/gcc/nios2-elf/4.7.3/../../../../../H-i686-pc-linux-gnu/nios2-elf/lib/mno-hw-mul/libc.a(lib_a-sbrkr.o)
 .bss           0x00031f28        0x0 /home/pcmonkey/altera/13.1/nios2eds/bin/gnu/H-i686-pc-linux-gnu/bin/../lib/gcc/nios2-elf/4.7.3/../../../../../H-i686-pc-linux-gnu/nios2-elf/lib/mno-hw-mul/libc.a(lib_a-stdio.o)
 .bss           0x00031f28        0x0 /home/pcmonkey/altera/13.1/nios2eds/bin/gnu/H-i686-pc-linux-gnu/bin/../lib/gcc/nios2-elf/4.7.3/../../../../../H-i686-pc-linux-gnu/nios2-elf/lib/mno-hw-mul/libc.a(lib_a-strlen.o)
 .bss           0x00031f28        0x0 /home/pcmonkey/altera/13.1/nios2eds/bin/gnu/H-i686-pc-linux-gnu/bin/../lib/gcc/nios2-elf/4.7.3/../../../../../H-i686-pc-linux-gnu/nios2-elf/lib/mno-hw-mul/libc.a(lib_a-vfprintf.o)
 .bss           0x00031f28        0x0 /home/pcmonkey/altera/13.1/nios2eds/bin/gnu/H-i686-pc-linux-gnu/bin/../lib/gcc/nios2-elf/4.7.3/../../../../../H-i686-pc-linux-gnu/nios2-elf/lib/mno-hw-mul/libc.a(lib_a-writer.o)
 .bss           0x00031f28        0x0 /home/pcmonkey/altera/13.1/nios2eds/bin/gnu/H-i686-pc-linux-gnu/bin/../lib/gcc/nios2-elf/4.7.3/../../../../../H-i686-pc-linux-gnu/nios2-elf/lib/mno-hw-mul/libc.a(lib_a-wsetup.o)
 .bss           0x00031f28        0x0 /home/pcmonkey/altera/13.1/nios2eds/bin/gnu/H-i686-pc-linux-gnu/bin/../lib/gcc/nios2-elf/4.7.3/../../../../../H-i686-pc-linux-gnu/nios2-elf/lib/mno-hw-mul/libc.a(lib_a-closer.o)
 .bss           0x00031f28        0x0 /home/pcmonkey/altera/13.1/nios2eds/bin/gnu/H-i686-pc-linux-gnu/bin/../lib/gcc/nios2-elf/4.7.3/../../../../../H-i686-pc-linux-gnu/nios2-elf/lib/mno-hw-mul/libc.a(lib_a-dtoa.o)
 .bss           0x00031f28        0x0 /home/pcmonkey/altera/13.1/nios2eds/bin/gnu/H-i686-pc-linux-gnu/bin/../lib/gcc/nios2-elf/4.7.3/../../../../../H-i686-pc-linux-gnu/nios2-elf/lib/mno-hw-mul/libc.a(lib_a-flags.o)
 .bss           0x00031f28        0x0 /home/pcmonkey/altera/13.1/nios2eds/bin/gnu/H-i686-pc-linux-gnu/bin/../lib/gcc/nios2-elf/4.7.3/../../../../../H-i686-pc-linux-gnu/nios2-elf/lib/mno-hw-mul/libc.a(lib_a-fvwrite.o)
 .bss           0x00031f28        0x0 /home/pcmonkey/altera/13.1/nios2eds/bin/gnu/H-i686-pc-linux-gnu/bin/../lib/gcc/nios2-elf/4.7.3/../../../../../H-i686-pc-linux-gnu/nios2-elf/lib/mno-hw-mul/libc.a(lib_a-isattyr.o)
 .bss           0x00031f28        0x0 /home/pcmonkey/altera/13.1/nios2eds/bin/gnu/H-i686-pc-linux-gnu/bin/../lib/gcc/nios2-elf/4.7.3/../../../../../H-i686-pc-linux-gnu/nios2-elf/lib/mno-hw-mul/libc.a(lib_a-locale.o)
 .bss           0x00031f28        0x0 /home/pcmonkey/altera/13.1/nios2eds/bin/gnu/H-i686-pc-linux-gnu/bin/../lib/gcc/nios2-elf/4.7.3/../../../../../H-i686-pc-linux-gnu/nios2-elf/lib/mno-hw-mul/libc.a(lib_a-lseekr.o)
 .bss           0x00031f28        0x0 /home/pcmonkey/altera/13.1/nios2eds/bin/gnu/H-i686-pc-linux-gnu/bin/../lib/gcc/nios2-elf/4.7.3/../../../../../H-i686-pc-linux-gnu/nios2-elf/lib/mno-hw-mul/libc.a(lib_a-memchr.o)
 .bss           0x00031f28        0x0 /home/pcmonkey/altera/13.1/nios2eds/bin/gnu/H-i686-pc-linux-gnu/bin/../lib/gcc/nios2-elf/4.7.3/../../../../../H-i686-pc-linux-gnu/nios2-elf/lib/mno-hw-mul/libc.a(lib_a-memcpy.o)
 .bss           0x00031f28        0x0 /home/pcmonkey/altera/13.1/nios2eds/bin/gnu/H-i686-pc-linux-gnu/bin/../lib/gcc/nios2-elf/4.7.3/../../../../../H-i686-pc-linux-gnu/nios2-elf/lib/mno-hw-mul/libc.a(lib_a-memmove.o)
 .bss           0x00031f28        0x0 /home/pcmonkey/altera/13.1/nios2eds/bin/gnu/H-i686-pc-linux-gnu/bin/../lib/gcc/nios2-elf/4.7.3/../../../../../H-i686-pc-linux-gnu/nios2-elf/lib/mno-hw-mul/libc.a(lib_a-mprec.o)
 .bss           0x00031f28        0x0 /home/pcmonkey/altera/13.1/nios2eds/bin/gnu/H-i686-pc-linux-gnu/bin/../lib/gcc/nios2-elf/4.7.3/../../../../../H-i686-pc-linux-gnu/nios2-elf/lib/mno-hw-mul/libc.a(lib_a-readr.o)
 .bss           0x00031f28        0x0 /home/pcmonkey/altera/13.1/nios2eds/bin/gnu/H-i686-pc-linux-gnu/bin/../lib/gcc/nios2-elf/4.7.3/../../../../../H-i686-pc-linux-gnu/nios2-elf/lib/mno-hw-mul/libc.a(lib_a-reallocr.o)
 .bss           0x00031f28        0x0 /home/pcmonkey/altera/13.1/nios2eds/bin/gnu/H-i686-pc-linux-gnu/bin/../lib/gcc/nios2-elf/4.7.3/../../../../../H-i686-pc-linux-gnu/nios2-elf/lib/mno-hw-mul/libc.a(lib_a-s_isinfd.o)
 .bss           0x00031f28        0x0 /home/pcmonkey/altera/13.1/nios2eds/bin/gnu/H-i686-pc-linux-gnu/bin/../lib/gcc/nios2-elf/4.7.3/../../../../../H-i686-pc-linux-gnu/nios2-elf/lib/mno-hw-mul/libc.a(lib_a-s_isnand.o)
 .bss           0x00031f28        0x0 /home/pcmonkey/altera/13.1/nios2eds/bin/gnu/H-i686-pc-linux-gnu/bin/../lib/gcc/nios2-elf/4.7.3/../../../../../H-i686-pc-linux-gnu/nios2-elf/lib/mno-hw-mul/libc.a(lib_a-strcmp.o)
 .bss           0x00031f28        0x0 /home/pcmonkey/altera/13.1/nios2eds/bin/gnu/H-i686-pc-linux-gnu/bin/../lib/gcc/nios2-elf/4.7.3/../../../../../H-i686-pc-linux-gnu/nios2-elf/lib/mno-hw-mul/libc.a(lib_a-callocr.o)
 .bss           0x00031f28        0x0 /home/pcmonkey/altera/13.1/nios2eds/bin/gnu/H-i686-pc-linux-gnu/bin/../lib/gcc/nios2-elf/4.7.3/mno-hw-mul/libgcc.a(_udivdi3.o)
 .bss           0x00031f28        0x0 /home/pcmonkey/altera/13.1/nios2eds/bin/gnu/H-i686-pc-linux-gnu/bin/../lib/gcc/nios2-elf/4.7.3/mno-hw-mul/libgcc.a(_umoddi3.o)
 .bss           0x00031f28        0x0 /home/pcmonkey/altera/13.1/nios2eds/bin/gnu/H-i686-pc-linux-gnu/bin/../lib/gcc/nios2-elf/4.7.3/mno-hw-mul/libgcc.a(_addsub_df.o)
 .bss           0x00031f28        0x0 /home/pcmonkey/altera/13.1/nios2eds/bin/gnu/H-i686-pc-linux-gnu/bin/../lib/gcc/nios2-elf/4.7.3/mno-hw-mul/libgcc.a(_mul_df.o)
 .bss           0x00031f28        0x0 /home/pcmonkey/altera/13.1/nios2eds/bin/gnu/H-i686-pc-linux-gnu/bin/../lib/gcc/nios2-elf/4.7.3/mno-hw-mul/libgcc.a(_div_df.o)
 .bss           0x00031f28        0x0 /home/pcmonkey/altera/13.1/nios2eds/bin/gnu/H-i686-pc-linux-gnu/bin/../lib/gcc/nios2-elf/4.7.3/mno-hw-mul/libgcc.a(_eq_df.o)
 .bss           0x00031f28        0x0 /home/pcmonkey/altera/13.1/nios2eds/bin/gnu/H-i686-pc-linux-gnu/bin/../lib/gcc/nios2-elf/4.7.3/mno-hw-mul/libgcc.a(_ne_df.o)
 .bss           0x00031f28        0x0 /home/pcmonkey/altera/13.1/nios2eds/bin/gnu/H-i686-pc-linux-gnu/bin/../lib/gcc/nios2-elf/4.7.3/mno-hw-mul/libgcc.a(_gt_df.o)
 .bss           0x00031f28        0x0 /home/pcmonkey/altera/13.1/nios2eds/bin/gnu/H-i686-pc-linux-gnu/bin/../lib/gcc/nios2-elf/4.7.3/mno-hw-mul/libgcc.a(_ge_df.o)
 .bss           0x00031f28        0x0 /home/pcmonkey/altera/13.1/nios2eds/bin/gnu/H-i686-pc-linux-gnu/bin/../lib/gcc/nios2-elf/4.7.3/mno-hw-mul/libgcc.a(_lt_df.o)
 .bss           0x00031f28        0x0 /home/pcmonkey/altera/13.1/nios2eds/bin/gnu/H-i686-pc-linux-gnu/bin/../lib/gcc/nios2-elf/4.7.3/mno-hw-mul/libgcc.a(_si_to_df.o)
 .bss           0x00031f28        0x0 /home/pcmonkey/altera/13.1/nios2eds/bin/gnu/H-i686-pc-linux-gnu/bin/../lib/gcc/nios2-elf/4.7.3/mno-hw-mul/libgcc.a(_df_to_si.o)
 .bss           0x00031f28        0x0 /home/pcmonkey/altera/13.1/nios2eds/bin/gnu/H-i686-pc-linux-gnu/bin/../lib/gcc/nios2-elf/4.7.3/mno-hw-mul/libgcc.a(_thenan_df.o)
 .bss           0x00031f28        0x0 /home/pcmonkey/altera/13.1/nios2eds/bin/gnu/H-i686-pc-linux-gnu/bin/../lib/gcc/nios2-elf/4.7.3/mno-hw-mul/libgcc.a(_usi_to_df.o)
 .bss           0x00031f28        0x0 /home/pcmonkey/altera/13.1/nios2eds/bin/gnu/H-i686-pc-linux-gnu/bin/../lib/gcc/nios2-elf/4.7.3/mno-hw-mul/libgcc.a(lib2-divmod.o)
 .bss           0x00031f28        0x0 /home/pcmonkey/altera/13.1/nios2eds/bin/gnu/H-i686-pc-linux-gnu/bin/../lib/gcc/nios2-elf/4.7.3/mno-hw-mul/libgcc.a(_muldi3.o)
 .bss           0x00031f28        0x0 /home/pcmonkey/altera/13.1/nios2eds/bin/gnu/H-i686-pc-linux-gnu/bin/../lib/gcc/nios2-elf/4.7.3/mno-hw-mul/libgcc.a(_clz.o)
 .bss           0x00031f28        0x0 /home/pcmonkey/altera/13.1/nios2eds/bin/gnu/H-i686-pc-linux-gnu/bin/../lib/gcc/nios2-elf/4.7.3/mno-hw-mul/libgcc.a(_clzsi2.o)
 .bss           0x00031f28        0x0 /home/pcmonkey/altera/13.1/nios2eds/bin/gnu/H-i686-pc-linux-gnu/bin/../lib/gcc/nios2-elf/4.7.3/mno-hw-mul/libgcc.a(_pack_df.o)
 .bss           0x00031f28        0x0 /home/pcmonkey/altera/13.1/nios2eds/bin/gnu/H-i686-pc-linux-gnu/bin/../lib/gcc/nios2-elf/4.7.3/mno-hw-mul/libgcc.a(_unpack_df.o)
 .bss           0x00031f28        0x0 /home/pcmonkey/altera/13.1/nios2eds/bin/gnu/H-i686-pc-linux-gnu/bin/../lib/gcc/nios2-elf/4.7.3/mno-hw-mul/libgcc.a(_fpcmp_parts_df.o)
 .bss           0x00031f28        0x0 /home/pcmonkey/altera/13.1/nios2eds/bin/gnu/H-i686-pc-linux-gnu/bin/../lib/gcc/nios2-elf/4.7.3/mno-hw-mul/libgcc.a(_lshrdi3.o)
 .bss           0x00031f28        0x0 /home/pcmonkey/altera/13.1/nios2eds/bin/gnu/H-i686-pc-linux-gnu/bin/../lib/gcc/nios2-elf/4.7.3/mno-hw-mul/libgcc.a(_ashldi3.o)
 .bss           0x00031f28        0x0 ../final_tsp_bsp//libhal_bsp.a(alt_close.o)
 .bss           0x00031f28        0x0 ../final_tsp_bsp//libhal_bsp.a(alt_dev.o)
 .bss           0x00031f28        0x0 ../final_tsp_bsp//libhal_bsp.a(alt_errno.o)
 .bss           0x00031f28        0x0 ../final_tsp_bsp//libhal_bsp.a(alt_fstat.o)
 .bss           0x00031f28        0x0 ../final_tsp_bsp//libhal_bsp.a(alt_isatty.o)
 .bss           0x00031f28        0x0 ../final_tsp_bsp//libhal_bsp.a(alt_load.o)
 .bss           0x00031f28        0x0 ../final_tsp_bsp//libhal_bsp.a(alt_lseek.o)
 .bss           0x00031f28        0x0 ../final_tsp_bsp//libhal_bsp.a(alt_main.o)
 .bss           0x00031f28        0x0 ../final_tsp_bsp//libhal_bsp.a(alt_malloc_lock.o)
 .bss           0x00031f28        0x0 ../final_tsp_bsp//libhal_bsp.a(alt_open.o)
 .bss           0x00031f28        0x0 ../final_tsp_bsp//libhal_bsp.a(alt_read.o)
 .bss           0x00031f28        0x0 ../final_tsp_bsp//libhal_bsp.a(alt_release_fd.o)
 .bss           0x00031f28        0x0 ../final_tsp_bsp//libhal_bsp.a(alt_sbrk.o)
 .bss           0x00031f28        0x0 ../final_tsp_bsp//libhal_bsp.a(alt_usleep.o)
 .bss           0x00031f28        0x0 ../final_tsp_bsp//libhal_bsp.a(alt_write.o)
 .bss           0x00031f28        0x0 ../final_tsp_bsp//libhal_bsp.a(alt_sys_init.o)
 .bss           0x00031f28        0x0 ../final_tsp_bsp//libhal_bsp.a(altera_avalon_jtag_uart_fd.o)
 .bss           0x00031f28        0x0 ../final_tsp_bsp//libhal_bsp.a(altera_avalon_jtag_uart_init.o)
 .bss           0x00031f28        0x0 ../final_tsp_bsp//libhal_bsp.a(altera_avalon_jtag_uart_ioctl.o)
 .bss           0x00031f28        0x0 ../final_tsp_bsp//libhal_bsp.a(altera_avalon_jtag_uart_read.o)
 .bss           0x00031f28        0x0 ../final_tsp_bsp//libhal_bsp.a(altera_avalon_jtag_uart_write.o)
 .bss           0x00031f28        0x0 ../final_tsp_bsp//libhal_bsp.a(altera_avalon_timer_sc.o)
 .bss           0x00031f28        0x0 ../final_tsp_bsp//libhal_bsp.a(alt_alarm_start.o)
 .bss           0x00031f28        0x0 ../final_tsp_bsp//libhal_bsp.a(alt_busy_sleep.o)
 .bss           0x00031f28        0x0 ../final_tsp_bsp//libhal_bsp.a(alt_dcache_flush_all.o)
 .bss           0x00031f28        0x0 ../final_tsp_bsp//libhal_bsp.a(alt_dev_llist_insert.o)
 .bss           0x00031f28        0x0 ../final_tsp_bsp//libhal_bsp.a(alt_do_ctors.o)
 .bss           0x00031f28        0x0 ../final_tsp_bsp//libhal_bsp.a(alt_do_dtors.o)
 .bss           0x00031f28        0x0 ../final_tsp_bsp//libhal_bsp.a(alt_find_dev.o)
 .bss           0x00031f28        0x0 ../final_tsp_bsp//libhal_bsp.a(alt_find_file.o)
 .bss           0x00031f28        0x0 ../final_tsp_bsp//libhal_bsp.a(alt_get_fd.o)
 .bss           0x00031f28        0x0 ../final_tsp_bsp//libhal_bsp.a(alt_icache_flush_all.o)
 .bss           0x00031f28        0x0 ../final_tsp_bsp//libhal_bsp.a(alt_iic.o)
 .bss           0x00031f28        0x0 ../final_tsp_bsp//libhal_bsp.a(alt_iic_isr_register.o)
 .bss           0x00031f28        0x0 ../final_tsp_bsp//libhal_bsp.a(alt_io_redirect.o)
 .bss           0x00031f28        0x0 ../final_tsp_bsp//libhal_bsp.a(alt_irq_entry.o)
 .bss           0x00031f28        0x0 ../final_tsp_bsp//libhal_bsp.a(alt_irq_handler.o)
 .bss           0x00031f28        0x0 ../final_tsp_bsp//libhal_bsp.a(alt_irq_vars.o)
 .bss           0x00031f28        0x0 ../final_tsp_bsp//libhal_bsp.a(alt_tick.o)
 .bss           0x00031f28        0x0 ../final_tsp_bsp//libhal_bsp.a(altera_nios2_qsys_irq.o)
 .bss           0x00031f28        0x0 ../final_tsp_bsp//libhal_bsp.a(alt_exception_entry.o)
 .bss           0x00031f28        0x0 ../final_tsp_bsp//libhal_bsp.a(alt_icache_flush.o)
 .bss           0x00031f28        0x0 /home/pcmonkey/altera/13.1/nios2eds/bin/gnu/H-i686-pc-linux-gnu/bin/../lib/gcc/nios2-elf/4.7.3/../../../../../H-i686-pc-linux-gnu/nios2-elf/lib/mno-hw-mul/libc.a(lib_a-atexit.o)
 .bss           0x00031f28        0x0 /home/pcmonkey/altera/13.1/nios2eds/bin/gnu/H-i686-pc-linux-gnu/bin/../lib/gcc/nios2-elf/4.7.3/../../../../../H-i686-pc-linux-gnu/nios2-elf/lib/mno-hw-mul/libc.a(lib_a-exit.o)
 .bss           0x00031f28        0x0 /home/pcmonkey/altera/13.1/nios2eds/bin/gnu/H-i686-pc-linux-gnu/bin/../lib/gcc/nios2-elf/4.7.3/../../../../../H-i686-pc-linux-gnu/nios2-elf/lib/mno-hw-mul/libc.a(lib_a-memcmp.o)
 .bss           0x00031f28        0x0 /home/pcmonkey/altera/13.1/nios2eds/bin/gnu/H-i686-pc-linux-gnu/bin/../lib/gcc/nios2-elf/4.7.3/../../../../../H-i686-pc-linux-gnu/nios2-elf/lib/mno-hw-mul/libc.a(lib_a-__atexit.o)
 .bss           0x00031f28        0x0 /home/pcmonkey/altera/13.1/nios2eds/bin/gnu/H-i686-pc-linux-gnu/bin/../lib/gcc/nios2-elf/4.7.3/../../../../../H-i686-pc-linux-gnu/nios2-elf/lib/mno-hw-mul/libc.a(lib_a-__call_atexit.o)
 .bss           0x00031f28        0x0 ../final_tsp_bsp//libhal_bsp.a(alt_exit.o)
 *(COMMON)
 COMMON         0x00031f28      0x100 ../final_tsp_bsp//libhal_bsp.a(alt_irq_handler.o)
                0x00031f28                alt_irq
 COMMON         0x00032028      0x190 /home/pcmonkey/altera/13.1/nios2eds/bin/gnu/H-i686-pc-linux-gnu/bin/../lib/gcc/nios2-elf/4.7.3/../../../../../H-i686-pc-linux-gnu/nios2-elf/lib/mno-hw-mul/libc.a(lib_a-atexit.o)
                0x00032028                _atexit0
                0x000321b8                . = ALIGN (0x4)
                0x000321b8                __bss_end = ABSOLUTE (.)

.tightly_coupled_instruction_memory
                0x000321b8        0x0
                0x000321b8                PROVIDE (_alt_partition_tightly_coupled_instruction_memory_start, ABSOLUTE (.))
 *(.tightly_coupled_instruction_memory .tightly_coupled_instruction_memory. tightly_coupled_instruction_memory.*)
                0x000321b8                . = ALIGN (0x4)
                0x000321b8                PROVIDE (_alt_partition_tightly_coupled_instruction_memory_end, ABSOLUTE (.))
                0x000321b8                _end = ABSOLUTE (.)
                0x000321b8                end = ABSOLUTE (.)
                0x000321b8                __alt_stack_base = ABSOLUTE (.)
                0x000321b8                PROVIDE (_alt_partition_tightly_coupled_instruction_memory_load_addr, LOADADDR (.tightly_coupled_instruction_memory))

.tightly_coupled_data_memory
                0x00040000        0x0 load address 0x000321b8
                0x00040000                PROVIDE (_alt_partition_tightly_coupled_data_memory_start, ABSOLUTE (.))
 *(.tightly_coupled_data_memory .tightly_coupled_data_memory. tightly_coupled_data_memory.*)
                0x00040000                . = ALIGN (0x4)
                0x00040000                PROVIDE (_alt_partition_tightly_coupled_data_memory_end, ABSOLUTE (.))
                0x000321b8                PROVIDE (_alt_partition_tightly_coupled_data_memory_load_addr, LOADADDR (.tightly_coupled_data_memory))

.stab
 *(.stab)

.stabstr
 *(.stabstr)

.stab.excl
 *(.stab.excl)

.stab.exclstr
 *(.stab.exclstr)

.stab.index
 *(.stab.index)

.stab.indexstr
 *(.stab.indexstr)

.comment        0x00000000       0x23
 *(.comment)
 .comment       0x00000000       0x23 obj/default/hello_world.o
                                 0x24 (size before relaxing)
 .comment       0x00000000       0x24 /home/pcmonkey/altera/13.1/nios2eds/bin/gnu/H-i686-pc-linux-gnu/bin/../lib/gcc/nios2-elf/4.7.3/mno-hw-mul/libgcc.a(lib2-mul.o)
 .comment       0x00000000       0x24 /home/pcmonkey/altera/13.1/nios2eds/bin/gnu/H-i686-pc-linux-gnu/bin/../lib/gcc/nios2-elf/4.7.3/../../../../../H-i686-pc-linux-gnu/nios2-elf/lib/mno-hw-mul/libc.a(lib_a-fclose.o)
 .comment       0x00000000       0x24 /home/pcmonkey/altera/13.1/nios2eds/bin/gnu/H-i686-pc-linux-gnu/bin/../lib/gcc/nios2-elf/4.7.3/../../../../../H-i686-pc-linux-gnu/nios2-elf/lib/mno-hw-mul/libc.a(lib_a-fflush.o)
 .comment       0x00000000       0x24 /home/pcmonkey/altera/13.1/nios2eds/bin/gnu/H-i686-pc-linux-gnu/bin/../lib/gcc/nios2-elf/4.7.3/../../../../../H-i686-pc-linux-gnu/nios2-elf/lib/mno-hw-mul/libc.a(lib_a-findfp.o)
 .comment       0x00000000       0x24 /home/pcmonkey/altera/13.1/nios2eds/bin/gnu/H-i686-pc-linux-gnu/bin/../lib/gcc/nios2-elf/4.7.3/../../../../../H-i686-pc-linux-gnu/nios2-elf/lib/mno-hw-mul/libc.a(lib_a-fopen.o)
 .comment       0x00000000       0x24 /home/pcmonkey/altera/13.1/nios2eds/bin/gnu/H-i686-pc-linux-gnu/bin/../lib/gcc/nios2-elf/4.7.3/../../../../../H-i686-pc-linux-gnu/nios2-elf/lib/mno-hw-mul/libc.a(lib_a-fprintf.o)
 .comment       0x00000000       0x24 /home/pcmonkey/altera/13.1/nios2eds/bin/gnu/H-i686-pc-linux-gnu/bin/../lib/gcc/nios2-elf/4.7.3/../../../../../H-i686-pc-linux-gnu/nios2-elf/lib/mno-hw-mul/libc.a(lib_a-freer.o)
 .comment       0x00000000       0x24 /home/pcmonkey/altera/13.1/nios2eds/bin/gnu/H-i686-pc-linux-gnu/bin/../lib/gcc/nios2-elf/4.7.3/../../../../../H-i686-pc-linux-gnu/nios2-elf/lib/mno-hw-mul/libc.a(lib_a-fseek.o)
 .comment       0x00000000       0x24 /home/pcmonkey/altera/13.1/nios2eds/bin/gnu/H-i686-pc-linux-gnu/bin/../lib/gcc/nios2-elf/4.7.3/../../../../../H-i686-pc-linux-gnu/nios2-elf/lib/mno-hw-mul/libc.a(lib_a-fstatr.o)
 .comment       0x00000000       0x24 /home/pcmonkey/altera/13.1/nios2eds/bin/gnu/H-i686-pc-linux-gnu/bin/../lib/gcc/nios2-elf/4.7.3/../../../../../H-i686-pc-linux-gnu/nios2-elf/lib/mno-hw-mul/libc.a(lib_a-fwalk.o)
 .comment       0x00000000       0x24 /home/pcmonkey/altera/13.1/nios2eds/bin/gnu/H-i686-pc-linux-gnu/bin/../lib/gcc/nios2-elf/4.7.3/../../../../../H-i686-pc-linux-gnu/nios2-elf/lib/mno-hw-mul/libc.a(lib_a-impure.o)
 .comment       0x00000000       0x24 /home/pcmonkey/altera/13.1/nios2eds/bin/gnu/H-i686-pc-linux-gnu/bin/../lib/gcc/nios2-elf/4.7.3/../../../../../H-i686-pc-linux-gnu/nios2-elf/lib/mno-hw-mul/libc.a(lib_a-int_errno.o)
 .comment       0x00000000       0x24 /home/pcmonkey/altera/13.1/nios2eds/bin/gnu/H-i686-pc-linux-gnu/bin/../lib/gcc/nios2-elf/4.7.3/../../../../../H-i686-pc-linux-gnu/nios2-elf/lib/mno-hw-mul/libc.a(lib_a-makebuf.o)
 .comment       0x00000000       0x24 /home/pcmonkey/altera/13.1/nios2eds/bin/gnu/H-i686-pc-linux-gnu/bin/../lib/gcc/nios2-elf/4.7.3/../../../../../H-i686-pc-linux-gnu/nios2-elf/lib/mno-hw-mul/libc.a(lib_a-mallocr.o)
 .comment       0x00000000       0x24 /home/pcmonkey/altera/13.1/nios2eds/bin/gnu/H-i686-pc-linux-gnu/bin/../lib/gcc/nios2-elf/4.7.3/../../../../../H-i686-pc-linux-gnu/nios2-elf/lib/mno-hw-mul/libc.a(lib_a-memset.o)
 .comment       0x00000000       0x24 /home/pcmonkey/altera/13.1/nios2eds/bin/gnu/H-i686-pc-linux-gnu/bin/../lib/gcc/nios2-elf/4.7.3/../../../../../H-i686-pc-linux-gnu/nios2-elf/lib/mno-hw-mul/libc.a(lib_a-openr.o)
 .comment       0x00000000       0x24 /home/pcmonkey/altera/13.1/nios2eds/bin/gnu/H-i686-pc-linux-gnu/bin/../lib/gcc/nios2-elf/4.7.3/../../../../../H-i686-pc-linux-gnu/nios2-elf/lib/mno-hw-mul/libc.a(lib_a-puts.o)
 .comment       0x00000000       0x24 /home/pcmonkey/altera/13.1/nios2eds/bin/gnu/H-i686-pc-linux-gnu/bin/../lib/gcc/nios2-elf/4.7.3/../../../../../H-i686-pc-linux-gnu/nios2-elf/lib/mno-hw-mul/libc.a(lib_a-refill.o)
 .comment       0x00000000       0x24 /home/pcmonkey/altera/13.1/nios2eds/bin/gnu/H-i686-pc-linux-gnu/bin/../lib/gcc/nios2-elf/4.7.3/../../../../../H-i686-pc-linux-gnu/nios2-elf/lib/mno-hw-mul/libc.a(lib_a-sbrkr.o)
 .comment       0x00000000       0x24 /home/pcmonkey/altera/13.1/nios2eds/bin/gnu/H-i686-pc-linux-gnu/bin/../lib/gcc/nios2-elf/4.7.3/../../../../../H-i686-pc-linux-gnu/nios2-elf/lib/mno-hw-mul/libc.a(lib_a-stdio.o)
 .comment       0x00000000       0x24 /home/pcmonkey/altera/13.1/nios2eds/bin/gnu/H-i686-pc-linux-gnu/bin/../lib/gcc/nios2-elf/4.7.3/../../../../../H-i686-pc-linux-gnu/nios2-elf/lib/mno-hw-mul/libc.a(lib_a-strlen.o)
 .comment       0x00000000       0x24 /home/pcmonkey/altera/13.1/nios2eds/bin/gnu/H-i686-pc-linux-gnu/bin/../lib/gcc/nios2-elf/4.7.3/../../../../../H-i686-pc-linux-gnu/nios2-elf/lib/mno-hw-mul/libc.a(lib_a-vfprintf.o)
 .comment       0x00000000       0x24 /home/pcmonkey/altera/13.1/nios2eds/bin/gnu/H-i686-pc-linux-gnu/bin/../lib/gcc/nios2-elf/4.7.3/../../../../../H-i686-pc-linux-gnu/nios2-elf/lib/mno-hw-mul/libc.a(lib_a-writer.o)
 .comment       0x00000000       0x24 /home/pcmonkey/altera/13.1/nios2eds/bin/gnu/H-i686-pc-linux-gnu/bin/../lib/gcc/nios2-elf/4.7.3/../../../../../H-i686-pc-linux-gnu/nios2-elf/lib/mno-hw-mul/libc.a(lib_a-wsetup.o)
 .comment       0x00000000       0x24 /home/pcmonkey/altera/13.1/nios2eds/bin/gnu/H-i686-pc-linux-gnu/bin/../lib/gcc/nios2-elf/4.7.3/../../../../../H-i686-pc-linux-gnu/nios2-elf/lib/mno-hw-mul/libc.a(lib_a-closer.o)
 .comment       0x00000000       0x24 /home/pcmonkey/altera/13.1/nios2eds/bin/gnu/H-i686-pc-linux-gnu/bin/../lib/gcc/nios2-elf/4.7.3/../../../../../H-i686-pc-linux-gnu/nios2-elf/lib/mno-hw-mul/libc.a(lib_a-dtoa.o)
 .comment       0x00000000       0x24 /home/pcmonkey/altera/13.1/nios2eds/bin/gnu/H-i686-pc-linux-gnu/bin/../lib/gcc/nios2-elf/4.7.3/../../../../../H-i686-pc-linux-gnu/nios2-elf/lib/mno-hw-mul/libc.a(lib_a-flags.o)
 .comment       0x00000000       0x24 /home/pcmonkey/altera/13.1/nios2eds/bin/gnu/H-i686-pc-linux-gnu/bin/../lib/gcc/nios2-elf/4.7.3/../../../../../H-i686-pc-linux-gnu/nios2-elf/lib/mno-hw-mul/libc.a(lib_a-fvwrite.o)
 .comment       0x00000000       0x24 /home/pcmonkey/altera/13.1/nios2eds/bin/gnu/H-i686-pc-linux-gnu/bin/../lib/gcc/nios2-elf/4.7.3/../../../../../H-i686-pc-linux-gnu/nios2-elf/lib/mno-hw-mul/libc.a(lib_a-isattyr.o)
 .comment       0x00000000       0x24 /home/pcmonkey/altera/13.1/nios2eds/bin/gnu/H-i686-pc-linux-gnu/bin/../lib/gcc/nios2-elf/4.7.3/../../../../../H-i686-pc-linux-gnu/nios2-elf/lib/mno-hw-mul/libc.a(lib_a-locale.o)
 .comment       0x00000000       0x24 /home/pcmonkey/altera/13.1/nios2eds/bin/gnu/H-i686-pc-linux-gnu/bin/../lib/gcc/nios2-elf/4.7.3/../../../../../H-i686-pc-linux-gnu/nios2-elf/lib/mno-hw-mul/libc.a(lib_a-lseekr.o)
 .comment       0x00000000       0x24 /home/pcmonkey/altera/13.1/nios2eds/bin/gnu/H-i686-pc-linux-gnu/bin/../lib/gcc/nios2-elf/4.7.3/../../../../../H-i686-pc-linux-gnu/nios2-elf/lib/mno-hw-mul/libc.a(lib_a-memchr.o)
 .comment       0x00000000       0x24 /home/pcmonkey/altera/13.1/nios2eds/bin/gnu/H-i686-pc-linux-gnu/bin/../lib/gcc/nios2-elf/4.7.3/../../../../../H-i686-pc-linux-gnu/nios2-elf/lib/mno-hw-mul/libc.a(lib_a-memcpy.o)
 .comment       0x00000000       0x24 /home/pcmonkey/altera/13.1/nios2eds/bin/gnu/H-i686-pc-linux-gnu/bin/../lib/gcc/nios2-elf/4.7.3/../../../../../H-i686-pc-linux-gnu/nios2-elf/lib/mno-hw-mul/libc.a(lib_a-memmove.o)
 .comment       0x00000000       0x24 /home/pcmonkey/altera/13.1/nios2eds/bin/gnu/H-i686-pc-linux-gnu/bin/../lib/gcc/nios2-elf/4.7.3/../../../../../H-i686-pc-linux-gnu/nios2-elf/lib/mno-hw-mul/libc.a(lib_a-mprec.o)
 .comment       0x00000000       0x24 /home/pcmonkey/altera/13.1/nios2eds/bin/gnu/H-i686-pc-linux-gnu/bin/../lib/gcc/nios2-elf/4.7.3/../../../../../H-i686-pc-linux-gnu/nios2-elf/lib/mno-hw-mul/libc.a(lib_a-readr.o)
 .comment       0x00000000       0x24 /home/pcmonkey/altera/13.1/nios2eds/bin/gnu/H-i686-pc-linux-gnu/bin/../lib/gcc/nios2-elf/4.7.3/../../../../../H-i686-pc-linux-gnu/nios2-elf/lib/mno-hw-mul/libc.a(lib_a-reallocr.o)
 .comment       0x00000000       0x24 /home/pcmonkey/altera/13.1/nios2eds/bin/gnu/H-i686-pc-linux-gnu/bin/../lib/gcc/nios2-elf/4.7.3/../../../../../H-i686-pc-linux-gnu/nios2-elf/lib/mno-hw-mul/libc.a(lib_a-s_isinfd.o)
 .comment       0x00000000       0x24 /home/pcmonkey/altera/13.1/nios2eds/bin/gnu/H-i686-pc-linux-gnu/bin/../lib/gcc/nios2-elf/4.7.3/../../../../../H-i686-pc-linux-gnu/nios2-elf/lib/mno-hw-mul/libc.a(lib_a-s_isnand.o)
 .comment       0x00000000       0x24 /home/pcmonkey/altera/13.1/nios2eds/bin/gnu/H-i686-pc-linux-gnu/bin/../lib/gcc/nios2-elf/4.7.3/../../../../../H-i686-pc-linux-gnu/nios2-elf/lib/mno-hw-mul/libc.a(lib_a-strcmp.o)
 .comment       0x00000000       0x24 /home/pcmonkey/altera/13.1/nios2eds/bin/gnu/H-i686-pc-linux-gnu/bin/../lib/gcc/nios2-elf/4.7.3/../../../../../H-i686-pc-linux-gnu/nios2-elf/lib/mno-hw-mul/libc.a(lib_a-callocr.o)
 .comment       0x00000000       0x24 /home/pcmonkey/altera/13.1/nios2eds/bin/gnu/H-i686-pc-linux-gnu/bin/../lib/gcc/nios2-elf/4.7.3/mno-hw-mul/libgcc.a(_udivdi3.o)
 .comment       0x00000000       0x24 /home/pcmonkey/altera/13.1/nios2eds/bin/gnu/H-i686-pc-linux-gnu/bin/../lib/gcc/nios2-elf/4.7.3/mno-hw-mul/libgcc.a(_umoddi3.o)
 .comment       0x00000000       0x24 /home/pcmonkey/altera/13.1/nios2eds/bin/gnu/H-i686-pc-linux-gnu/bin/../lib/gcc/nios2-elf/4.7.3/mno-hw-mul/libgcc.a(_addsub_df.o)
 .comment       0x00000000       0x24 /home/pcmonkey/altera/13.1/nios2eds/bin/gnu/H-i686-pc-linux-gnu/bin/../lib/gcc/nios2-elf/4.7.3/mno-hw-mul/libgcc.a(_mul_df.o)
 .comment       0x00000000       0x24 /home/pcmonkey/altera/13.1/nios2eds/bin/gnu/H-i686-pc-linux-gnu/bin/../lib/gcc/nios2-elf/4.7.3/mno-hw-mul/libgcc.a(_div_df.o)
 .comment       0x00000000       0x24 /home/pcmonkey/altera/13.1/nios2eds/bin/gnu/H-i686-pc-linux-gnu/bin/../lib/gcc/nios2-elf/4.7.3/mno-hw-mul/libgcc.a(_eq_df.o)
 .comment       0x00000000       0x24 /home/pcmonkey/altera/13.1/nios2eds/bin/gnu/H-i686-pc-linux-gnu/bin/../lib/gcc/nios2-elf/4.7.3/mno-hw-mul/libgcc.a(_ne_df.o)
 .comment       0x00000000       0x24 /home/pcmonkey/altera/13.1/nios2eds/bin/gnu/H-i686-pc-linux-gnu/bin/../lib/gcc/nios2-elf/4.7.3/mno-hw-mul/libgcc.a(_gt_df.o)
 .comment       0x00000000       0x24 /home/pcmonkey/altera/13.1/nios2eds/bin/gnu/H-i686-pc-linux-gnu/bin/../lib/gcc/nios2-elf/4.7.3/mno-hw-mul/libgcc.a(_ge_df.o)
 .comment       0x00000000       0x24 /home/pcmonkey/altera/13.1/nios2eds/bin/gnu/H-i686-pc-linux-gnu/bin/../lib/gcc/nios2-elf/4.7.3/mno-hw-mul/libgcc.a(_lt_df.o)
 .comment       0x00000000       0x24 /home/pcmonkey/altera/13.1/nios2eds/bin/gnu/H-i686-pc-linux-gnu/bin/../lib/gcc/nios2-elf/4.7.3/mno-hw-mul/libgcc.a(_si_to_df.o)
 .comment       0x00000000       0x24 /home/pcmonkey/altera/13.1/nios2eds/bin/gnu/H-i686-pc-linux-gnu/bin/../lib/gcc/nios2-elf/4.7.3/mno-hw-mul/libgcc.a(_df_to_si.o)
 .comment       0x00000000       0x24 /home/pcmonkey/altera/13.1/nios2eds/bin/gnu/H-i686-pc-linux-gnu/bin/../lib/gcc/nios2-elf/4.7.3/mno-hw-mul/libgcc.a(_thenan_df.o)
 .comment       0x00000000       0x24 /home/pcmonkey/altera/13.1/nios2eds/bin/gnu/H-i686-pc-linux-gnu/bin/../lib/gcc/nios2-elf/4.7.3/mno-hw-mul/libgcc.a(_usi_to_df.o)
 .comment       0x00000000       0x24 /home/pcmonkey/altera/13.1/nios2eds/bin/gnu/H-i686-pc-linux-gnu/bin/../lib/gcc/nios2-elf/4.7.3/mno-hw-mul/libgcc.a(lib2-divmod.o)
 .comment       0x00000000       0x24 /home/pcmonkey/altera/13.1/nios2eds/bin/gnu/H-i686-pc-linux-gnu/bin/../lib/gcc/nios2-elf/4.7.3/mno-hw-mul/libgcc.a(_muldi3.o)
 .comment       0x00000000       0x24 /home/pcmonkey/altera/13.1/nios2eds/bin/gnu/H-i686-pc-linux-gnu/bin/../lib/gcc/nios2-elf/4.7.3/mno-hw-mul/libgcc.a(_clz.o)
 .comment       0x00000000       0x24 /home/pcmonkey/altera/13.1/nios2eds/bin/gnu/H-i686-pc-linux-gnu/bin/../lib/gcc/nios2-elf/4.7.3/mno-hw-mul/libgcc.a(_clzsi2.o)
 .comment       0x00000000       0x24 /home/pcmonkey/altera/13.1/nios2eds/bin/gnu/H-i686-pc-linux-gnu/bin/../lib/gcc/nios2-elf/4.7.3/mno-hw-mul/libgcc.a(_pack_df.o)
 .comment       0x00000000       0x24 /home/pcmonkey/altera/13.1/nios2eds/bin/gnu/H-i686-pc-linux-gnu/bin/../lib/gcc/nios2-elf/4.7.3/mno-hw-mul/libgcc.a(_unpack_df.o)
 .comment       0x00000000       0x24 /home/pcmonkey/altera/13.1/nios2eds/bin/gnu/H-i686-pc-linux-gnu/bin/../lib/gcc/nios2-elf/4.7.3/mno-hw-mul/libgcc.a(_fpcmp_parts_df.o)
 .comment       0x00000000       0x24 /home/pcmonkey/altera/13.1/nios2eds/bin/gnu/H-i686-pc-linux-gnu/bin/../lib/gcc/nios2-elf/4.7.3/mno-hw-mul/libgcc.a(_lshrdi3.o)
 .comment       0x00000000       0x24 /home/pcmonkey/altera/13.1/nios2eds/bin/gnu/H-i686-pc-linux-gnu/bin/../lib/gcc/nios2-elf/4.7.3/mno-hw-mul/libgcc.a(_ashldi3.o)
 .comment       0x00000000       0x24 ../final_tsp_bsp//libhal_bsp.a(alt_close.o)
 .comment       0x00000000       0x24 ../final_tsp_bsp//libhal_bsp.a(alt_dev.o)
 .comment       0x00000000       0x24 ../final_tsp_bsp//libhal_bsp.a(alt_errno.o)
 .comment       0x00000000       0x24 ../final_tsp_bsp//libhal_bsp.a(alt_fstat.o)
 .comment       0x00000000       0x24 ../final_tsp_bsp//libhal_bsp.a(alt_isatty.o)
 .comment       0x00000000       0x24 ../final_tsp_bsp//libhal_bsp.a(alt_load.o)
 .comment       0x00000000       0x24 ../final_tsp_bsp//libhal_bsp.a(alt_lseek.o)
 .comment       0x00000000       0x24 ../final_tsp_bsp//libhal_bsp.a(alt_main.o)
 .comment       0x00000000       0x24 ../final_tsp_bsp//libhal_bsp.a(alt_malloc_lock.o)
 .comment       0x00000000       0x24 ../final_tsp_bsp//libhal_bsp.a(alt_open.o)
 .comment       0x00000000       0x24 ../final_tsp_bsp//libhal_bsp.a(alt_read.o)
 .comment       0x00000000       0x24 ../final_tsp_bsp//libhal_bsp.a(alt_release_fd.o)
 .comment       0x00000000       0x24 ../final_tsp_bsp//libhal_bsp.a(alt_sbrk.o)
 .comment       0x00000000       0x24 ../final_tsp_bsp//libhal_bsp.a(alt_usleep.o)
 .comment       0x00000000       0x24 ../final_tsp_bsp//libhal_bsp.a(alt_write.o)
 .comment       0x00000000       0x24 ../final_tsp_bsp//libhal_bsp.a(alt_sys_init.o)
 .comment       0x00000000       0x24 ../final_tsp_bsp//libhal_bsp.a(altera_avalon_jtag_uart_fd.o)
 .comment       0x00000000       0x24 ../final_tsp_bsp//libhal_bsp.a(altera_avalon_jtag_uart_init.o)
 .comment       0x00000000       0x24 ../final_tsp_bsp//libhal_bsp.a(altera_avalon_jtag_uart_ioctl.o)
 .comment       0x00000000       0x24 ../final_tsp_bsp//libhal_bsp.a(altera_avalon_jtag_uart_read.o)
 .comment       0x00000000       0x24 ../final_tsp_bsp//libhal_bsp.a(altera_avalon_jtag_uart_write.o)
 .comment       0x00000000       0x24 ../final_tsp_bsp//libhal_bsp.a(altera_avalon_timer_sc.o)
 .comment       0x00000000       0x24 ../final_tsp_bsp//libhal_bsp.a(alt_alarm_start.o)