Archive member included because of file (symbol)

/home/pcmonkey/altera/13.1/nios2eds/bin/gnu/H-i686-pc-linux-gnu/bin/../lib/gcc/nios2-elf/4.7.3/mno-hw-mul/libgcc.a(lib2-mul.o)
                              obj/default/umain.o (__mulsi3)
/home/pcmonkey/altera/13.1/nios2eds/bin/gnu/H-i686-pc-linux-gnu/bin/../lib/gcc/nios2-elf/4.7.3/../../../../../H-i686-pc-linux-gnu/nios2-elf/lib/mno-hw-mul/libc.a(lib_a-fclose.o)
                              obj/default/umain.o (fclose)
/home/pcmonkey/altera/13.1/nios2eds/bin/gnu/H-i686-pc-linux-gnu/bin/../lib/gcc/nios2-elf/4.7.3/../../../../../H-i686-pc-linux-gnu/nios2-elf/lib/mno-hw-mul/libc.a(lib_a-fflush.o)
                              /home/pcmonkey/altera/13.1/nios2eds/bin/gnu/H-i686-pc-linux-gnu/bin/../lib/gcc/nios2-elf/4.7.3/../../../../../H-i686-pc-linux-gnu/nios2-elf/lib/mno-hw-mul/libc.a(lib_a-fclose.o) (_fflush_r)
/home/pcmonkey/altera/13.1/nios2eds/bin/gnu/H-i686-pc-linux-gnu/bin/../lib/gcc/nios2-elf/4.7.3/../../../../../H-i686-pc-linux-gnu/nios2-elf/lib/mno-hw-mul/libc.a(lib_a-findfp.o)
                              /home/pcmonkey/altera/13.1/nios2eds/bin/gnu/H-i686-pc-linux-gnu/bin/../lib/gcc/nios2-elf/4.7.3/../../../../../H-i686-pc-linux-gnu/nios2-elf/lib/mno-hw-mul/libc.a(lib_a-fclose.o) (__sinit)
/home/pcmonkey/altera/13.1/nios2eds/bin/gnu/H-i686-pc-linux-gnu/bin/../lib/gcc/nios2-elf/4.7.3/../../../../../H-i686-pc-linux-gnu/nios2-elf/lib/mno-hw-mul/libc.a(lib_a-fopen.o)
                              obj/default/umain.o (fopen)
/home/pcmonkey/altera/13.1/nios2eds/bin/gnu/H-i686-pc-linux-gnu/bin/../lib/gcc/nios2-elf/4.7.3/../../../../../H-i686-pc-linux-gnu/nios2-elf/lib/mno-hw-mul/libc.a(lib_a-fprintf.o)
                              obj/default/umain.o (fprintf)
/home/pcmonkey/altera/13.1/nios2eds/bin/gnu/H-i686-pc-linux-gnu/bin/../lib/gcc/nios2-elf/4.7.3/../../../../../H-i686-pc-linux-gnu/nios2-elf/lib/mno-hw-mul/libc.a(lib_a-freer.o)
                              /home/pcmonkey/altera/13.1/nios2eds/bin/gnu/H-i686-pc-linux-gnu/bin/../lib/gcc/nios2-elf/4.7.3/../../../../../H-i686-pc-linux-gnu/nios2-elf/lib/mno-hw-mul/libc.a(lib_a-fclose.o) (_free_r)
/home/pcmonkey/altera/13.1/nios2eds/bin/gnu/H-i686-pc-linux-gnu/bin/../lib/gcc/nios2-elf/4.7.3/../../../../../H-i686-pc-linux-gnu/nios2-elf/lib/mno-hw-mul/libc.a(lib_a-fseek.o)
                              /home/pcmonkey/altera/13.1/nios2eds/bin/gnu/H-i686-pc-linux-gnu/bin/../lib/gcc/nios2-elf/4.7.3/../../../../../H-i686-pc-linux-gnu/nios2-elf/lib/mno-hw-mul/libc.a(lib_a-fopen.o) (_fseek_r)
/home/pcmonkey/altera/13.1/nios2eds/bin/gnu/H-i686-pc-linux-gnu/bin/../lib/gcc/nios2-elf/4.7.3/../../../../../H-i686-pc-linux-gnu/nios2-elf/lib/mno-hw-mul/libc.a(lib_a-fstatr.o)
                              /home/pcmonkey/altera/13.1/nios2eds/bin/gnu/H-i686-pc-linux-gnu/bin/../lib/gcc/nios2-elf/4.7.3/../../../../../H-i686-pc-linux-gnu/nios2-elf/lib/mno-hw-mul/libc.a(lib_a-fseek.o) (_fstat_r)
/home/pcmonkey/altera/13.1/nios2eds/bin/gnu/H-i686-pc-linux-gnu/bin/../lib/gcc/nios2-elf/4.7.3/../../../../../H-i686-pc-linux-gnu/nios2-elf/lib/mno-hw-mul/libc.a(lib_a-fwalk.o)
                              /home/pcmonkey/altera/13.1/nios2eds/bin/gnu/H-i686-pc-linux-gnu/bin/../lib/gcc/nios2-elf/4.7.3/../../../../../H-i686-pc-linux-gnu/nios2-elf/lib/mno-hw-mul/libc.a(lib_a-findfp.o) (_fwalk)
/home/pcmonkey/altera/13.1/nios2eds/bin/gnu/H-i686-pc-linux-gnu/bin/../lib/gcc/nios2-elf/4.7.3/../../../../../H-i686-pc-linux-gnu/nios2-elf/lib/mno-hw-mul/libc.a(lib_a-impure.o)
                              /home/pcmonkey/altera/13.1/nios2eds/bin/gnu/H-i686-pc-linux-gnu/bin/../lib/gcc/nios2-elf/4.7.3/../../../../../H-i686-pc-linux-gnu/nios2-elf/lib/mno-hw-mul/libc.a(lib_a-fflush.o) (_global_impure_ptr)
/home/pcmonkey/altera/13.1/nios2eds/bin/gnu/H-i686-pc-linux-gnu/bin/../lib/gcc/nios2-elf/4.7.3/../../../../../H-i686-pc-linux-gnu/nios2-elf/lib/mno-hw-mul/libc.a(lib_a-int_errno.o)
                              /home/pcmonkey/altera/13.1/nios2eds/bin/gnu/H-i686-pc-linux-gnu/bin/../lib/gcc/nios2-elf/4.7.3/../../../../../H-i686-pc-linux-gnu/nios2-elf/lib/mno-hw-mul/libc.a(lib_a-fstatr.o) (errno)
/home/pcmonkey/altera/13.1/nios2eds/bin/gnu/H-i686-pc-linux-gnu/bin/../lib/gcc/nios2-elf/4.7.3/../../../../../H-i686-pc-linux-gnu/nios2-elf/lib/mno-hw-mul/libc.a(lib_a-makebuf.o)
                              /home/pcmonkey/altera/13.1/nios2eds/bin/gnu/H-i686-pc-linux-gnu/bin/../lib/gcc/nios2-elf/4.7.3/../../../../../H-i686-pc-linux-gnu/nios2-elf/lib/mno-hw-mul/libc.a(lib_a-fseek.o) (__smakebuf_r)
/home/pcmonkey/altera/13.1/nios2eds/bin/gnu/H-i686-pc-linux-gnu/bin/../lib/gcc/nios2-elf/4.7.3/../../../../../H-i686-pc-linux-gnu/nios2-elf/lib/mno-hw-mul/libc.a(lib_a-mallocr.o)
                              /home/pcmonkey/altera/13.1/nios2eds/bin/gnu/H-i686-pc-linux-gnu/bin/../lib/gcc/nios2-elf/4.7.3/../../../../../H-i686-pc-linux-gnu/nios2-elf/lib/mno-hw-mul/libc.a(lib_a-findfp.o) (_malloc_r)
[...]
Memory Configuration

Name             Origin             Length             Attributes
reset            0x00020000         0x00000020
tightly_coupled_instruction_memory 0x00020020         0x00013860
tightly_coupled_data_memory 0x00040000         0x00004e20
*default*        0x00000000         0xffffffff

Linker script and memory map

LOAD ../final_sf_bsp//obj/HAL/src/crt0.o
LOAD obj/default/umain.o
LOAD /home/pcmonkey/altera/13.1/nios2eds/bin/gnu/H-i686-pc-linux-gnu/bin/../lib/gcc/nios2-elf/4.7.3/../../../../../H-i686-pc-linux-gnu/nios2-elf/lib/mno-hw-mul/libstdc++.a
LOAD /home/pcmonkey/altera/13.1/nios2eds/bin/gnu/H-i686-pc-linux-gnu/bin/../lib/gcc/nios2-elf/4.7.3/../../../../../H-i686-pc-linux-gnu/nios2-elf/lib/mno-hw-mul/libm.a
LOAD /home/pcmonkey/altera/13.1/nios2eds/bin/gnu/H-i686-pc-linux-gnu/bin/../lib/gcc/nios2-elf/4.7.3/mno-hw-mul/libgcc.a
START GROUP
LOAD /home/pcmonkey/altera/13.1/nios2eds/bin/gnu/H-i686-pc-linux-gnu/bin/../lib/gcc/nios2-elf/4.7.3/../../../../../H-i686-pc-linux-gnu/nios2-elf/lib/mno-hw-mul/libc.a
LOAD /home/pcmonkey/altera/13.1/nios2eds/bin/gnu/H-i686-pc-linux-gnu/bin/../lib/gcc/nios2-elf/4.7.3/mno-hw-mul/libgcc.a
LOAD ../final_sf_bsp//libhal_bsp.a
END GROUP
LOAD /home/pcmonkey/altera/13.1/nios2eds/bin/gnu/H-i686-pc-linux-gnu/bin/../lib/gcc/nios2-elf/4.7.3/mno-hw-mul/libgcc.a
                0x00020000                __alt_mem_tightly_coupled_instruction_memory = 0x20000
                0x00040000                __alt_mem_tightly_coupled_data_memory = 0x40000

.entry          0x00020000       0x20
 *(.entry)
 .entry         0x00020000       0x20 ../final_sf_bsp//obj/HAL/src/crt0.o
                0x00020000                __reset

.exceptions     0x00020020      0x198
                0x00020020                PROVIDE (__ram_exceptions_start, ABSOLUTE (.))
                0x00020020                . = ALIGN (0x20)
 *(.irq)
 *(.exceptions.entry.label)
 .exceptions.entry.label
                0x00020020        0x0 ../final_sf_bsp//libhal_bsp.a(alt_irq_entry.o)
                0x00020020                alt_irq_entry
 .exceptions.entry.label
                0x00020020        0x0 ../final_sf_bsp//libhal_bsp.a(alt_exception_entry.o)
                0x00020020                alt_exception
 *(.exceptions.entry.user)
 *(.exceptions.entry.ecc_fatal)
 *(.exceptions.entry)
 .exceptions.entry
                0x00020020       0x54 ../final_sf_bsp//libhal_bsp.a(alt_exception_entry.o)
 *(.exceptions.irqtest.user)
 *(.exceptions.irqtest)
 .exceptions.irqtest
                0x00020074       0x10 ../final_sf_bsp//libhal_bsp.a(alt_irq_entry.o)
 *(.exceptions.irqhandler.user)
 *(.exceptions.irqhandler)
 .exceptions.irqhandler
                0x00020084        0x4 ../final_sf_bsp//libhal_bsp.a(alt_irq_entry.o)
 *(.exceptions.irqreturn.user)
 *(.exceptions.irqreturn)
 .exceptions.irqreturn
                0x00020088        0x4 ../final_sf_bsp//libhal_bsp.a(alt_irq_entry.o)
 *(.exceptions.notirq.label)
 .exceptions.notirq.label
                0x0002008c        0x0 ../final_sf_bsp//libhal_bsp.a(alt_irq_entry.o)
 *(.exceptions.notirq.user)
 *(.exceptions.notirq)
 .exceptions.notirq
                0x0002008c        0x8 ../final_sf_bsp//libhal_bsp.a(alt_exception_entry.o)
 *(.exceptions.soft.user)
 *(.exceptions.soft)
 *(.exceptions.unknown.user)
 *(.exceptions.unknown)
 .exceptions.unknown
                0x00020094        0x4 ../final_sf_bsp//libhal_bsp.a(alt_exception_entry.o)
 *(.exceptions.exit.label)
 .exceptions.exit.label
                0x00020098        0x0 ../final_sf_bsp//libhal_bsp.a(alt_irq_entry.o)
 .exceptions.exit.label
                0x00020098        0x0 ../final_sf_bsp//libhal_bsp.a(alt_exception_entry.o)
 *(.exceptions.exit.user)
 *(.exceptions.exit)
 .exceptions.exit
                0x00020098       0x54 ../final_sf_bsp//libhal_bsp.a(alt_exception_entry.o)
 *(.exceptions)
 .exceptions    0x000200ec       0xcc ../final_sf_bsp//libhal_bsp.a(alt_irq_handler.o)
                0x000200ec                alt_irq_handler
                0x000201b8                PROVIDE (__ram_exceptions_end, ABSOLUTE (.))
                0x00020020                PROVIDE (__flash_exceptions_start, LOADADDR (.exceptions))

.text           0x000201b8     0xd490
                0x000201b8                PROVIDE (stext, ABSOLUTE (.))
 *(.interp)
 *(.hash)
 *(.dynsym)
 *(.dynstr)
 *(.gnu.version)
 *(.gnu.version_d)
 *(.gnu.version_r)
 *(.rel.init)
 *(.rela.init)
 *(.rel.text .rel.text.* .rel.gnu.linkonce.t.*)
 *(.rela.text .rela.text.* .rela.gnu.linkonce.t.*)
 *(.rel.fini)
 *(.rela.fini)
 *(.rel.rodata .rel.rodata.* .rel.gnu.linkonce.r.*)
 *(.rela.rodata .rela.rodata.* .rela.gnu.linkonce.r.*)
 *(.rel.data .rel.data.* .rel.gnu.linkonce.d.*)
 *(.rela.data .rela.data.* .rela.gnu.linkonce.d.*)
 *(.rel.tdata .rel.tdata.* .rel.gnu.linkonce.td.*)
 *(.rela.tdata .rela.tdata.* .rela.gnu.linkonce.td.*)
 *(.rel.tbss .rel.tbss.* .rel.gnu.linkonce.tb.*)
 *(.rela.tbss .rela.tbss.* .rela.gnu.linkonce.tb.*)
 *(.rel.ctors)
 *(.rela.ctors)
 *(.rel.dtors)
 *(.rela.dtors)
 *(.rel.got)
 *(.rela.got)
 *(.rel.sdata .rel.sdata.* .rel.gnu.linkonce.s.*)
 *(.rela.sdata .rela.sdata.* .rela.gnu.linkonce.s.*)
 *(.rel.sbss .rel.sbss.* .rel.gnu.linkonce.sb.*)
 *(.rela.sbss .rela.sbss.* .rela.gnu.linkonce.sb.*)
 *(.rel.sdata2 .rel.sdata2.* .rel.gnu.linkonce.s2.*)
 *(.rela.sdata2 .rela.sdata2.* .rela.gnu.linkonce.s2.*)
 *(.rel.sbss2 .rel.sbss2.* .rel.gnu.linkonce.sb2.*)
 *(.rela.sbss2 .rela.sbss2.* .rela.gnu.linkonce.sb2.*)
 *(.rel.bss .rel.bss.* .rel.gnu.linkonce.b.*)
 *(.rela.bss .rela.bss.* .rela.gnu.linkonce.b.*)
 *(.rel.plt)
 *(.rela.plt)
 *(.rel.dyn)
 *(.init)
 *(.plt)
 *(.text .stub .text.* .gnu.linkonce.t.*)
 .text          0x000201b8       0x4c ../final_sf_bsp//obj/HAL/src/crt0.o
                0x000201b8                _start
 .text          0x00020204      0xc38 obj/default/umain.o
                0x00020204                About
                0x00020234                Menu1
                0x00020270                Menu2
                0x000202ac                Menu3
                0x000202e8                Menu4
                0x00020324                MapMenu1
                0x00020360                MapMenu2
                0x0002039c                MapMenu3
                0x000203d8                MapMenu4
                0x00020414                MapMenu5
                0x00020450                MapMenu6
                0x0002048c                MapMenu7
                0x000204c8                MainMap
                0x00020890                MainCalc
                0x00020c58                MainMenu
                0x00020e04                main
 .text          0x00020e3c       0x28 /home/pcmonkey/altera/13.1/nios2eds/bin/gnu/H-i686-pc-linux-gnu/bin/../lib/gcc/nios2-elf/4.7.3/mno-hw-mul/libgcc.a(lib2-mul.o)
                0x00020e3c                __mulsi3
 .text          0x00020e64      0x150 /home/pcmonkey/altera/13.1/nios2eds/bin/gnu/H-i686-pc-linux-gnu/bin/../lib/gcc/nios2-elf/4.7.3/../../../../../H-i686-pc-linux-gnu/nios2-elf/lib/mno-hw-mul/libc.a(lib_a-fclose.o)
                0x00020e64                _fclose_r
                0x00020fa0                fclose
 .text          0x00020fb4      0x218 /home/pcmonkey/altera/13.1/nios2eds/bin/gnu/H-i686-pc-linux-gnu/bin/../lib/gcc/nios2-elf/4.7.3/../../../../../H-i686-pc-linux-gnu/nios2-elf/lib/mno-hw-mul/libc.a(lib_a-fflush.o)
                0x00020fb4                _fflush_r
                0x0002119c                fflush
 .text          0x000211cc      0x2ec /home/pcmonkey/altera/13.1/nios2eds/bin/gnu/H-i686-pc-linux-gnu/bin/../lib/gcc/nios2-elf/4.7.3/../../../../../H-i686-pc-linux-gnu/nios2-elf/lib/mno-hw-mul/libc.a(lib_a-findfp.o)
                0x000211dc                _cleanup_r
                0x000211e8                __sfmoreglue
                0x00021260                _cleanup
                0x00021270                __sinit
                0x0002137c                __sfp
                0x00021478                __sfp_lock_acquire
                0x0002147c                __sfp_lock_release
                0x00021480                __sinit_lock_acquire
                0x00021484                __sinit_lock_release
                0x00021488                __fp_lock_all
                0x000214a0                __fp_unlock_all
 .text          0x000214b8      0x14c /home/pcmonkey/altera/13.1/nios2eds/bin/gnu/H-i686-pc-linux-gnu/bin/../lib/gcc/nios2-elf/4.7.3/../../../../../H-i686-pc-linux-gnu/nios2-elf/lib/mno-hw-mul/libc.a(lib_a-fopen.o)
                0x000214b8                _fopen_r
                0x000215e8                fopen
 .text          0x00021604       0x4c /home/pcmonkey/altera/13.1/nios2eds/bin/gnu/H-i686-pc-linux-gnu/bin/../lib/gcc/nios2-elf/4.7.3/../../../../../H-i686-pc-linux-gnu/nios2-elf/lib/mno-hw-mul/libc.a(lib_a-fprintf.o)
                0x00021604                _fprintf_r
                0x0002162c                fprintf
 .text          0x00021650      0x40c /home/pcmonkey/altera/13.1/nios2eds/bin/gnu/H-i686-pc-linux-gnu/bin/../lib/gcc/nios2-elf/4.7.3/../../../../../H-i686-pc-linux-gnu/nios2-elf/lib/mno-hw-mul/libc.a(lib_a-freer.o)
                0x00021650                _malloc_trim_r
                0x0002178c                _free_r
 .text          0x00021a5c      0x498 /home/pcmonkey/altera/13.1/nios2eds/bin/gnu/H-i686-pc-linux-gnu/bin/../lib/gcc/nios2-elf/4.7.3/../../../../../H-i686-pc-linux-gnu/nios2-elf/lib/mno-hw-mul/libc.a(lib_a-fseek.o)
                0x00021a5c                _fseek_r
                0x00021ed0                fseek
 .text          0x00021ef4       0x68 /home/pcmonkey/altera/13.1/nios2eds/bin/gnu/H-i686-pc-linux-gnu/bin/../lib/gcc/nios2-elf/4.7.3/../../../../../H-i686-pc-linux-gnu/nios2-elf/lib/mno-hw-mul/libc.a(lib_a-fstatr.o)
                0x00021ef4                _fstat_r
 .text          0x00021f5c      0x160 /home/pcmonkey/altera/13.1/nios2eds/bin/gnu/H-i686-pc-linux-gnu/bin/../lib/gcc/nios2-elf/4.7.3/../../../../../H-i686-pc-linux-gnu/nios2-elf/lib/mno-hw-mul/libc.a(lib_a-fwalk.o)
                0x00021f5c                _fwalk
                0x00022004                _fwalk_reent
 .text          0x000220bc        0x0 /home/pcmonkey/altera/13.1/nios2eds/bin/gnu/H-i686-pc-linux-gnu/bin/../lib/gcc/nios2-elf/4.7.3/../../../../../H-i686-pc-linux-gnu/nios2-elf/lib/mno-hw-mul/libc.a(lib_a-impure.o)
 .text          0x000220bc        0x0 /home/pcmonkey/altera/13.1/nios2eds/bin/gnu/H-i686-pc-linux-gnu/bin/../lib/gcc/nios2-elf/4.7.3/../../../../../H-i686-pc-linux-gnu/nios2-elf/lib/mno-hw-mul/libc.a(lib_a-int_errno.o)
 .text          0x000220bc      0x1a8 /home/pcmonkey/altera/13.1/nios2eds/bin/gnu/H-i686-pc-linux-gnu/bin/../lib/gcc/nios2-elf/4.7.3/../../../../../H-i686-pc-linux-gnu/nios2-elf/lib/mno-hw-mul/libc.a(lib_a-makebuf.o)
                0x000220bc                __smakebuf_r
 .text          0x00022264      0x784 /home/pcmonkey/altera/13.1/nios2eds/bin/gnu/H-i686-pc-linux-gnu/bin/../lib/gcc/nios2-elf/4.7.3/../../../../../H-i686-pc-linux-gnu/nios2-elf/lib/mno-hw-mul/libc.a(lib_a-mallocr.o)
                0x00022264                _malloc_r
 .text          0x000229e8       0xdc /home/pcmonkey/altera/13.1/nios2eds/bin/gnu/H-i686-pc-linux-gnu/bin/../lib/gcc/nios2-elf/4.7.3/../../../../../H-i686-pc-linux-gnu/nios2-elf/lib/mno-hw-mul/libc.a(lib_a-memset.o)
                0x000229e8                memset
 .text          0x00022ac4       0x6c /home/pcmonkey/altera/13.1/nios2eds/bin/gnu/H-i686-pc-linux-gnu/bin/../lib/gcc/nios2-elf/4.7.3/../../../../../H-i686-pc-linux-gnu/nios2-elf/lib/mno-hw-mul/libc.a(lib_a-openr.o)
                0x00022ac4                _open_r
 .text          0x00022b30       0x98 /home/pcmonkey/altera/13.1/nios2eds/bin/gnu/H-i686-pc-linux-gnu/bin/../lib/gcc/nios2-elf/4.7.3/../../../../../H-i686-pc-linux-gnu/nios2-elf/lib/mno-hw-mul/libc.a(lib_a-puts.o)
                0x00022b30                _puts_r
                0x00022bb4                puts
 .text          0x00022bc8      0x208 /home/pcmonkey/altera/13.1/nios2eds/bin/gnu/H-i686-pc-linux-gnu/bin/../lib/gcc/nios2-elf/4.7.3/../../../../../H-i686-pc-linux-gnu/nios2-elf/lib/mno-hw-mul/libc.a(lib_a-refill.o)
                0x00022be4                __srefill_r
 .text          0x00022dd0       0x64 /home/pcmonkey/altera/13.1/nios2eds/bin/gnu/H-i686-pc-linux-gnu/bin/../lib/gcc/nios2-elf/4.7.3/../../../../../H-i686-pc-linux-gnu/nios2-elf/lib/mno-hw-mul/libc.a(lib_a-sbrkr.o)
                0x00022dd0                _sbrk_r
 .text          0x00022e34      0x140 /home/pcmonkey/altera/13.1/nios2eds/bin/gnu/H-i686-pc-linux-gnu/bin/../lib/gcc/nios2-elf/4.7.3/../../../../../H-i686-pc-linux-gnu/nios2-elf/lib/mno-hw-mul/libc.a(lib_a-stdio.o)
                0x00022e34                __sread
                0x00022e88                __swrite
                0x00022f10                __sseek
                0x00022f6c                __sclose
 .text          0x00022f74       0x8c /home/pcmonkey/altera/13.1/nios2eds/bin/gnu/H-i686-pc-linux-gnu/bin/../lib/gcc/nios2-elf/4.7.3/../../../../../H-i686-pc-linux-gnu/nios2-elf/lib/mno-hw-mul/libc.a(lib_a-strlen.o)
                0x00022f74                strlen
 .text          0x00023000     0x1ed4 /home/pcmonkey/altera/13.1/nios2eds/bin/gnu/H-i686-pc-linux-gnu/bin/../lib/gcc/nios2-elf/4.7.3/../../../../../H-i686-pc-linux-gnu/nios2-elf/lib/mno-hw-mul/libc.a(lib_a-vfprintf.o)
                0x00023034                ___vfprintf_internal_r
                0x00024eb0                __vfprintf_internal
 .text          0x00024ed4       0x6c /home/pcmonkey/altera/13.1/nios2eds/bin/gnu/H-i686-pc-linux-gnu/bin/../lib/gcc/nios2-elf/4.7.3/../../../../../H-i686-pc-linux-gnu/nios2-elf/lib/mno-hw-mul/libc.a(lib_a-writer.o)
                0x00024ed4                _write_r
 .text          0x00024f40      0x174 /home/pcmonkey/altera/13.1/nios2eds/bin/gnu/H-i686-pc-linux-gnu/bin/../lib/gcc/nios2-elf/4.7.3/../../../../../H-i686-pc-linux-gnu/nios2-elf/lib/mno-hw-mul/libc.a(lib_a-wsetup.o)
                0x00024f40                __swsetup_r
 .text          0x000250b4       0x64 /home/pcmonkey/altera/13.1/nios2eds/bin/gnu/H-i686-pc-linux-gnu/bin/../lib/gcc/nios2-elf/4.7.3/../../../../../H-i686-pc-linux-gnu/nios2-elf/lib/mno-hw-mul/libc.a(lib_a-closer.o)
                0x000250b4                _close_r
 .text          0x00025118     0x1858 /home/pcmonkey/altera/13.1/nios2eds/bin/gnu/H-i686-pc-linux-gnu/bin/../lib/gcc/nios2-elf/4.7.3/../../../../../H-i686-pc-linux-gnu/nios2-elf/lib/mno-hw-mul/libc.a(lib_a-dtoa.o)
                0x00025354                _dtoa_r
 .text          0x00026970       0x98 /home/pcmonkey/altera/13.1/nios2eds/bin/gnu/H-i686-pc-linux-gnu/bin/../lib/gcc/nios2-elf/4.7.3/../../../../../H-i686-pc-linux-gnu/nios2-elf/lib/mno-hw-mul/libc.a(lib_a-flags.o)
                0x00026970                __sflags
 .text          0x00026a08      0x4e4 /home/pcmonkey/altera/13.1/nios2eds/bin/gnu/H-i686-pc-linux-gnu/bin/../lib/gcc/nios2-elf/4.7.3/../../../../../H-i686-pc-linux-gnu/nios2-elf/lib/mno-hw-mul/libc.a(lib_a-fvwrite.o)
                0x00026a08                __sfvwrite_r
 .text          0x00026eec       0x64 /home/pcmonkey/altera/13.1/nios2eds/bin/gnu/H-i686-pc-linux-gnu/bin/../lib/gcc/nios2-elf/4.7.3/../../../../../H-i686-pc-linux-gnu/nios2-elf/lib/mno-hw-mul/libc.a(lib_a-isattyr.o)
                0x00026eec                _isatty_r
 .text          0x00026f50       0xdc /home/pcmonkey/altera/13.1/nios2eds/bin/gnu/H-i686-pc-linux-gnu/bin/../lib/gcc/nios2-elf/4.7.3/../../../../../H-i686-pc-linux-gnu/nios2-elf/lib/mno-hw-mul/libc.a(lib_a-locale.o)
                0x00026f50                _setlocale_r
                0x00026fec                __locale_charset
                0x00026ff8                _localeconv_r
                0x00027004                setlocale
                0x00027020                localeconv
 .text          0x0002702c       0x6c /home/pcmonkey/altera/13.1/nios2eds/bin/gnu/H-i686-pc-linux-gnu/bin/../lib/gcc/nios2-elf/4.7.3/../../../../../H-i686-pc-linux-gnu/nios2-elf/lib/mno-hw-mul/libc.a(lib_a-lseekr.o)
                0x0002702c                _lseek_r
 .text          0x00027098       0xf8 /home/pcmonkey/altera/13.1/nios2eds/bin/gnu/H-i686-pc-linux-gnu/bin/../lib/gcc/nios2-elf/4.7.3/../../../../../H-i686-pc-linux-gnu/nios2-elf/lib/mno-hw-mul/libc.a(lib_a-memchr.o)
                0x00027098                memchr
 .text          0x00027190      0x140 /home/pcmonkey/altera/13.1/nios2eds/bin/gnu/H-i686-pc-linux-gnu/bin/../lib/gcc/nios2-elf/4.7.3/../../../../../H-i686-pc-linux-gnu/nios2-elf/lib/mno-hw-mul/libc.a(lib_a-memcpy.o)
                0x00027190                memcpy
 .text          0x000272d0      0x18c /home/pcmonkey/altera/13.1/nios2eds/bin/gnu/H-i686-pc-linux-gnu/bin/../lib/gcc/nios2-elf/4.7.3/../../../../../H-i686-pc-linux-gnu/nios2-elf/lib/mno-hw-mul/libc.a(lib_a-memmove.o)
                0x000272d0                memmove
 .text          0x0002745c     0x1050 /home/pcmonkey/altera/13.1/nios2eds/bin/gnu/H-i686-pc-linux-gnu/bin/../lib/gcc/nios2-elf/4.7.3/../../../../../H-i686-pc-linux-gnu/nios2-elf/lib/mno-hw-mul/libc.a(lib_a-mprec.o)
                0x0002745c                _Balloc
                0x00027504                _Bfree
                0x0002752c                __multadd
                0x00027670                __s2b
                0x00027774                __hi0bits
                0x000277dc                __lo0bits
                0x0002788c                __i2b
                0x000278c8                __multiply
                0x00027b20                __pow5mult
                0x00027c4c                __lshift
                0x00027da8                __mcmp
                0x00027e00                __mdiff
                0x00027fa8                __ulp
                0x00028008                __b2d
                0x00028150                __d2b
                0x00028294                __ratio
                0x00028338                _mprec_log10
                0x000283ac                __copybits
                0x00028428                __any_on
 .text          0x000284ac       0x6c /home/pcmonkey/altera/13.1/nios2eds/bin/gnu/H-i686-pc-linux-gnu/bin/../lib/gcc/nios2-elf/4.7.3/../../../../../H-i686-pc-linux-gnu/nios2-elf/lib/mno-hw-mul/libc.a(lib_a-readr.o)
                0x000284ac                _read_r
 .text          0x00028518      0x5fc /home/pcmonkey/altera/13.1/nios2eds/bin/gnu/H-i686-pc-linux-gnu/bin/../lib/gcc/nios2-elf/4.7.3/../../../../../H-i686-pc-linux-gnu/nios2-elf/lib/mno-hw-mul/libc.a(lib_a-reallocr.o)
                0x00028518                _realloc_r
 .text          0x00028b14       0x38 /home/pcmonkey/altera/13.1/nios2eds/bin/gnu/H-i686-pc-linux-gnu/bin/../lib/gcc/nios2-elf/4.7.3/../../../../../H-i686-pc-linux-gnu/nios2-elf/lib/mno-hw-mul/libc.a(lib_a-s_isinfd.o)
                0x00028b14                __isinfd
 .text          0x00028b4c       0x2c /home/pcmonkey/altera/13.1/nios2eds/bin/gnu/H-i686-pc-linux-gnu/bin/../lib/gcc/nios2-elf/4.7.3/../../../../../H-i686-pc-linux-gnu/nios2-elf/lib/mno-hw-mul/libc.a(lib_a-s_isnand.o)
                0x00028b4c                __isnand
 .text          0x00028b78       0xa4 /home/pcmonkey/altera/13.1/nios2eds/bin/gnu/H-i686-pc-linux-gnu/bin/../lib/gcc/nios2-elf/4.7.3/../../../../../H-i686-pc-linux-gnu/nios2-elf/lib/mno-hw-mul/libc.a(lib_a-strcmp.o)
                0x00028b78                strcmp
 .text          0x00028c1c       0xcc /home/pcmonkey/altera/13.1/nios2eds/bin/gnu/H-i686-pc-linux-gnu/bin/../lib/gcc/nios2-elf/4.7.3/../../../../../H-i686-pc-linux-gnu/nios2-elf/lib/mno-hw-mul/libc.a(lib_a-callocr.o)
                0x00028c1c                _calloc_r
 .text          0x00028ce8      0x650 /home/pcmonkey/altera/13.1/nios2eds/bin/gnu/H-i686-pc-linux-gnu/bin/../lib/gcc/nios2-elf/4.7.3/mno-hw-mul/libgcc.a(_udivdi3.o)
                0x00028ce8                __udivdi3
 .text          0x00029338      0x628 /home/pcmonkey/altera/13.1/nios2eds/bin/gnu/H-i686-pc-linux-gnu/bin/../lib/gcc/nios2-elf/4.7.3/mno-hw-mul/libgcc.a(_umoddi3.o)
                0x00029338                __umoddi3
 .text          0x00029960      0x408 /home/pcmonkey/altera/13.1/nios2eds/bin/gnu/H-i686-pc-linux-gnu/bin/../lib/gcc/nios2-elf/4.7.3/mno-hw-mul/libgcc.a(_addsub_df.o)
                0x00029cb4                __adddf3
                0x00029d08                __subdf3
 .text          0x00029d68      0x2e4 /home/pcmonkey/altera/13.1/nios2eds/bin/gnu/H-i686-pc-linux-gnu/bin/../lib/gcc/nios2-elf/4.7.3/mno-hw-mul/libgcc.a(_mul_df.o)
                0x00029d68                __muldf3
 .text          0x0002a04c      0x1b4 /home/pcmonkey/altera/13.1/nios2eds/bin/gnu/H-i686-pc-linux-gnu/bin/../lib/gcc/nios2-elf/4.7.3/mno-hw-mul/libgcc.a(_div_df.o)
                0x0002a04c                __divdf3
 .text          0x0002a200       0x5c /home/pcmonkey/altera/13.1/nios2eds/bin/gnu/H-i686-pc-linux-gnu/bin/../lib/gcc/nios2-elf/4.7.3/mno-hw-mul/libgcc.a(_eq_df.o)
                0x0002a200                __eqdf2
 .text          0x0002a25c       0x5c /home/pcmonkey/altera/13.1/nios2eds/bin/gnu/H-i686-pc-linux-gnu/bin/../lib/gcc/nios2-elf/4.7.3/mno-hw-mul/libgcc.a(_ne_df.o)
                0x0002a25c                __nedf2
 .text          0x0002a2b8       0x64 /home/pcmonkey/altera/13.1/nios2eds/bin/gnu/H-i686-pc-linux-gnu/bin/../lib/gcc/nios2-elf/4.7.3/mno-hw-mul/libgcc.a(_gt_df.o)
                0x0002a2b8                __gtdf2
 .text          0x0002a31c       0x64 /home/pcmonkey/altera/13.1/nios2eds/bin/gnu/H-i686-pc-linux-gnu/bin/../lib/gcc/nios2-elf/4.7.3/mno-hw-mul/libgcc.a(_ge_df.o)
                0x0002a31c                __gedf2
 .text          0x0002a380       0x5c /home/pcmonkey/altera/13.1/nios2eds/bin/gnu/H-i686-pc-linux-gnu/bin/../lib/gcc/nios2-elf/4.7.3/mno-hw-mul/libgcc.a(_lt_df.o)
                0x0002a380                __ltdf2
 .text          0x0002a3dc       0xd4 /home/pcmonkey/altera/13.1/nios2eds/bin/gnu/H-i686-pc-linux-gnu/bin/../lib/gcc/nios2-elf/4.7.3/mno-hw-mul/libgcc.a(_si_to_df.o)
                0x0002a3dc                __floatsidf
 .text          0x0002a4b0       0xd4 /home/pcmonkey/altera/13.1/nios2eds/bin/gnu/H-i686-pc-linux-gnu/bin/../lib/gcc/nios2-elf/4.7.3/mno-hw-mul/libgcc.a(_df_to_si.o)
                0x0002a4b0                __fixdfsi
 .text          0x0002a584        0x0 /home/pcmonkey/altera/13.1/nios2eds/bin/gnu/H-i686-pc-linux-gnu/bin/../lib/gcc/nios2-elf/4.7.3/mno-hw-mul/libgcc.a(_thenan_df.o)
 .text          0x0002a584      0x11c /home/pcmonkey/altera/13.1/nios2eds/bin/gnu/H-i686-pc-linux-gnu/bin/../lib/gcc/nios2-elf/4.7.3/mno-hw-mul/libgcc.a(_usi_to_df.o)
                0x0002a584                __floatunsidf
 .text          0x0002a6a0      0x130 /home/pcmonkey/altera/13.1/nios2eds/bin/gnu/H-i686-pc-linux-gnu/bin/../lib/gcc/nios2-elf/4.7.3/mno-hw-mul/libgcc.a(lib2-divmod.o)
                0x0002a714                __divsi3
                0x0002a764                __modsi3
                0x0002a7c0                __udivsi3
                0x0002a7c8                __umodsi3
 .text          0x0002a7d0      0x110 /home/pcmonkey/altera/13.1/nios2eds/bin/gnu/H-i686-pc-linux-gnu/bin/../lib/gcc/nios2-elf/4.7.3/mno-hw-mul/libgcc.a(_muldi3.o)
                0x0002a7d0                __muldi3
 .text          0x0002a8e0        0x0 /home/pcmonkey/altera/13.1/nios2eds/bin/gnu/H-i686-pc-linux-gnu/bin/../lib/gcc/nios2-elf/4.7.3/mno-hw-mul/libgcc.a(_clz.o)
 .text          0x0002a8e0       0xac /home/pcmonkey/altera/13.1/nios2eds/bin/gnu/H-i686-pc-linux-gnu/bin/../lib/gcc/nios2-elf/4.7.3/mno-hw-mul/libgcc.a(_clzsi2.o)
                0x0002a8e0                __clzsi2
 .text          0x0002a98c      0x224 /home/pcmonkey/altera/13.1/nios2eds/bin/gnu/H-i686-pc-linux-gnu/bin/../lib/gcc/nios2-elf/4.7.3/mno-hw-mul/libgcc.a(_pack_df.o)
                0x0002a98c                __pack_d
 .text          0x0002abb0      0x104 /home/pcmonkey/altera/13.1/nios2eds/bin/gnu/H-i686-pc-linux-gnu/bin/../lib/gcc/nios2-elf/4.7.3/mno-hw-mul/libgcc.a(_unpack_df.o)
                0x0002abb0                __unpack_d
 .text          0x0002acb4       0xd0 /home/pcmonkey/altera/13.1/nios2eds/bin/gnu/H-i686-pc-linux-gnu/bin/../lib/gcc/nios2-elf/4.7.3/mno-hw-mul/libgcc.a(_fpcmp_parts_df.o)
                0x0002acb4                __fpcmp_parts_d
 .text          0x0002ad84       0x44 /home/pcmonkey/altera/13.1/nios2eds/bin/gnu/H-i686-pc-linux-gnu/bin/../lib/gcc/nios2-elf/4.7.3/mno-hw-mul/libgcc.a(_lshrdi3.o)
                0x0002ad84                __lshrdi3
 .text          0x0002adc8       0x44 /home/pcmonkey/altera/13.1/nios2eds/bin/gnu/H-i686-pc-linux-gnu/bin/../lib/gcc/nios2-elf/4.7.3/mno-hw-mul/libgcc.a(_ashldi3.o)
                0x0002adc8                __ashldi3
 .text          0x0002ae0c      0x11c ../final_sf_bsp//libhal_bsp.a(alt_close.o)
                0x0002ae5c                close
 .text          0x0002af28       0x2c ../final_sf_bsp//libhal_bsp.a(alt_dev.o)
 .text          0x0002af54        0x0 ../final_sf_bsp//libhal_bsp.a(alt_errno.o)
 .text          0x0002af54      0x100 ../final_sf_bsp//libhal_bsp.a(alt_fstat.o)
                0x0002afa4                fstat
 .text          0x0002b054       0xf4 ../final_sf_bsp//libhal_bsp.a(alt_isatty.o)
                0x0002b0a4                isatty
 .text          0x0002b148       0xec ../final_sf_bsp//libhal_bsp.a(alt_load.o)
                0x0002b1b4                alt_load
 .text          0x0002b234      0x124 ../final_sf_bsp//libhal_bsp.a(alt_lseek.o)
                0x0002b284                lseek
 .text          0x0002b358       0x68 ../final_sf_bsp//libhal_bsp.a(alt_main.o)
                0x0002b358                alt_main
 .text          0x0002b3c0       0x40 ../final_sf_bsp//libhal_bsp.a(alt_malloc_lock.o)
                0x0002b3c0                __malloc_lock
                0x0002b3e0                __malloc_unlock
 .text          0x0002b400      0x298 ../final_sf_bsp//libhal_bsp.a(alt_open.o)
                0x0002b540                open
 .text          0x0002b698      0x144 ../final_sf_bsp//libhal_bsp.a(alt_read.o)
                0x0002b6e8                read
 .text          0x0002b7dc       0x80 ../final_sf_bsp//libhal_bsp.a(alt_release_fd.o)
                0x0002b7dc                alt_release_fd
 .text          0x0002b85c       0xb0 ../final_sf_bsp//libhal_bsp.a(alt_sbrk.o)
                0x0002b85c                sbrk
 .text          0x0002b90c       0x30 ../final_sf_bsp//libhal_bsp.a(alt_usleep.o)
                0x0002b90c                usleep
 .text          0x0002b93c      0x140 ../final_sf_bsp//libhal_bsp.a(alt_write.o)
                0x0002b98c                write
 .text          0x0002ba7c       0xd0 ../final_sf_bsp//libhal_bsp.a(alt_sys_init.o)
                0x0002bab4                alt_irq_init
                0x0002bae8                alt_sys_init
 .text          0x0002bb4c       0xc0 ../final_sf_bsp//libhal_bsp.a(altera_avalon_jtag_uart_fd.o)
                0x0002bb4c                altera_avalon_jtag_uart_read_fd
                0x0002bbac                altera_avalon_jtag_uart_write_fd
 .text          0x0002bc0c       0xf4 ../final_sf_bsp//libhal_bsp.a(altera_avalon_jtag_uart_read.o)
                0x0002bc0c                altera_avalon_jtag_uart_read
 .text          0x0002bd00       0x98 ../final_sf_bsp//libhal_bsp.a(altera_avalon_jtag_uart_write.o)
                0x0002bd00                altera_avalon_jtag_uart_write
 .text          0x0002bd98       0xfc ../final_sf_bsp//libhal_bsp.a(altera_avalon_timer_sc.o)
                0x0002be0c                alt_avalon_timer_sc_init
 .text          0x0002be94       0xc0 ../final_sf_bsp//libhal_bsp.a(altera_avalon_uart_fd.o)
                0x0002be94                altera_avalon_uart_read_fd
                0x0002bef4                altera_avalon_uart_write_fd
 .text          0x0002bf54      0x110 ../final_sf_bsp//libhal_bsp.a(altera_avalon_uart_read.o)
                0x0002bfa4                altera_avalon_uart_read
 .text          0x0002c064      0x12c ../final_sf_bsp//libhal_bsp.a(altera_avalon_uart_write.o)
                0x0002c0b4                altera_avalon_uart_write
 .text          0x0002c190      0x628 ../final_sf_bsp//libhal_bsp.a(altera_hostfs.o)
                0x0002c190                alt_hostfs_open
                0x0002c2fc                alt_hostfs_close
                0x0002c368                alt_hostfs_read
                0x0002c420                alt_hostfs_write
                0x0002c4d8                alt_hostfs_seek
                0x0002c590                alt_hostfs_fstat
 .text          0x0002c7b8      0x138 ../final_sf_bsp//libhal_bsp.a(alt_busy_sleep.o)
                0x0002c7b8                alt_busy_sleep
 .text          0x0002c8f0       0x44 ../final_sf_bsp//libhal_bsp.a(alt_dcache_flush_all.o)
                0x0002c8f0                alt_dcache_flush_all
 .text          0x0002c934       0xf0 ../final_sf_bsp//libhal_bsp.a(alt_dev_llist_insert.o)
                0x0002c984                alt_dev_llist_insert
 .text          0x0002ca24       0x90 ../final_sf_bsp//libhal_bsp.a(alt_find_dev.o)
                0x0002ca24                alt_find_dev
 .text          0x0002cab4      0x114 ../final_sf_bsp//libhal_bsp.a(alt_find_file.o)
                0x0002cab4                alt_find_file
 .text          0x0002cbc8       0x84 ../final_sf_bsp//libhal_bsp.a(alt_fs_reg.o)
                0x0002cbc8                alt_fs_reg
 .text          0x0002cc4c       0xd4 ../final_sf_bsp//libhal_bsp.a(alt_get_fd.o)
                0x0002cc4c                alt_get_fd
 .text          0x0002cd20       0x30 ../final_sf_bsp//libhal_bsp.a(alt_icache_flush_all.o)
                0x0002cd20                alt_icache_flush_all
 .text          0x0002cd50      0x1d8 ../final_sf_bsp//libhal_bsp.a(alt_iic.o)
                0x0002cd50                alt_ic_isr_register
                0x0002cda0                alt_ic_irq_enable
                0x0002ce3c                alt_ic_irq_disable
                0x0002cedc                alt_ic_irq_enabled
 .text          0x0002cf28       0xf0 ../final_sf_bsp//libhal_bsp.a(alt_iic_isr_register.o)
                0x0002cf28                alt_iic_isr_register
 .text          0x0002d018      0x158 ../final_sf_bsp//libhal_bsp.a(alt_io_redirect.o)
                0x0002d0f8                alt_io_redirect
 .text          0x0002d170        0x0 ../final_sf_bsp//libhal_bsp.a(alt_irq_entry.o)
 .text          0x0002d170        0x0 ../final_sf_bsp//libhal_bsp.a(alt_irq_handler.o)
 .text          0x0002d170        0x0 ../final_sf_bsp//libhal_bsp.a(alt_irq_vars.o)
 .text          0x0002d170      0x19c ../final_sf_bsp//libhal_bsp.a(alt_tick.o)
                0x0002d170                alt_alarm_stop
                0x0002d208                alt_tick
 .text          0x0002d30c       0x20 ../final_sf_bsp//libhal_bsp.a(altera_nios2_qsys_irq.o)
                0x0002d30c                altera_nios2_qsys_irq_init
 .text          0x0002d32c        0x0 ../final_sf_bsp//libhal_bsp.a(alt_exception_entry.o)
 .text          0x0002d32c       0x8c ../final_sf_bsp//libhal_bsp.a(alt_icache_flush.o)
                0x0002d32c                alt_icache_flush
 .text          0x0002d3b8       0x38 /home/pcmonkey/altera/13.1/nios2eds/bin/gnu/H-i686-pc-linux-gnu/bin/../lib/gcc/nios2-elf/4.7.3/../../../../../H-i686-pc-linux-gnu/nios2-elf/lib/mno-hw-mul/libc.a(lib_a-exit.o)
                0x0002d3b8                exit
 .text          0x0002d3f0       0x7c /home/pcmonkey/altera/13.1/nios2eds/bin/gnu/H-i686-pc-linux-gnu/bin/../lib/gcc/nios2-elf/4.7.3/../../../../../H-i686-pc-linux-gnu/nios2-elf/lib/mno-hw-mul/libc.a(lib_a-memcmp.o)
                0x0002d3f0                memcmp
 .text          0x0002d46c      0x1a0 /home/pcmonkey/altera/13.1/nios2eds/bin/gnu/H-i686-pc-linux-gnu/bin/../lib/gcc/nios2-elf/4.7.3/../../../../../H-i686-pc-linux-gnu/nios2-elf/lib/mno-hw-mul/libc.a(lib_a-__call_atexit.o)
                0x0002d46c                __call_exitprocs
 .text          0x0002d60c       0x3c ../final_sf_bsp//libhal_bsp.a(alt_exit.o)
                0x0002d60c                _exit
 *(.gnu.warning.*)
 *(.fini)
                0x0002d648                PROVIDE (__etext, ABSOLUTE (.))
                0x0002d648                PROVIDE (_etext, ABSOLUTE (.))
                0x0002d648                PROVIDE (etext, ABSOLUTE (.))
 *(.eh_frame_hdr)
                0x0002d648                . = ALIGN (0x4)
                0x0002d648                PROVIDE (__preinit_array_start, ABSOLUTE (.))
 *(.preinit_array)
                0x0002d648                PROVIDE (__preinit_array_end, ABSOLUTE (.))
                0x0002d648                PROVIDE (__init_array_start, ABSOLUTE (.))
 *(.init_array)
                0x0002d648                PROVIDE (__init_array_end, ABSOLUTE (.))
                0x0002d648                PROVIDE (__fini_array_start, ABSOLUTE (.))
 *(.fini_array)
                0x0002d648                PROVIDE (__fini_array_end, ABSOLUTE (.))
 *(.eh_frame)
 *(.gcc_except_table .gcc_except_table.*)
 *(.dynamic)
                0x0002d648                PROVIDE (__CTOR_LIST__, ABSOLUTE (.))
 *(.ctors)
 *(SORT(.ctors.*))
                0x0002d648                PROVIDE (__CTOR_END__, ABSOLUTE (.))
                0x0002d648                PROVIDE (__DTOR_LIST__, ABSOLUTE (.))
 *(.dtors)
 *(SORT(.dtors.*))
                0x0002d648                PROVIDE (__DTOR_END__, ABSOLUTE (.))
 *(.jcr)
                0x0002d648                . = ALIGN (0x4)

.rodata         0x0002d648     0x11f8
                0x0002d648                PROVIDE (__ram_rodata_start, ABSOLUTE (.))
                0x0002d648                . = ALIGN (0x4)
 *(.rodata .rodata.* .gnu.linkonce.r.*)
 .rodata        0x0002d648      0xec0 obj/default/umain.o
 .rodata.str1.4
                0x0002e508        0x2 /home/pcmonkey/altera/13.1/nios2eds/bin/gnu/H-i686-pc-linux-gnu/bin/../lib/gcc/nios2-elf/4.7.3/../../../../../H-i686-pc-linux-gnu/nios2-elf/lib/mno-hw-mul/libc.a(lib_a-impure.o)
                                  0x4 (size before relaxing)
 *fill*         0x0002e50a        0x2 
 .rodata.str1.4
                0x0002e50c        0x2 /home/pcmonkey/altera/13.1/nios2eds/bin/gnu/H-i686-pc-linux-gnu/bin/../lib/gcc/nios2-elf/4.7.3/../../../../../H-i686-pc-linux-gnu/nios2-elf/lib/mno-hw-mul/libc.a(lib_a-puts.o)
                                  0x4 (size before relaxing)
 *fill*         0x0002e50e        0x2 
 .rodata.str1.4
                0x0002e510       0x42 /home/pcmonkey/altera/13.1/nios2eds/bin/gnu/H-i686-pc-linux-gnu/bin/../lib/gcc/nios2-elf/4.7.3/../../../../../H-i686-pc-linux-gnu/nios2-elf/lib/mno-hw-mul/libc.a(lib_a-vfprintf.o)
                                 0x44 (size before relaxing)
 .rodata        0x0002e552       0x20 /home/pcmonkey/altera/13.1/nios2eds/bin/gnu/H-i686-pc-linux-gnu/bin/../lib/gcc/nios2-elf/4.7.3/../../../../../H-i686-pc-linux-gnu/nios2-elf/lib/mno-hw-mul/libc.a(lib_a-vfprintf.o)
 *fill*         0x0002e572        0x2 
 .rodata.str1.4
                0x0002e574       0x10 /home/pcmonkey/altera/13.1/nios2eds/bin/gnu/H-i686-pc-linux-gnu/bin/../lib/gcc/nios2-elf/4.7.3/../../../../../H-i686-pc-linux-gnu/nios2-elf/lib/mno-hw-mul/libc.a(lib_a-dtoa.o)
                                 0x14 (size before relaxing)
 .rodata.str1.4
                0x0002e584       0x10 /home/pcmonkey/altera/13.1/nios2eds/bin/gnu/H-i686-pc-linux-gnu/bin/../lib/gcc/nios2-elf/4.7.3/../../../../../H-i686-pc-linux-gnu/nios2-elf/lib/mno-hw-mul/libc.a(lib_a-locale.o)
                                 0x18 (size before relaxing)
 .rodata        0x0002e594       0x30 /home/pcmonkey/altera/13.1/nios2eds/bin/gnu/H-i686-pc-linux-gnu/bin/../lib/gcc/nios2-elf/4.7.3/../../../../../H-i686-pc-linux-gnu/nios2-elf/lib/mno-hw-mul/libc.a(lib_a-locale.o)
 .rodata        0x0002e5c4      0x124 /home/pcmonkey/altera/13.1/nios2eds/bin/gnu/H-i686-pc-linux-gnu/bin/../lib/gcc/nios2-elf/4.7.3/../../../../../H-i686-pc-linux-gnu/nios2-elf/lib/mno-hw-mul/libc.a(lib_a-mprec.o)
                0x0002e5c4                __mprec_tinytens
                0x0002e5ec                __mprec_bigtens
                0x0002e614                __mprec_tens
 .rodata        0x0002e6e8       0x14 /home/pcmonkey/altera/13.1/nios2eds/bin/gnu/H-i686-pc-linux-gnu/bin/../lib/gcc/nios2-elf/4.7.3/mno-hw-mul/libgcc.a(_thenan_df.o)
                0x0002e6e8                __thenan_df
 .rodata        0x0002e6fc      0x100 /home/pcmonkey/altera/13.1/nios2eds/bin/gnu/H-i686-pc-linux-gnu/bin/../lib/gcc/nios2-elf/4.7.3/mno-hw-mul/libgcc.a(_clz.o)
                0x0002e6fc                __clz_tab
 .rodata        0x0002e7fc        0xc ../final_sf_bsp//libhal_bsp.a(alt_dev.o)
 .rodata        0x0002e808       0x10 ../final_sf_bsp//libhal_bsp.a(alt_main.o)
 .rodata        0x0002e818       0x28 ../final_sf_bsp//libhal_bsp.a(alt_sys_init.o)
 *(.rodata1)
                0x0002e840                . = ALIGN (0x4)
                0x0002e840                PROVIDE (__ram_rodata_end, ABSOLUTE (.))
                0x0002d648                PROVIDE (__flash_rodata_start, LOADADDR (.rodata))

.rwdata         0x0002e840      0xac0 load address 0x0002f300
                0x0002e840                PROVIDE (__ram_rwdata_start, ABSOLUTE (.))
                0x0002e840                . = ALIGN (0x4)
 *(.got.plt)
 *(.got)
 *(.data1)
 *(.data .data.* .gnu.linkonce.d.*)
 .data          0x0002e840        0x0 ../final_sf_bsp//obj/HAL/src/crt0.o
 .data          0x0002e840        0x0 obj/default/umain.o
 .data          0x0002e840        0x0 /home/pcmonkey/altera/13.1/nios2eds/bin/gnu/H-i686-pc-linux-gnu/bin/../lib/gcc/nios2-elf/4.7.3/mno-hw-mul/libgcc.a(lib2-mul.o)
 .data          0x0002e840        0x0 /home/pcmonkey/altera/13.1/nios2eds/bin/gnu/H-i686-pc-linux-gnu/bin/../lib/gcc/nios2-elf/4.7.3/../../../../../H-i686-pc-linux-gnu/nios2-elf/lib/mno-hw-mul/libc.a(lib_a-fclose.o)
 .data          0x0002e840        0x0 /home/pcmonkey/altera/13.1/nios2eds/bin/gnu/H-i686-pc-linux-gnu/bin/../lib/gcc/nios2-elf/4.7.3/../../../../../H-i686-pc-linux-gnu/nios2-elf/lib/mno-hw-mul/libc.a(lib_a-fflush.o)
 .data          0x0002e840        0x0 /home/pcmonkey/altera/13.1/nios2eds/bin/gnu/H-i686-pc-linux-gnu/bin/../lib/gcc/nios2-elf/4.7.3/../../../../../H-i686-pc-linux-gnu/nios2-elf/lib/mno-hw-mul/libc.a(lib_a-findfp.o)
 .data          0x0002e840        0x0 /home/pcmonkey/altera/13.1/nios2eds/bin/gnu/H-i686-pc-linux-gnu/bin/../lib/gcc/nios2-elf/4.7.3/../../../../../H-i686-pc-linux-gnu/nios2-elf/lib/mno-hw-mul/libc.a(lib_a-fopen.o)
 .data          0x0002e840        0x0 /home/pcmonkey/altera/13.1/nios2eds/bin/gnu/H-i686-pc-linux-gnu/bin/../lib/gcc/nios2-elf/4.7.3/../../../../../H-i686-pc-linux-gnu/nios2-elf/lib/mno-hw-mul/libc.a(lib_a-fprintf.o)
 .data          0x0002e840        0x0 /home/pcmonkey/altera/13.1/nios2eds/bin/gnu/H-i686-pc-linux-gnu/bin/../lib/gcc/nios2-elf/4.7.3/../../../../../H-i686-pc-linux-gnu/nios2-elf/lib/mno-hw-mul/libc.a(lib_a-freer.o)
 .data          0x0002e840        0x0 /home/pcmonkey/altera/13.1/nios2eds/bin/gnu/H-i686-pc-linux-gnu/bin/../lib/gcc/nios2-elf/4.7.3/../../../../../H-i686-pc-linux-gnu/nios2-elf/lib/mno-hw-mul/libc.a(lib_a-fseek.o)
 .data          0x0002e840        0x0 /home/pcmonkey/altera/13.1/nios2eds/bin/gnu/H-i686-pc-linux-gnu/bin/../lib/gcc/nios2-elf/4.7.3/../../../../../H-i686-pc-linux-gnu/nios2-elf/lib/mno-hw-mul/libc.a(lib_a-fstatr.o)
 .data          0x0002e840        0x0 /home/pcmonkey/altera/13.1/nios2eds/bin/gnu/H-i686-pc-linux-gnu/bin/../lib/gcc/nios2-elf/4.7.3/../../../../../H-i686-pc-linux-gnu/nios2-elf/lib/mno-hw-mul/libc.a(lib_a-fwalk.o)
 .data          0x0002e840      0x400 /home/pcmonkey/altera/13.1/nios2eds/bin/gnu/H-i686-pc-linux-gnu/bin/../lib/gcc/nios2-elf/4.7.3/../../../../../H-i686-pc-linux-gnu/nios2-elf/lib/mno-hw-mul/libc.a(lib_a-impure.o)
 .data          0x0002ec40        0x0 /home/pcmonkey/altera/13.1/nios2eds/bin/gnu/H-i686-pc-linux-gnu/bin/../lib/gcc/nios2-elf/4.7.3/../../../../../H-i686-pc-linux-gnu/nios2-elf/lib/mno-hw-mul/libc.a(lib_a-int_errno.o)
 .data          0x0002ec40        0x0 /home/pcmonkey/altera/13.1/nios2eds/bin/gnu/H-i686-pc-linux-gnu/bin/../lib/gcc/nios2-elf/4.7.3/../../../../../H-i686-pc-linux-gnu/nios2-elf/lib/mno-hw-mul/libc.a(lib_a-makebuf.o)
 .data          0x0002ec40      0x408 /home/pcmonkey/altera/13.1/nios2eds/bin/gnu/H-i686-pc-linux-gnu/bin/../lib/gcc/nios2-elf/4.7.3/../../../../../H-i686-pc-linux-gnu/nios2-elf/lib/mno-hw-mul/libc.a(lib_a-mallocr.o)
                0x0002ec40                __malloc_av_
 .data          0x0002f048        0x0 /home/pcmonkey/altera/13.1/nios2eds/bin/gnu/H-i686-pc-linux-gnu/bin/../lib/gcc/nios2-elf/4.7.3/../../../../../H-i686-pc-linux-gnu/nios2-elf/lib/mno-hw-mul/libc.a(lib_a-memset.o)
 .data          0x0002f048        0x0 /home/pcmonkey/altera/13.1/nios2eds/bin/gnu/H-i686-pc-linux-gnu/bin/../lib/gcc/nios2-elf/4.7.3/../../../../../H-i686-pc-linux-gnu/nios2-elf/lib/mno-hw-mul/libc.a(lib_a-openr.o)
 .data          0x0002f048        0x0 /home/pcmonkey/altera/13.1/nios2eds/bin/gnu/H-i686-pc-linux-gnu/bin/../lib/gcc/nios2-elf/4.7.3/../../../../../H-i686-pc-linux-gnu/nios2-elf/lib/mno-hw-mul/libc.a(lib_a-puts.o)
 .data          0x0002f048        0x0 /home/pcmonkey/altera/13.1/nios2eds/bin/gnu/H-i686-pc-linux-gnu/bin/../lib/gcc/nios2-elf/4.7.3/../../../../../H-i686-pc-linux-gnu/nios2-elf/lib/mno-hw-mul/libc.a(lib_a-refill.o)
 .data          0x0002f048        0x0 /home/pcmonkey/altera/13.1/nios2eds/bin/gnu/H-i686-pc-linux-gnu/bin/../lib/gcc/nios2-elf/4.7.3/../../../../../H-i686-pc-linux-gnu/nios2-elf/lib/mno-hw-mul/libc.a(lib_a-sbrkr.o)
 .data          0x0002f048        0x0 /home/pcmonkey/altera/13.1/nios2eds/bin/gnu/H-i686-pc-linux-gnu/bin/../lib/gcc/nios2-elf/4.7.3/../../../../../H-i686-pc-linux-gnu/nios2-elf/lib/mno-hw-mul/libc.a(lib_a-stdio.o)
 .data          0x0002f048        0x0 /home/pcmonkey/altera/13.1/nios2eds/bin/gnu/H-i686-pc-linux-gnu/bin/../lib/gcc/nios2-elf/4.7.3/../../../../../H-i686-pc-linux-gnu/nios2-elf/lib/mno-hw-mul/libc.a(lib_a-strlen.o)
 .data          0x0002f048        0x0 /home/pcmonkey/altera/13.1/nios2eds/bin/gnu/H-i686-pc-linux-gnu/bin/../lib/gcc/nios2-elf/4.7.3/../../../../../H-i686-pc-linux-gnu/nios2-elf/lib/mno-hw-mul/libc.a(lib_a-vfprintf.o)
 .data          0x0002f048        0x0 /home/pcmonkey/altera/13.1/nios2eds/bin/gnu/H-i686-pc-linux-gnu/bin/../lib/gcc/nios2-elf/4.7.3/../../../../../H-i686-pc-linux-gnu/nios2-elf/lib/mno-hw-mul/libc.a(lib_a-writer.o)
 .data          0x0002f048        0x0 /home/pcmonkey/altera/13.1/nios2eds/bin/gnu/H-i686-pc-linux-gnu/bin/../lib/gcc/nios2-elf/4.7.3/../../../../../H-i686-pc-linux-gnu/nios2-elf/lib/mno-hw-mul/libc.a(lib_a-wsetup.o)
 .data          0x0002f048        0x0 /home/pcmonkey/altera/13.1/nios2eds/bin/gnu/H-i686-pc-linux-gnu/bin/../lib/gcc/nios2-elf/4.7.3/../../../../../H-i686-pc-linux-gnu/nios2-elf/lib/mno-hw-mul/libc.a(lib_a-closer.o)
 .data          0x0002f048        0x0 /home/pcmonkey/altera/13.1/nios2eds/bin/gnu/H-i686-pc-linux-gnu/bin/../lib/gcc/nios2-elf/4.7.3/../../../../../H-i686-pc-linux-gnu/nios2-elf/lib/mno-hw-mul/libc.a(lib_a-dtoa.o)
 .data          0x0002f048        0x0 /home/pcmonkey/altera/13.1/nios2eds/bin/gnu/H-i686-pc-linux-gnu/bin/../lib/gcc/nios2-elf/4.7.3/../../../../../H-i686-pc-linux-gnu/nios2-elf/lib/mno-hw-mul/libc.a(lib_a-flags.o)
 .data          0x0002f048        0x0 /home/pcmonkey/altera/13.1/nios2eds/bin/gnu/H-i686-pc-linux-gnu/bin/../lib/gcc/nios2-elf/4.7.3/../../../../../H-i686-pc-linux-gnu/nios2-elf/lib/mno-hw-mul/libc.a(lib_a-fvwrite.o)
 .data          0x0002f048        0x0 /home/pcmonkey/altera/13.1/nios2eds/bin/gnu/H-i686-pc-linux-gnu/bin/../lib/gcc/nios2-elf/4.7.3/../../../../../H-i686-pc-linux-gnu/nios2-elf/lib/mno-hw-mul/libc.a(lib_a-isattyr.o)
 .data          0x0002f048        0xc /home/pcmonkey/altera/13.1/nios2eds/bin/gnu/H-i686-pc-linux-gnu/bin/../lib/gcc/nios2-elf/4.7.3/../../../../../H-i686-pc-linux-gnu/nios2-elf/lib/mno-hw-mul/libc.a(lib_a-locale.o)
                0x0002f048                __lc_ctype
 .data          0x0002f054        0x0 /home/pcmonkey/altera/13.1/nios2eds/bin/gnu/H-i686-pc-linux-gnu/bin/../lib/gcc/nios2-elf/4.7.3/../../../../../H-i686-pc-linux-gnu/nios2-elf/lib/mno-hw-mul/libc.a(lib_a-lseekr.o)
 .data          0x0002f054        0x0 /home/pcmonkey/altera/13.1/nios2eds/bin/gnu/H-i686-pc-linux-gnu/bin/../lib/gcc/nios2-elf/4.7.3/../../../../../H-i686-pc-linux-gnu/nios2-elf/lib/mno-hw-mul/libc.a(lib_a-memchr.o)
 .data          0x0002f054        0x0 /home/pcmonkey/altera/13.1/nios2eds/bin/gnu/H-i686-pc-linux-gnu/bin/../lib/gcc/nios2-elf/4.7.3/../../../../../H-i686-pc-linux-gnu/nios2-elf/lib/mno-hw-mul/libc.a(lib_a-memcpy.o)
 .data          0x0002f054        0x0 /home/pcmonkey/altera/13.1/nios2eds/bin/gnu/H-i686-pc-linux-gnu/bin/../lib/gcc/nios2-elf/4.7.3/../../../../../H-i686-pc-linux-gnu/nios2-elf/lib/mno-hw-mul/libc.a(lib_a-memmove.o)
 .data          0x0002f054        0x0 /home/pcmonkey/altera/13.1/nios2eds/bin/gnu/H-i686-pc-linux-gnu/bin/../lib/gcc/nios2-elf/4.7.3/../../../../../H-i686-pc-linux-gnu/nios2-elf/lib/mno-hw-mul/libc.a(lib_a-mprec.o)
 .data          0x0002f054        0x0 /home/pcmonkey/altera/13.1/nios2eds/bin/gnu/H-i686-pc-linux-gnu/bin/../lib/gcc/nios2-elf/4.7.3/../../../../../H-i686-pc-linux-gnu/nios2-elf/lib/mno-hw-mul/libc.a(lib_a-readr.o)
 .data          0x0002f054        0x0 /home/pcmonkey/altera/13.1/nios2eds/bin/gnu/H-i686-pc-linux-gnu/bin/../lib/gcc/nios2-elf/4.7.3/../../../../../H-i686-pc-linux-gnu/nios2-elf/lib/mno-hw-mul/libc.a(lib_a-reallocr.o)
 .data          0x0002f054        0x0 /home/pcmonkey/altera/13.1/nios2eds/bin/gnu/H-i686-pc-linux-gnu/bin/../lib/gcc/nios2-elf/4.7.3/../../../../../H-i686-pc-linux-gnu/nios2-elf/lib/mno-hw-mul/libc.a(lib_a-s_isinfd.o)
 .data          0x0002f054        0x0 /home/pcmonkey/altera/13.1/nios2eds/bin/gnu/H-i686-pc-linux-gnu/bin/../lib/gcc/nios2-elf/4.7.3/../../../../../H-i686-pc-linux-gnu/nios2-elf/lib/mno-hw-mul/libc.a(lib_a-s_isnand.o)
 .data          0x0002f054        0x0 /home/pcmonkey/altera/13.1/nios2eds/bin/gnu/H-i686-pc-linux-gnu/bin/../lib/gcc/nios2-elf/4.7.3/../../../../../H-i686-pc-linux-gnu/nios2-elf/lib/mno-hw-mul/libc.a(lib_a-strcmp.o)
 .data          0x0002f054        0x0 /home/pcmonkey/altera/13.1/nios2eds/bin/gnu/H-i686-pc-linux-gnu/bin/../lib/gcc/nios2-elf/4.7.3/../../../../../H-i686-pc-linux-gnu/nios2-elf/lib/mno-hw-mul/libc.a(lib_a-callocr.o)
 .data          0x0002f054        0x0 /home/pcmonkey/altera/13.1/nios2eds/bin/gnu/H-i686-pc-linux-gnu/bin/../lib/gcc/nios2-elf/4.7.3/mno-hw-mul/libgcc.a(_udivdi3.o)
 .data          0x0002f054        0x0 /home/pcmonkey/altera/13.1/nios2eds/bin/gnu/H-i686-pc-linux-gnu/bin/../lib/gcc/nios2-elf/4.7.3/mno-hw-mul/libgcc.a(_umoddi3.o)
 .data          0x0002f054        0x0 /home/pcmonkey/altera/13.1/nios2eds/bin/gnu/H-i686-pc-linux-gnu/bin/../lib/gcc/nios2-elf/4.7.3/mno-hw-mul/libgcc.a(_addsub_df.o)
 .data          0x0002f054        0x0 /home/pcmonkey/altera/13.1/nios2eds/bin/gnu/H-i686-pc-linux-gnu/bin/../lib/gcc/nios2-elf/4.7.3/mno-hw-mul/libgcc.a(_mul_df.o)
 .data          0x0002f054        0x0 /home/pcmonkey/altera/13.1/nios2eds/bin/gnu/H-i686-pc-linux-gnu/bin/../lib/gcc/nios2-elf/4.7.3/mno-hw-mul/libgcc.a(_div_df.o)
 .data          0x0002f054        0x0 /home/pcmonkey/altera/13.1/nios2eds/bin/gnu/H-i686-pc-linux-gnu/bin/../lib/gcc/nios2-elf/4.7.3/mno-hw-mul/libgcc.a(_eq_df.o)
 .data          0x0002f054        0x0 /home/pcmonkey/altera/13.1/nios2eds/bin/gnu/H-i686-pc-linux-gnu/bin/../lib/gcc/nios2-elf/4.7.3/mno-hw-mul/libgcc.a(_ne_df.o)
 .data          0x0002f054        0x0 /home/pcmonkey/altera/13.1/nios2eds/bin/gnu/H-i686-pc-linux-gnu/bin/../lib/gcc/nios2-elf/4.7.3/mno-hw-mul/libgcc.a(_gt_df.o)
 .data          0x0002f054        0x0 /home/pcmonkey/altera/13.1/nios2eds/bin/gnu/H-i686-pc-linux-gnu/bin/../lib/gcc/nios2-elf/4.7.3/mno-hw-mul/libgcc.a(_ge_df.o)
 .data          0x0002f054        0x0 /home/pcmonkey/altera/13.1/nios2eds/bin/gnu/H-i686-pc-linux-gnu/bin/../lib/gcc/nios2-elf/4.7.3/mno-hw-mul/libgcc.a(_lt_df.o)
 .data          0x0002f054        0x0 /home/pcmonkey/altera/13.1/nios2eds/bin/gnu/H-i686-pc-linux-gnu/bin/../lib/gcc/nios2-elf/4.7.3/mno-hw-mul/libgcc.a(_si_to_df.o)
 .data          0x0002f054        0x0 /home/pcmonkey/altera/13.1/nios2eds/bin/gnu/H-i686-pc-linux-gnu/bin/../lib/gcc/nios2-elf/4.7.3/mno-hw-mul/libgcc.a(_df_to_si.o)
 .data          0x0002f054        0x0 /home/pcmonkey/altera/13.1/nios2eds/bin/gnu/H-i686-pc-linux-gnu/bin/../lib/gcc/nios2-elf/4.7.3/mno-hw-mul/libgcc.a(_thenan_df.o)
 .data          0x0002f054        0x0 /home/pcmonkey/altera/13.1/nios2eds/bin/gnu/H-i686-pc-linux-gnu/bin/../lib/gcc/nios2-elf/4.7.3/mno-hw-mul/libgcc.a(_usi_to_df.o)
 .data          0x0002f054        0x0 /home/pcmonkey/altera/13.1/nios2eds/bin/gnu/H-i686-pc-linux-gnu/bin/../lib/gcc/nios2-elf/4.7.3/mno-hw-mul/libgcc.a(lib2-divmod.o)
 .data          0x0002f054        0x0 /home/pcmonkey/altera/13.1/nios2eds/bin/gnu/H-i686-pc-linux-gnu/bin/../lib/gcc/nios2-elf/4.7.3/mno-hw-mul/libgcc.a(_muldi3.o)
 .data          0x0002f054        0x0 /home/pcmonkey/altera/13.1/nios2eds/bin/gnu/H-i686-pc-linux-gnu/bin/../lib/gcc/nios2-elf/4.7.3/mno-hw-mul/libgcc.a(_clz.o)
 .data          0x0002f054        0x0 /home/pcmonkey/altera/13.1/nios2eds/bin/gnu/H-i686-pc-linux-gnu/bin/../lib/gcc/nios2-elf/4.7.3/mno-hw-mul/libgcc.a(_clzsi2.o)
 .data          0x0002f054        0x0 /home/pcmonkey/altera/13.1/nios2eds/bin/gnu/H-i686-pc-linux-gnu/bin/../lib/gcc/nios2-elf/4.7.3/mno-hw-mul/libgcc.a(_pack_df.o)
 .data          0x0002f054        0x0 /home/pcmonkey/altera/13.1/nios2eds/bin/gnu/H-i686-pc-linux-gnu/bin/../lib/gcc/nios2-elf/4.7.3/mno-hw-mul/libgcc.a(_unpack_df.o)
 .data          0x0002f054        0x0 /home/pcmonkey/altera/13.1/nios2eds/bin/gnu/H-i686-pc-linux-gnu/bin/../lib/gcc/nios2-elf/4.7.3/mno-hw-mul/libgcc.a(_fpcmp_parts_df.o)
 .data          0x0002f054        0x0 /home/pcmonkey/altera/13.1/nios2eds/bin/gnu/H-i686-pc-linux-gnu/bin/../lib/gcc/nios2-elf/4.7.3/mno-hw-mul/libgcc.a(_lshrdi3.o)
 .data          0x0002f054        0x0 /home/pcmonkey/altera/13.1/nios2eds/bin/gnu/H-i686-pc-linux-gnu/bin/../lib/gcc/nios2-elf/4.7.3/mno-hw-mul/libgcc.a(_ashldi3.o)
 .data          0x0002f054        0x0 ../final_sf_bsp//libhal_bsp.a(alt_close.o)
 .data          0x0002f054      0x1a8 ../final_sf_bsp//libhal_bsp.a(alt_dev.o)
                0x0002f054                alt_dev_null
                0x0002f07c                alt_fd_list
 .data          0x0002f1fc        0x0 ../final_sf_bsp//libhal_bsp.a(alt_errno.o)
 .data          0x0002f1fc        0x0 ../final_sf_bsp//libhal_bsp.a(alt_fstat.o)
 .data          0x0002f1fc        0x0 ../final_sf_bsp//libhal_bsp.a(alt_isatty.o)
 .data          0x0002f1fc        0x0 ../final_sf_bsp//libhal_bsp.a(alt_load.o)
 .data          0x0002f1fc        0x0 ../final_sf_bsp//libhal_bsp.a(alt_lseek.o)
 .data          0x0002f1fc        0x0 ../final_sf_bsp//libhal_bsp.a(alt_main.o)
 .data          0x0002f1fc        0x0 ../final_sf_bsp//libhal_bsp.a(alt_malloc_lock.o)
 .data          0x0002f1fc        0x0 ../final_sf_bsp//libhal_bsp.a(alt_open.o)
 .data          0x0002f1fc        0x0 ../final_sf_bsp//libhal_bsp.a(alt_read.o)
 .data          0x0002f1fc        0x0 ../final_sf_bsp//libhal_bsp.a(alt_release_fd.o)
 .data          0x0002f1fc        0x0 ../final_sf_bsp//libhal_bsp.a(alt_sbrk.o)
 .data          0x0002f1fc        0x0 ../final_sf_bsp//libhal_bsp.a(alt_usleep.o)
 .data          0x0002f1fc        0x0 ../final_sf_bsp//libhal_bsp.a(alt_write.o)
 .data          0x0002f1fc       0x80 ../final_sf_bsp//libhal_bsp.a(alt_sys_init.o)
 .data          0x0002f27c        0x0 ../final_sf_bsp//libhal_bsp.a(altera_avalon_jtag_uart_fd.o)
 .data          0x0002f27c        0x0 ../final_sf_bsp//libhal_bsp.a(altera_avalon_jtag_uart_read.o)
 .data          0x0002f27c        0x0 ../final_sf_bsp//libhal_bsp.a(altera_avalon_jtag_uart_write.o)
 .data          0x0002f27c        0x0 ../final_sf_bsp//libhal_bsp.a(altera_avalon_timer_sc.o)
 .data          0x0002f27c        0x0 ../final_sf_bsp//libhal_bsp.a(altera_avalon_uart_fd.o)
 .data          0x0002f27c        0x0 ../final_sf_bsp//libhal_bsp.a(altera_avalon_uart_read.o)
 .data          0x0002f27c        0x0 ../final_sf_bsp//libhal_bsp.a(altera_avalon_uart_write.o)
 .data          0x0002f27c        0x0 ../final_sf_bsp//libhal_bsp.a(altera_hostfs.o)
 .data          0x0002f27c        0x0 ../final_sf_bsp//libhal_bsp.a(alt_busy_sleep.o)
 .data          0x0002f27c        0x0 ../final_sf_bsp//libhal_bsp.a(alt_dcache_flush_all.o)
 .data          0x0002f27c        0x0 ../final_sf_bsp//libhal_bsp.a(alt_dev_llist_insert.o)
 .data          0x0002f27c        0x0 ../final_sf_bsp//libhal_bsp.a(alt_find_dev.o)
 .data          0x0002f27c        0x0 ../final_sf_bsp//libhal_bsp.a(alt_find_file.o)
 .data          0x0002f27c        0x0 ../final_sf_bsp//libhal_bsp.a(alt_fs_reg.o)
 .data          0x0002f27c        0x0 ../final_sf_bsp//libhal_bsp.a(alt_get_fd.o)
 .data          0x0002f27c        0x0 ../final_sf_bsp//libhal_bsp.a(alt_icache_flush_all.o)
 .data          0x0002f27c        0x0 ../final_sf_bsp//libhal_bsp.a(alt_iic.o)
 .data          0x0002f27c        0x0 ../final_sf_bsp//libhal_bsp.a(alt_iic_isr_register.o)
 .data          0x0002f27c        0x0 ../final_sf_bsp//libhal_bsp.a(alt_io_redirect.o)
 .data          0x0002f27c        0x0 ../final_sf_bsp//libhal_bsp.a(alt_irq_entry.o)
 .data          0x0002f27c        0x0 ../final_sf_bsp//libhal_bsp.a(alt_irq_handler.o)
 .data          0x0002f27c        0x0 ../final_sf_bsp//libhal_bsp.a(alt_irq_vars.o)
 .data          0x0002f27c        0x0 ../final_sf_bsp//libhal_bsp.a(alt_tick.o)
 .data          0x0002f27c        0x0 ../final_sf_bsp//libhal_bsp.a(altera_nios2_qsys_irq.o)
 .data          0x0002f27c        0x0 ../final_sf_bsp//libhal_bsp.a(alt_exception_entry.o)
 .data          0x0002f27c        0x0 ../final_sf_bsp//libhal_bsp.a(alt_icache_flush.o)
 .data          0x0002f27c        0x0 /home/pcmonkey/altera/13.1/nios2eds/bin/gnu/H-i686-pc-linux-gnu/bin/../lib/gcc/nios2-elf/4.7.3/../../../../../H-i686-pc-linux-gnu/nios2-elf/lib/mno-hw-mul/libc.a(lib_a-exit.o)
 .data          0x0002f27c        0x0 /home/pcmonkey/altera/13.1/nios2eds/bin/gnu/H-i686-pc-linux-gnu/bin/../lib/gcc/nios2-elf/4.7.3/../../../../../H-i686-pc-linux-gnu/nios2-elf/lib/mno-hw-mul/libc.a(lib_a-memcmp.o)
 .data          0x0002f27c        0x0 /home/pcmonkey/altera/13.1/nios2eds/bin/gnu/H-i686-pc-linux-gnu/bin/../lib/gcc/nios2-elf/4.7.3/../../../../../H-i686-pc-linux-gnu/nios2-elf/lib/mno-hw-mul/libc.a(lib_a-__call_atexit.o)
 .data          0x0002f27c        0x0 ../final_sf_bsp//libhal_bsp.a(alt_exit.o)
                0x0003727c                _gp = ABSOLUTE ((. + 0x8000))
                0x0003727c                PROVIDE (gp, _gp)
 *(.rwdata .rwdata.*)
 *(.sdata .sdata.* .gnu.linkonce.s.*)
 .sdata         0x0002f27c        0x8 /home/pcmonkey/altera/13.1/nios2eds/bin/gnu/H-i686-pc-linux-gnu/bin/../lib/gcc/nios2-elf/4.7.3/../../../../../H-i686-pc-linux-gnu/nios2-elf/lib/mno-hw-mul/libc.a(lib_a-impure.o)
                0x0002f27c                _global_impure_ptr
                0x0002f280                _impure_ptr
 .sdata         0x0002f284        0x8 /home/pcmonkey/altera/13.1/nios2eds/bin/gnu/H-i686-pc-linux-gnu/bin/../lib/gcc/nios2-elf/4.7.3/../../../../../H-i686-pc-linux-gnu/nios2-elf/lib/mno-hw-mul/libc.a(lib_a-mallocr.o)
                0x0002f284                __malloc_sbrk_base
                0x0002f288                __malloc_trim_threshold
 .sdata         0x0002f28c        0x4 /home/pcmonkey/altera/13.1/nios2eds/bin/gnu/H-i686-pc-linux-gnu/bin/../lib/gcc/nios2-elf/4.7.3/../../../../../H-i686-pc-linux-gnu/nios2-elf/lib/mno-hw-mul/libc.a(lib_a-locale.o)
                0x0002f28c                __mb_cur_max
 .sdata         0x0002f290       0x14 ../final_sf_bsp//libhal_bsp.a(alt_dev.o)
                0x0002f290                alt_fs_list
                0x0002f298                alt_dev_list
                0x0002f2a0                alt_max_fd
 .sdata         0x0002f2a4        0x4 ../final_sf_bsp//libhal_bsp.a(alt_errno.o)
                0x0002f2a4                alt_errno
 .sdata         0x0002f2a8        0x4 ../final_sf_bsp//libhal_bsp.a(alt_sbrk.o)
 .sdata         0x0002f2ac       0x48 ../final_sf_bsp//libhal_bsp.a(altera_hostfs.o)
 .sdata         0x0002f2f4        0x4 ../final_sf_bsp//libhal_bsp.a(alt_irq_vars.o)
                0x0002f2f4                alt_priority_mask
 .sdata         0x0002f2f8        0x8 ../final_sf_bsp//libhal_bsp.a(alt_tick.o)
                0x0002f2f8                alt_alarm_list
 *(.sdata2 .sdata2.* .gnu.linkonce.s2.*)
                0x0002f300                . = ALIGN (0x4)
                0x0002f300                _edata = ABSOLUTE (.)
                0x0002f300                PROVIDE (edata, ABSOLUTE (.))
                0x0002f300                PROVIDE (__ram_rwdata_end, ABSOLUTE (.))
                0x0002f300                PROVIDE (__flash_rwdata_start, LOADADDR (.rwdata))

.bss            0x0002fdc0      0x15c
                0x0002fdc0                __bss_start = ABSOLUTE (.)
                0x0002fdc0                PROVIDE (__sbss_start, ABSOLUTE (.))
                0x0002fdc0                PROVIDE (___sbss_start, ABSOLUTE (.))
 *(.dynsbss)
 *(.sbss .sbss.* .gnu.linkonce.sb.*)
 .sbss          0x0002fdc0        0x4 /home/pcmonkey/altera/13.1/nios2eds/bin/gnu/H-i686-pc-linux-gnu/bin/../lib/gcc/nios2-elf/4.7.3/../../../../../H-i686-pc-linux-gnu/nios2-elf/lib/mno-hw-mul/libc.a(lib_a-int_errno.o)
                0x0002fdc0                errno
 .sbss          0x0002fdc4        0xc /home/pcmonkey/altera/13.1/nios2eds/bin/gnu/H-i686-pc-linux-gnu/bin/../lib/gcc/nios2-elf/4.7.3/../../../../../H-i686-pc-linux-gnu/nios2-elf/lib/mno-hw-mul/libc.a(lib_a-mallocr.o)
                0x0002fdc4                __malloc_max_total_mem
                0x0002fdc8                __malloc_max_sbrked_mem
                0x0002fdcc                __malloc_top_pad
 .sbss          0x0002fdd0        0xc /home/pcmonkey/altera/13.1/nios2eds/bin/gnu/H-i686-pc-linux-gnu/bin/../lib/gcc/nios2-elf/4.7.3/../../../../../H-i686-pc-linux-gnu/nios2-elf/lib/mno-hw-mul/libc.a(lib_a-locale.o)
                0x0002fdd0                _PathLocale
                0x0002fdd4                __mlocale_changed
                0x0002fdd8                __nlocale_changed
 .sbss          0x0002fddc        0xc ../final_sf_bsp//libhal_bsp.a(alt_main.o)
                0x0002fddc                alt_argc
                0x0002fde0                alt_argv
                0x0002fde4                alt_envp
 .sbss          0x0002fde8        0x4 ../final_sf_bsp//libhal_bsp.a(alt_irq_vars.o)
                0x0002fde8                alt_irq_active
 .sbss          0x0002fdec        0x8 ../final_sf_bsp//libhal_bsp.a(alt_tick.o)
                0x0002fdec                _alt_tick_rate
                0x0002fdf0                _alt_nticks
 *(.sbss2 .sbss2.* .gnu.linkonce.sb2.*)
 *(.scommon)
                0x0002fdf4                PROVIDE (__sbss_end, ABSOLUTE (.))
                0x0002fdf4                PROVIDE (___sbss_end, ABSOLUTE (.))
 *(.dynbss)
 *(.bss .bss.* .gnu.linkonce.b.*)
 .bss           0x0002fdf4        0x0 ../final_sf_bsp//obj/HAL/src/crt0.o
 .bss           0x0002fdf4        0x0 obj/default/umain.o
 .bss           0x0002fdf4        0x0 /home/pcmonkey/altera/13.1/nios2eds/bin/gnu/H-i686-pc-linux-gnu/bin/../lib/gcc/nios2-elf/4.7.3/mno-hw-mul/libgcc.a(lib2-mul.o)
 .bss           0x0002fdf4        0x0 /home/pcmonkey/altera/13.1/nios2eds/bin/gnu/H-i686-pc-linux-gnu/bin/../lib/gcc/nios2-elf/4.7.3/../../../../../H-i686-pc-linux-gnu/nios2-elf/lib/mno-hw-mul/libc.a(lib_a-fclose.o)
 .bss           0x0002fdf4        0x0 /home/pcmonkey/altera/13.1/nios2eds/bin/gnu/H-i686-pc-linux-gnu/bin/../lib/gcc/nios2-elf/4.7.3/../../../../../H-i686-pc-linux-gnu/nios2-elf/lib/mno-hw-mul/libc.a(lib_a-fflush.o)
 .bss           0x0002fdf4        0x0 /home/pcmonkey/altera/13.1/nios2eds/bin/gnu/H-i686-pc-linux-gnu/bin/../lib/gcc/nios2-elf/4.7.3/../../../../../H-i686-pc-linux-gnu/nios2-elf/lib/mno-hw-mul/libc.a(lib_a-findfp.o)
 .bss           0x0002fdf4        0x0 /home/pcmonkey/altera/13.1/nios2eds/bin/gnu/H-i686-pc-linux-gnu/bin/../lib/gcc/nios2-elf/4.7.3/../../../../../H-i686-pc-linux-gnu/nios2-elf/lib/mno-hw-mul/libc.a(lib_a-fopen.o)
 .bss           0x0002fdf4        0x0 /home/pcmonkey/altera/13.1/nios2eds/bin/gnu/H-i686-pc-linux-gnu/bin/../lib/gcc/nios2-elf/4.7.3/../../../../../H-i686-pc-linux-gnu/nios2-elf/lib/mno-hw-mul/libc.a(lib_a-fprintf.o)
 .bss           0x0002fdf4        0x0 /home/pcmonkey/altera/13.1/nios2eds/bin/gnu/H-i686-pc-linux-gnu/bin/../lib/gcc/nios2-elf/4.7.3/../../../../../H-i686-pc-linux-gnu/nios2-elf/lib/mno-hw-mul/libc.a(lib_a-freer.o)
 .bss           0x0002fdf4        0x0 /home/pcmonkey/altera/13.1/nios2eds/bin/gnu/H-i686-pc-linux-gnu/bin/../lib/gcc/nios2-elf/4.7.3/../../../../../H-i686-pc-linux-gnu/nios2-elf/lib/mno-hw-mul/libc.a(lib_a-fseek.o)
 .bss           0x0002fdf4        0x0 /home/pcmonkey/altera/13.1/nios2eds/bin/gnu/H-i686-pc-linux-gnu/bin/../lib/gcc/nios2-elf/4.7.3/../../../../../H-i686-pc-linux-gnu/nios2-elf/lib/mno-hw-mul/libc.a(lib_a-fstatr.o)
 .bss           0x0002fdf4        0x0 /home/pcmonkey/altera/13.1/nios2eds/bin/gnu/H-i686-pc-linux-gnu/bin/../lib/gcc/nios2-elf/4.7.3/../../../../../H-i686-pc-linux-gnu/nios2-elf/lib/mno-hw-mul/libc.a(lib_a-fwalk.o)
 .bss           0x0002fdf4        0x0 /home/pcmonkey/altera/13.1/nios2eds/bin/gnu/H-i686-pc-linux-gnu/bin/../lib/gcc/nios2-elf/4.7.3/../../../../../H-i686-pc-linux-gnu/nios2-elf/lib/mno-hw-mul/libc.a(lib_a-impure.o)
 .bss           0x0002fdf4        0x0 /home/pcmonkey/altera/13.1/nios2eds/bin/gnu/H-i686-pc-linux-gnu/bin/../lib/gcc/nios2-elf/4.7.3/../../../../../H-i686-pc-linux-gnu/nios2-elf/lib/mno-hw-mul/libc.a(lib_a-int_errno.o)
 .bss           0x0002fdf4        0x0 /home/pcmonkey/altera/13.1/nios2eds/bin/gnu/H-i686-pc-linux-gnu/bin/../lib/gcc/nios2-elf/4.7.3/../../../../../H-i686-pc-linux-gnu/nios2-elf/lib/mno-hw-mul/libc.a(lib_a-makebuf.o)
 .bss           0x0002fdf4       0x28 /home/pcmonkey/altera/13.1/nios2eds/bin/gnu/H-i686-pc-linux-gnu/bin/../lib/gcc/nios2-elf/4.7.3/../../../../../H-i686-pc-linux-gnu/nios2-elf/lib/mno-hw-mul/libc.a(lib_a-mallocr.o)
                0x0002fdf4                __malloc_current_mallinfo
 .bss           0x0002fe1c        0x0 /home/pcmonkey/altera/13.1/nios2eds/bin/gnu/H-i686-pc-linux-gnu/bin/../lib/gcc/nios2-elf/4.7.3/../../../../../H-i686-pc-linux-gnu/nios2-elf/lib/mno-hw-mul/libc.a(lib_a-memset.o)
 .bss           0x0002fe1c        0x0 /home/pcmonkey/altera/13.1/nios2eds/bin/gnu/H-i686-pc-linux-gnu/bin/../lib/gcc/nios2-elf/4.7.3/../../../../../H-i686-pc-linux-gnu/nios2-elf/lib/mno-hw-mul/libc.a(lib_a-openr.o)
 .bss           0x0002fe1c        0x0 /home/pcmonkey/altera/13.1/nios2eds/bin/gnu/H-i686-pc-linux-gnu/bin/../lib/gcc/nios2-elf/4.7.3/../../../../../H-i686-pc-linux-gnu/nios2-elf/lib/mno-hw-mul/libc.a(lib_a-puts.o)
 .bss           0x0002fe1c        0x0 /home/pcmonkey/altera/13.1/nios2eds/bin/gnu/H-i686-pc-linux-gnu/bin/../lib/gcc/nios2-elf/4.7.3/../../../../../H-i686-pc-linux-gnu/nios2-elf/lib/mno-hw-mul/libc.a(lib_a-refill.o)
 .bss           0x0002fe1c        0x0 /home/pcmonkey/altera/13.1/nios2eds/bin/gnu/H-i686-pc-linux-gnu/bin/../lib/gcc/nios2-elf/4.7.3/../../../../../H-i686-pc-linux-gnu/nios2-elf/lib/mno-hw-mul/libc.a(lib_a-sbrkr.o)
 .bss           0x0002fe1c        0x0 /home/pcmonkey/altera/13.1/nios2eds/bin/gnu/H-i686-pc-linux-gnu/bin/../lib/gcc/nios2-elf/4.7.3/../../../../../H-i686-pc-linux-gnu/nios2-elf/lib/mno-hw-mul/libc.a(lib_a-stdio.o)
 .bss           0x0002fe1c        0x0 /home/pcmonkey/altera/13.1/nios2eds/bin/gnu/H-i686-pc-linux-gnu/bin/../lib/gcc/nios2-elf/4.7.3/../../../../../H-i686-pc-linux-gnu/nios2-elf/lib/mno-hw-mul/libc.a(lib_a-strlen.o)
 .bss           0x0002fe1c        0x0 /home/pcmonkey/altera/13.1/nios2eds/bin/gnu/H-i686-pc-linux-gnu/bin/../lib/gcc/nios2-elf/4.7.3/../../../../../H-i686-pc-linux-gnu/nios2-elf/lib/mno-hw-mul/libc.a(lib_a-vfprintf.o)
 .bss           0x0002fe1c        0x0 /home/pcmonkey/altera/13.1/nios2eds/bin/gnu/H-i686-pc-linux-gnu/bin/../lib/gcc/nios2-elf/4.7.3/../../../../../H-i686-pc-linux-gnu/nios2-elf/lib/mno-hw-mul/libc.a(lib_a-writer.o)
 .bss           0x0002fe1c        0x0 /home/pcmonkey/altera/13.1/nios2eds/bin/gnu/H-i686-pc-linux-gnu/bin/../lib/gcc/nios2-elf/4.7.3/../../../../../H-i686-pc-linux-gnu/nios2-elf/lib/mno-hw-mul/libc.a(lib_a-wsetup.o)
 .bss           0x0002fe1c        0x0 /home/pcmonkey/altera/13.1/nios2eds/bin/gnu/H-i686-pc-linux-gnu/bin/../lib/gcc/nios2-elf/4.7.3/../../../../../H-i686-pc-linux-gnu/nios2-elf/lib/mno-hw-mul/libc.a(lib_a-closer.o)
 .bss           0x0002fe1c        0x0 /home/pcmonkey/altera/13.1/nios2eds/bin/gnu/H-i686-pc-linux-gnu/bin/../lib/gcc/nios2-elf/4.7.3/../../../../../H-i686-pc-linux-gnu/nios2-elf/lib/mno-hw-mul/libc.a(lib_a-dtoa.o)
 .bss           0x0002fe1c        0x0 /home/pcmonkey/altera/13.1/nios2eds/bin/gnu/H-i686-pc-linux-gnu/bin/../lib/gcc/nios2-elf/4.7.3/../../../../../H-i686-pc-linux-gnu/nios2-elf/lib/mno-hw-mul/libc.a(lib_a-flags.o)
 .bss           0x0002fe1c        0x0 /home/pcmonkey/altera/13.1/nios2eds/bin/gnu/H-i686-pc-linux-gnu/bin/../lib/gcc/nios2-elf/4.7.3/../../../../../H-i686-pc-linux-gnu/nios2-elf/lib/mno-hw-mul/libc.a(lib_a-fvwrite.o)
 .bss           0x0002fe1c        0x0 /home/pcmonkey/altera/13.1/nios2eds/bin/gnu/H-i686-pc-linux-gnu/bin/../lib/gcc/nios2-elf/4.7.3/../../../../../H-i686-pc-linux-gnu/nios2-elf/lib/mno-hw-mul/libc.a(lib_a-isattyr.o)
 .bss           0x0002fe1c        0x0 /home/pcmonkey/altera/13.1/nios2eds/bin/gnu/H-i686-pc-linux-gnu/bin/../lib/gcc/nios2-elf/4.7.3/../../../../../H-i686-pc-linux-gnu/nios2-elf/lib/mno-hw-mul/libc.a(lib_a-locale.o)
 .bss           0x0002fe1c        0x0 /home/pcmonkey/altera/13.1/nios2eds/bin/gnu/H-i686-pc-linux-gnu/bin/../lib/gcc/nios2-elf/4.7.3/../../../../../H-i686-pc-linux-gnu/nios2-elf/lib/mno-hw-mul/libc.a(lib_a-lseekr.o)
 .bss           0x0002fe1c        0x0 /home/pcmonkey/altera/13.1/nios2eds/bin/gnu/H-i686-pc-linux-gnu/bin/../lib/gcc/nios2-elf/4.7.3/../../../../../H-i686-pc-linux-gnu/nios2-elf/lib/mno-hw-mul/libc.a(lib_a-memchr.o)
 .bss           0x0002fe1c        0x0 /home/pcmonkey/altera/13.1/nios2eds/bin/gnu/H-i686-pc-linux-gnu/bin/../lib/gcc/nios2-elf/4.7.3/../../../../../H-i686-pc-linux-gnu/nios2-elf/lib/mno-hw-mul/libc.a(lib_a-memcpy.o)
 .bss           0x0002fe1c        0x0 /home/pcmonkey/altera/13.1/nios2eds/bin/gnu/H-i686-pc-linux-gnu/bin/../lib/gcc/nios2-elf/4.7.3/../../../../../H-i686-pc-linux-gnu/nios2-elf/lib/mno-hw-mul/libc.a(lib_a-memmove.o)
 .bss           0x0002fe1c        0x0 /home/pcmonkey/altera/13.1/nios2eds/bin/gnu/H-i686-pc-linux-gnu/bin/../lib/gcc/nios2-elf/4.7.3/../../../../../H-i686-pc-linux-gnu/nios2-elf/lib/mno-hw-mul/libc.a(lib_a-mprec.o)
 .bss           0x0002fe1c        0x0 /home/pcmonkey/altera/13.1/nios2eds/bin/gnu/H-i686-pc-linux-gnu/bin/../lib/gcc/nios2-elf/4.7.3/../../../../../H-i686-pc-linux-gnu/nios2-elf/lib/mno-hw-mul/libc.a(lib_a-readr.o)
 .bss           0x0002fe1c        0x0 /home/pcmonkey/altera/13.1/nios2eds/bin/gnu/H-i686-pc-linux-gnu/bin/../lib/gcc/nios2-elf/4.7.3/../../../../../H-i686-pc-linux-gnu/nios2-elf/lib/mno-hw-mul/libc.a(lib_a-reallocr.o)
 .bss           0x0002fe1c        0x0 /home/pcmonkey/altera/13.1/nios2eds/bin/gnu/H-i686-pc-linux-gnu/bin/../lib/gcc/nios2-elf/4.7.3/../../../../../H-i686-pc-linux-gnu/nios2-elf/lib/mno-hw-mul/libc.a(lib_a-s_isinfd.o)
 .bss           0x0002fe1c        0x0 /home/pcmonkey/altera/13.1/nios2eds/bin/gnu/H-i686-pc-linux-gnu/bin/../lib/gcc/nios2-elf/4.7.3/../../../../../H-i686-pc-linux-gnu/nios2-elf/lib/mno-hw-mul/libc.a(lib_a-s_isnand.o)
 .bss           0x0002fe1c        0x0 /home/pcmonkey/altera/13.1/nios2eds/bin/gnu/H-i686-pc-linux-gnu/bin/../lib/gcc/nios2-elf/4.7.3/../../../../../H-i686-pc-linux-gnu/nios2-elf/lib/mno-hw-mul/libc.a(lib_a-strcmp.o)
 .bss           0x0002fe1c        0x0 /home/pcmonkey/altera/13.1/nios2eds/bin/gnu/H-i686-pc-linux-gnu/bin/../lib/gcc/nios2-elf/4.7.3/../../../../../H-i686-pc-linux-gnu/nios2-elf/lib/mno-hw-mul/libc.a(lib_a-callocr.o)
 .bss           0x0002fe1c        0x0 /home/pcmonkey/altera/13.1/nios2eds/bin/gnu/H-i686-pc-linux-gnu/bin/../lib/gcc/nios2-elf/4.7.3/mno-hw-mul/libgcc.a(_udivdi3.o)
 .bss           0x0002fe1c        0x0 /home/pcmonkey/altera/13.1/nios2eds/bin/gnu/H-i686-pc-linux-gnu/bin/../lib/gcc/nios2-elf/4.7.3/mno-hw-mul/libgcc.a(_umoddi3.o)
 .bss           0x0002fe1c        0x0 /home/pcmonkey/altera/13.1/nios2eds/bin/gnu/H-i686-pc-linux-gnu/bin/../lib/gcc/nios2-elf/4.7.3/mno-hw-mul/libgcc.a(_addsub_df.o)
 .bss           0x0002fe1c        0x0 /home/pcmonkey/altera/13.1/nios2eds/bin/gnu/H-i686-pc-linux-gnu/bin/../lib/gcc/nios2-elf/4.7.3/mno-hw-mul/libgcc.a(_mul_df.o)
 .bss           0x0002fe1c        0x0 /home/pcmonkey/altera/13.1/nios2eds/bin/gnu/H-i686-pc-linux-gnu/bin/../lib/gcc/nios2-elf/4.7.3/mno-hw-mul/libgcc.a(_div_df.o)
 .bss           0x0002fe1c        0x0 /home/pcmonkey/altera/13.1/nios2eds/bin/gnu/H-i686-pc-linux-gnu/bin/../lib/gcc/nios2-elf/4.7.3/mno-hw-mul/libgcc.a(_eq_df.o)
 .bss           0x0002fe1c        0x0 /home/pcmonkey/altera/13.1/nios2eds/bin/gnu/H-i686-pc-linux-gnu/bin/../lib/gcc/nios2-elf/4.7.3/mno-hw-mul/libgcc.a(_ne_df.o)
 .bss           0x0002fe1c        0x0 /home/pcmonkey/altera/13.1/nios2eds/bin/gnu/H-i686-pc-linux-gnu/bin/../lib/gcc/nios2-elf/4.7.3/mno-hw-mul/libgcc.a(_gt_df.o)
 .bss           0x0002fe1c        0x0 /home/pcmonkey/altera/13.1/nios2eds/bin/gnu/H-i686-pc-linux-gnu/bin/../lib/gcc/nios2-elf/4.7.3/mno-hw-mul/libgcc.a(_ge_df.o)
 .bss           0x0002fe1c        0x0 /home/pcmonkey/altera/13.1/nios2eds/bin/gnu/H-i686-pc-linux-gnu/bin/../lib/gcc/nios2-elf/4.7.3/mno-hw-mul/libgcc.a(_lt_df.o)
 .bss           0x0002fe1c        0x0 /home/pcmonkey/altera/13.1/nios2eds/bin/gnu/H-i686-pc-linux-gnu/bin/../lib/gcc/nios2-elf/4.7.3/mno-hw-mul/libgcc.a(_si_to_df.o)
 .bss           0x0002fe1c        0x0 /home/pcmonkey/altera/13.1/nios2eds/bin/gnu/H-i686-pc-linux-gnu/bin/../lib/gcc/nios2-elf/4.7.3/mno-hw-mul/libgcc.a(_df_to_si.o)
 .bss           0x0002fe1c        0x0 /home/pcmonkey/altera/13.1/nios2eds/bin/gnu/H-i686-pc-linux-gnu/bin/../lib/gcc/nios2-elf/4.7.3/mno-hw-mul/libgcc.a(_thenan_df.o)
 .bss           0x0002fe1c        0x0 /home/pcmonkey/altera/13.1/nios2eds/bin/gnu/H-i686-pc-linux-gnu/bin/../lib/gcc/nios2-elf/4.7.3/mno-hw-mul/libgcc.a(_usi_to_df.o)
 .bss           0x0002fe1c        0x0 /home/pcmonkey/altera/13.1/nios2eds/bin/gnu/H-i686-pc-linux-gnu/bin/../lib/gcc/nios2-elf/4.7.3/mno-hw-mul/libgcc.a(lib2-divmod.o)
 .bss           0x0002fe1c        0x0 /home/pcmonkey/altera/13.1/nios2eds/bin/gnu/H-i686-pc-linux-gnu/bin/../lib/gcc/nios2-elf/4.7.3/mno-hw-mul/libgcc.a(_muldi3.o)
 .bss           0x0002fe1c        0x0 /home/pcmonkey/altera/13.1/nios2eds/bin/gnu/H-i686-pc-linux-gnu/bin/../lib/gcc/nios2-elf/4.7.3/mno-hw-mul/libgcc.a(_clz.o)
 .bss           0x0002fe1c        0x0 /home/pcmonkey/altera/13.1/nios2eds/bin/gnu/H-i686-pc-linux-gnu/bin/../lib/gcc/nios2-elf/4.7.3/mno-hw-mul/libgcc.a(_clzsi2.o)
 .bss           0x0002fe1c        0x0 /home/pcmonkey/altera/13.1/nios2eds/bin/gnu/H-i686-pc-linux-gnu/bin/../lib/gcc/nios2-elf/4.7.3/mno-hw-mul/libgcc.a(_pack_df.o)
 .bss           0x0002fe1c        0x0 /home/pcmonkey/altera/13.1/nios2eds/bin/gnu/H-i686-pc-linux-gnu/bin/../lib/gcc/nios2-elf/4.7.3/mno-hw-mul/libgcc.a(_unpack_df.o)
 .bss           0x0002fe1c        0x0 /home/pcmonkey/altera/13.1/nios2eds/bin/gnu/H-i686-pc-linux-gnu/bin/../lib/gcc/nios2-elf/4.7.3/mno-hw-mul/libgcc.a(_fpcmp_parts_df.o)
 .bss           0x0002fe1c        0x0 /home/pcmonkey/altera/13.1/nios2eds/bin/gnu/H-i686-pc-linux-gnu/bin/../lib/gcc/nios2-elf/4.7.3/mno-hw-mul/libgcc.a(_lshrdi3.o)
 .bss           0x0002fe1c        0x0 /home/pcmonkey/altera/13.1/nios2eds/bin/gnu/H-i686-pc-linux-gnu/bin/../lib/gcc/nios2-elf/4.7.3/mno-hw-mul/libgcc.a(_ashldi3.o)
 .bss           0x0002fe1c        0x0 ../final_sf_bsp//libhal_bsp.a(alt_close.o)
 .bss           0x0002fe1c        0x0 ../final_sf_bsp//libhal_bsp.a(alt_dev.o)
 .bss           0x0002fe1c        0x0 ../final_sf_bsp//libhal_bsp.a(alt_errno.o)
 .bss           0x0002fe1c        0x0 ../final_sf_bsp//libhal_bsp.a(alt_fstat.o)
 .bss           0x0002fe1c        0x0 ../final_sf_bsp//libhal_bsp.a(alt_isatty.o)
 .bss           0x0002fe1c        0x0 ../final_sf_bsp//libhal_bsp.a(alt_load.o)
 .bss           0x0002fe1c        0x0 ../final_sf_bsp//libhal_bsp.a(alt_lseek.o)
 .bss           0x0002fe1c        0x0 ../final_sf_bsp//libhal_bsp.a(alt_main.o)
 .bss           0x0002fe1c        0x0 ../final_sf_bsp//libhal_bsp.a(alt_malloc_lock.o)
 .bss           0x0002fe1c        0x0 ../final_sf_bsp//libhal_bsp.a(alt_open.o)
 .bss           0x0002fe1c        0x0 ../final_sf_bsp//libhal_bsp.a(alt_read.o)
 .bss           0x0002fe1c        0x0 ../final_sf_bsp//libhal_bsp.a(alt_release_fd.o)
 .bss           0x0002fe1c        0x0 ../final_sf_bsp//libhal_bsp.a(alt_sbrk.o)
 .bss           0x0002fe1c        0x0 ../final_sf_bsp//libhal_bsp.a(alt_usleep.o)
 .bss           0x0002fe1c        0x0 ../final_sf_bsp//libhal_bsp.a(alt_write.o)
 .bss           0x0002fe1c        0x0 ../final_sf_bsp//libhal_bsp.a(alt_sys_init.o)
 .bss           0x0002fe1c        0x0 ../final_sf_bsp//libhal_bsp.a(altera_avalon_jtag_uart_fd.o)
 .bss           0x0002fe1c        0x0 ../final_sf_bsp//libhal_bsp.a(altera_avalon_jtag_uart_read.o)
 .bss           0x0002fe1c        0x0 ../final_sf_bsp//libhal_bsp.a(altera_avalon_jtag_uart_write.o)
 .bss           0x0002fe1c        0x0 ../final_sf_bsp//libhal_bsp.a(altera_avalon_timer_sc.o)
 .bss           0x0002fe1c        0x0 ../final_sf_bsp//libhal_bsp.a(altera_avalon_uart_fd.o)
 .bss           0x0002fe1c        0x0 ../final_sf_bsp//libhal_bsp.a(altera_avalon_uart_read.o)
 .bss           0x0002fe1c        0x0 ../final_sf_bsp//libhal_bsp.a(altera_avalon_uart_write.o)
 .bss           0x0002fe1c        0x0 ../final_sf_bsp//libhal_bsp.a(altera_hostfs.o)
 .bss           0x0002fe1c        0x0 ../final_sf_bsp//libhal_bsp.a(alt_busy_sleep.o)
 .bss           0x0002fe1c        0x0 ../final_sf_bsp//libhal_bsp.a(alt_dcache_flush_all.o)
 .bss           0x0002fe1c        0x0 ../final_sf_bsp//libhal_bsp.a(alt_dev_llist_insert.o)
 .bss           0x0002fe1c        0x0 ../final_sf_bsp//libhal_bsp.a(alt_find_dev.o)
 .bss           0x0002fe1c        0x0 ../final_sf_bsp//libhal_bsp.a(alt_find_file.o)
 .bss           0x0002fe1c        0x0 ../final_sf_bsp//libhal_bsp.a(alt_fs_reg.o)
 .bss           0x0002fe1c        0x0 ../final_sf_bsp//libhal_bsp.a(alt_get_fd.o)
 .bss           0x0002fe1c        0x0 ../final_sf_bsp//libhal_bsp.a(alt_icache_flush_all.o)
 .bss           0x0002fe1c        0x0 ../final_sf_bsp//libhal_bsp.a(alt_iic.o)
 .bss           0x0002fe1c        0x0 ../final_sf_bsp//libhal_bsp.a(alt_iic_isr_register.o)
 .bss           0x0002fe1c        0x0 ../final_sf_bsp//libhal_bsp.a(alt_io_redirect.o)
 .bss           0x0002fe1c        0x0 ../final_sf_bsp//libhal_bsp.a(alt_irq_entry.o)
 .bss           0x0002fe1c        0x0 ../final_sf_bsp//libhal_bsp.a(alt_irq_handler.o)
 .bss           0x0002fe1c        0x0 ../final_sf_bsp//libhal_bsp.a(alt_irq_vars.o)
 .bss           0x0002fe1c        0x0 ../final_sf_bsp//libhal_bsp.a(alt_tick.o)
 .bss           0x0002fe1c        0x0 ../final_sf_bsp//libhal_bsp.a(altera_nios2_qsys_irq.o)
 .bss           0x0002fe1c        0x0 ../final_sf_bsp//libhal_bsp.a(alt_exception_entry.o)
 .bss           0x0002fe1c        0x0 ../final_sf_bsp//libhal_bsp.a(alt_icache_flush.o)
 .bss           0x0002fe1c        0x0 /home/pcmonkey/altera/13.1/nios2eds/bin/gnu/H-i686-pc-linux-gnu/bin/../lib/gcc/nios2-elf/4.7.3/../../../../../H-i686-pc-linux-gnu/nios2-elf/lib/mno-hw-mul/libc.a(lib_a-exit.o)
 .bss           0x0002fe1c        0x0 /home/pcmonkey/altera/13.1/nios2eds/bin/gnu/H-i686-pc-linux-gnu/bin/../lib/gcc/nios2-elf/4.7.3/../../../../../H-i686-pc-linux-gnu/nios2-elf/lib/mno-hw-mul/libc.a(lib_a-memcmp.o)
 .bss           0x0002fe1c        0x0 /home/pcmonkey/altera/13.1/nios2eds/bin/gnu/H-i686-pc-linux-gnu/bin/../lib/gcc/nios2-elf/4.7.3/../../../../../H-i686-pc-linux-gnu/nios2-elf/lib/mno-hw-mul/libc.a(lib_a-__call_atexit.o)
 .bss           0x0002fe1c        0x0 ../final_sf_bsp//libhal_bsp.a(alt_exit.o)
 *(COMMON)
 COMMON         0x0002fe1c      0x100 ../final_sf_bsp//libhal_bsp.a(alt_irq_handler.o)
                0x0002fe1c                alt_irq
                0x0002ff1c                . = ALIGN (0x4)
                0x0002ff1c                __bss_end = ABSOLUTE (.)

.tightly_coupled_instruction_memory
                0x0002ff1c        0x0
                0x0002ff1c                PROVIDE (_alt_partition_tightly_coupled_instruction_memory_start, ABSOLUTE (.))
 *(.tightly_coupled_instruction_memory .tightly_coupled_instruction_memory. tightly_coupled_instruction_memory.*)
                0x0002ff1c                . = ALIGN (0x4)
                0x0002ff1c                PROVIDE (_alt_partition_tightly_coupled_instruction_memory_end, ABSOLUTE (.))
                0x0002ff1c                _end = ABSOLUTE (.)
                0x0002ff1c                end = ABSOLUTE (.)
                0x0002ff1c                __alt_stack_base = ABSOLUTE (.)
                0x0002ff1c                PROVIDE (_alt_partition_tightly_coupled_instruction_memory_load_addr, LOADADDR (.tightly_coupled_instruction_memory))

.tightly_coupled_data_memory
                0x00040000        0x0 load address 0x0002ff1c
                0x00040000                PROVIDE (_alt_partition_tightly_coupled_data_memory_start, ABSOLUTE (.))
 *(.tightly_coupled_data_memory .tightly_coupled_data_memory. tightly_coupled_data_memory.*)
                0x00040000                . = ALIGN (0x4)
                0x00040000                PROVIDE (_alt_partition_tightly_coupled_data_memory_end, ABSOLUTE (.))
                0x0002ff1c                PROVIDE (_alt_partition_tightly_coupled_data_memory_load_addr, LOADADDR (.tightly_coupled_data_memory))

.stab
 *(.stab)

.stabstr
 *(.stabstr)

.stab.excl
 *(.stab.excl)

.stab.exclstr
 *(.stab.exclstr)

.stab.index
 *(.stab.index)

.stab.indexstr
 *(.stab.indexstr)

.comment        0x00000000       0x23
 *(.comment)
 .comment       0x00000000       0x23 obj/default/umain.o
                                 0x24 (size before relaxing)
 .comment       0x00000000       0x24 /home/pcmonkey/altera/13.1/nios2eds/bin/gnu/H-i686-pc-linux-gnu/bin/../lib/gcc/nios2-elf/4.7.3/mno-hw-mul/libgcc.a(lib2-mul.o)
 .comment       0x00000000       0x24 /home/pcmonkey/altera/13.1/nios2eds/bin/gnu/H-i686-pc-linux-gnu/bin/../lib/gcc/nios2-elf/4.7.3/../../../../../H-i686-pc-linux-gnu/nios2-elf/lib/mno-hw-mul/libc.a(lib_a-fclose.o)
 .comment       0x00000000       0x24 /home/pcmonkey/altera/13.1/nios2eds/bin/gnu/H-i686-pc-linux-gnu/bin/../lib/gcc/nios2-elf/4.7.3/../../../../../H-i686-pc-linux-gnu/nios2-elf/lib/mno-hw-mul/libc.a(lib_a-fflush.o)
 .comment       0x00000000       0x24 /home/pcmonkey/altera/13.1/nios2eds/bin/gnu/H-i686-pc-linux-gnu/bin/../lib/gcc/nios2-elf/4.7.3/../../../../../H-i686-pc-linux-gnu/nios2-elf/lib/mno-hw-mul/libc.a(lib_a-findfp.o)
 .comment       0x00000000       0x24 /home/pcmonkey/altera/13.1/nios2eds/bin/gnu/H-i686-pc-linux-gnu/bin/../lib/gcc/nios2-elf/4.7.3/../../../../../H-i686-pc-linux-gnu/nios2-elf/lib/mno-hw-mul/libc.a(lib_a-fopen.o)
 .comment       0x00000000       0x24 /home/pcmonkey/altera/13.1/nios2eds/bin/gnu/H-i686-pc-linux-gnu/bin/../lib/gcc/nios2-elf/4.7.3/../../../../../H-i686-pc-linux-gnu/nios2-elf/lib/mno-hw-mul/libc.a(lib_a-fprintf.o)
 .comment       0x00000000       0x24 /home/pcmonkey/altera/13.1/nios2eds/bin/gnu/H-i686-pc-linux-gnu/bin/../lib/gcc/nios2-elf/4.7.3/../../../../../H-i686-pc-linux-gnu/nios2-elf/lib/mno-hw-mul/libc.a(lib_a-freer.o)
 .comment       0x00000000       0x24 /home/pcmonkey/altera/13.1/nios2eds/bin/gnu/H-i686-pc-linux-gnu/bin/../lib/gcc/nios2-elf/4.7.3/../../../../../H-i686-pc-linux-gnu/nios2-elf/lib/mno-hw-mul/libc.a(lib_a-fseek.o)
 .comment       0x00000000       0x24 /home/pcmonkey/altera/13.1/nios2eds/bin/gnu/H-i686-pc-linux-gnu/bin/../lib/gcc/nios2-elf/4.7.3/../../../../../H-i686-pc-linux-gnu/nios2-elf/lib/mno-hw-mul/libc.a(lib_a-fstatr.o)
 .comment       0x00000000       0x24 /home/pcmonkey/altera/13.1/nios2eds/bin/gnu/H-i686-pc-linux-gnu/bin/../lib/gcc/nios2-elf/4.7.3/../../../../../H-i686-pc-linux-gnu/nios2-elf/lib/mno-hw-mul/libc.a(lib_a-fwalk.o)
 .comment       0x00000000       0x24 /home/pcmonkey/altera/13.1/nios2eds/bin/gnu/H-i686-pc-linux-gnu/bin/../lib/gcc/nios2-elf/4.7.3/../../../../../H-i686-pc-linux-gnu/nios2-elf/lib/mno-hw-mul/libc.a(lib_a-impure.o)
 .comment       0x00000000       0x24 /home/pcmonkey/altera/13.1/nios2eds/bin/gnu/H-i686-pc-linux-gnu/bin/../lib/gcc/nios2-elf/4.7.3/../../../../../H-i686-pc-linux-gnu/nios2-elf/lib/mno-hw-mul/libc.a(lib_a-int_errno.o)
 .comment       0x00000000       0x24 /home/pcmonkey/altera/13.1/nios2eds/bin/gnu/H-i686-pc-linux-gnu/bin/../lib/gcc/nios2-elf/4.7.3/../../../../../H-i686-pc-linux-gnu/nios2-elf/lib/mno-hw-mul/libc.a(lib_a-makebuf.o)
 .comment       0x00000000       0x24 /home/pcmonkey/altera/13.1/nios2eds/bin/gnu/H-i686-pc-linux-gnu/bin/../lib/gcc/nios2-elf/4.7.3/../../../../../H-i686-pc-linux-gnu/nios2-elf/lib/mno-hw-mul/libc.a(lib_a-mallocr.o)
 .comment       0x00000000       0x24 /home/pcmonkey/altera/13.1/nios2eds/bin/gnu/H-i686-pc-linux-gnu/bin/../lib/gcc/nios2-elf/4.7.3/../../../../../H-i686-pc-linux-gnu/nios2-elf/lib/mno-hw-mul/libc.a(lib_a-memset.o)
 .comment       0x00000000       0x24 /home/pcmonkey/altera/13.1/nios2eds/bin/gnu/H-i686-pc-linux-gnu/bin/../lib/gcc/nios2-elf/4.7.3/../../../../../H-i686-pc-linux-gnu/nios2-elf/lib/mno-hw-mul/libc.a(lib_a-openr.o)
 .comment       0x00000000       0x24 /home/pcmonkey/altera/13.1/nios2eds/bin/gnu/H-i686-pc-linux-gnu/bin/../lib/gcc/nios2-elf/4.7.3/../../../../../H-i686-pc-linux-gnu/nios2-elf/lib/mno-hw-mul/libc.a(lib_a-puts.o)
 .comment       0x00000000       0x24 /home/pcmonkey/altera/13.1/nios2eds/bin/gnu/H-i686-pc-linux-gnu/bin/../lib/gcc/nios2-elf/4.7.3/../../../../../H-i686-pc-linux-gnu/nios2-elf/lib/mno-hw-mul/libc.a(lib_a-refill.o)
 .comment       0x00000000       0x24 /home/pcmonkey/altera/13.1/nios2eds/bin/gnu/H-i686-pc-linux-gnu/bin/../lib/gcc/nios2-elf/4.7.3/../../../../../H-i686-pc-linux-gnu/nios2-elf/lib/mno-hw-mul/libc.a(lib_a-sbrkr.o)
 .comment       0x00000000       0x24 /home/pcmonkey/altera/13.1/nios2eds/bin/gnu/H-i686-pc-linux-gnu/bin/../lib/gcc/nios2-elf/4.7.3/../../../../../H-i686-pc-linux-gnu/nios2-elf/lib/mno-hw-mul/libc.a(lib_a-stdio.o)
 .comment       0x00000000       0x24 /home/pcmonkey/altera/13.1/nios2eds/bin/gnu/H-i686-pc-linux-gnu/bin/../lib/gcc/nios2-elf/4.7.3/../../../../../H-i686-pc-linux-gnu/nios2-elf/lib/mno-hw-mul/libc.a(lib_a-strlen.o)
 .comment       0x00000000       0x24 /home/pcmonkey/altera/13.1/nios2eds/bin/gnu/H-i686-pc-linux-gnu/bin/../lib/gcc/nios2-elf/4.7.3/../../../../../H-i686-pc-linux-gnu/nios2-elf/lib/mno-hw-mul/libc.a(lib_a-vfprintf.o)
 .comment       0x00000000       0x24 /home/pcmonkey/altera/13.1/nios2eds/bin/gnu/H-i686-pc-linux-gnu/bin/../lib/gcc/nios2-elf/4.7.3/../../../../../H-i686-pc-linux-gnu/nios2-elf/lib/mno-hw-mul/libc.a(lib_a-writer.o)
 .comment       0x00000000       0x24 /home/pcmonkey/altera/13.1/nios2eds/bin/gnu/H-i686-pc-linux-gnu/bin/../lib/gcc/nios2-elf/4.7.3/../../../../../H-i686-pc-linux-gnu/nios2-elf/lib/mno-hw-mul/libc.a(lib_a-wsetup.o)
 .comment       0x00000000       0x24 /home/pcmonkey/altera/13.1/nios2eds/bin/gnu/H-i686-pc-linux-gnu/bin/../lib/gcc/nios2-elf/4.7.3/../../../../../H-i686-pc-linux-gnu/nios2-elf/lib/mno-hw-mul/libc.a(lib_a-closer.o)
 .comment       0x00000000       0x24 /home/pcmonkey/altera/13.1/nios2eds/bin/gnu/H-i686-pc-linux-gnu/bin/../lib/gcc/nios2-elf/4.7.3/../../../../../H-i686-pc-linux-gnu/nios2-elf/lib/mno-hw-mul/libc.a(lib_a-dtoa.o)
 .comment       0x00000000       0x24 /home/pcmonkey/altera/13.1/nios2eds/bin/gnu/H-i686-pc-linux-gnu/bin/../lib/gcc/nios2-elf/4.7.3/../../../../../H-i686-pc-linux-gnu/nios2-elf/lib/mno-hw-mul/libc.a(lib_a-flags.o)
 .comment       0x00000000       0x24 /home/pcmonkey/altera/13.1/nios2eds/bin/gnu/H-i686-pc-linux-gnu/bin/../lib/gcc/nios2-elf/4.7.3/../../../../../H-i686-pc-linux-gnu/nios2-elf/lib/mno-hw-mul/libc.a(lib_a-fvwrite.o)
 .comment       0x00000000       0x24 /home/pcmonkey/altera/13.1/nios2eds/bin/gnu/H-i686-pc-linux-gnu/bin/../lib/gcc/nios2-elf/4.7.3/../../../../../H-i686-pc-linux-gnu/nios2-elf/lib/mno-hw-mul/libc.a(lib_a-isattyr.o)
 .comment       0x00000000       0x24 /home/pcmonkey/altera/13.1/nios2eds/bin/gnu/H-i686-pc-linux-gnu/bin/../lib/gcc/nios2-elf/4.7.3/../../../../../H-i686-pc-linux-gnu/nios2-elf/lib/mno-hw-mul/libc.a(lib_a-locale.o)
 .comment       0x00000000       0x24 /home/pcmonkey/altera/13.1/nios2eds/bin/gnu/H-i686-pc-linux-gnu/bin/../lib/gcc/nios2-elf/4.7.3/../../../../../H-i686-pc-linux-gnu/nios2-elf/lib/mno-hw-mul/libc.a(lib_a-lseekr.o)
 .comment       0x00000000       0x24 /home/pcmonkey/altera/13.1/nios2eds/bin/gnu/H-i686-pc-linux-gnu/bin/../lib/gcc/nios2-elf/4.7.3/../../../../../H-i686-pc-linux-gnu/nios2-elf/lib/mno-hw-mul/libc.a(lib_a-memchr.o)
 .comment       0x00000000       0x24 /home/pcmonkey/altera/13.1/nios2eds/bin/gnu/H-i686-pc-linux-gnu/bin/../lib/gcc/nios2-elf/4.7.3/../../../../../H-i686-pc-linux-gnu/nios2-elf/lib/mno-hw-mul/libc.a(lib_a-memcpy.o)
 .comment       0x00000000       0x24 /home/pcmonkey/altera/13.1/nios2eds/bin/gnu/H-i686-pc-linux-gnu/bin/../lib/gcc/nios2-elf/4.7.3/../../../../../H-i686-pc-linux-gnu/nios2-elf/lib/mno-hw-mul/libc.a(lib_a-memmove.o)
 .comment       0x00000000       0x24 /home/pcmonkey/altera/13.1/nios2eds/bin/gnu/H-i686-pc-linux-gnu/bin/../lib/gcc/nios2-elf/4.7.3/../../../../../H-i686-pc-linux-gnu/nios2-elf/lib/mno-hw-mul/libc.a(lib_a-mprec.o)
 .comment       0x00000000       0x24 /home/pcmonkey/altera/13.1/nios2eds/bin/gnu/H-i686-pc-linux-gnu/bin/../lib/gcc/nios2-elf/4.7.3/../../../../../H-i686-pc-linux-gnu/nios2-elf/lib/mno-hw-mul/libc.a(lib_a-readr.o)
 .comment       0x00000000       0x24 /home/pcmonkey/altera/13.1/nios2eds/bin/gnu/H-i686-pc-linux-gnu/bin/../lib/gcc/nios2-elf/4.7.3/../../../../../H-i686-pc-linux-gnu/nios2-elf/lib/mno-hw-mul/libc.a(lib_a-reallocr.o)
 .comment       0x00000000       0x24 /home/pcmonkey/altera/13.1/nios2eds/bin/gnu/H-i686-pc-linux-gnu/bin/../lib/gcc/nios2-elf/4.7.3/../../../../../H-i686-pc-linux-gnu/nios2-elf/lib/mno-hw-mul/libc.a(lib_a-s_isinfd.o)
 .comment       0x00000000       0x24 /home/pcmonkey/altera/13.1/nios2eds/bin/gnu/H-i686-pc-linux-gnu/bin/../lib/gcc/nios2-elf/4.7.3/../../../../../H-i686-pc-linux-gnu/nios2-elf/lib/mno-hw-mul/libc.a(lib_a-s_isnand.o)
 .comment       0x00000000       0x24 /home/pcmonkey/altera/13.1/nios2eds/bin/gnu/H-i686-pc-linux-gnu/bin/../lib/gcc/nios2-elf/4.7.3/../../../../../H-i686-pc-linux-gnu/nios2-elf/lib/mno-hw-mul/libc.a(lib_a-strcmp.o)
 .comment       0x00000000       0x24 /home/pcmonkey/altera/13.1/nios2eds/bin/gnu/H-i686-pc-linux-gnu/bin/../lib/gcc/nios2-elf/4.7.3/../../../../../H-i686-pc-linux-gnu/nios2-elf/lib/mno-hw-mul/libc.a(lib_a-callocr.o)
 .comment       0x00000000       0x24 /home/pcmonkey/altera/13.1/nios2eds/bin/gnu/H-i686-pc-linux-gnu/bin/../lib/gcc/nios2-elf/4.7.3/mno-hw-mul/libgcc.a(_udivdi3.o)
 .comment       0x00000000       0x24 /home/pcmonkey/altera/13.1/nios2eds/bin/gnu/H-i686-pc-linux-gnu/bin/../lib/gcc/nios2-elf/4.7.3/mno-hw-mul/libgcc.a(_umoddi3.o)
 .comment       0x00000000       0x24 /home/pcmonkey/altera/13.1/nios2eds/bin/gnu/H-i686-pc-linux-gnu/bin/../lib/gcc/nios2-elf/4.7.3/mno-hw-mul/libgcc.a(_addsub_df.o)
 .comment       0x00000000       0x24 /home/pcmonkey/altera/13.1/nios2eds/bin/gnu/H-i686-pc-linux-gnu/bin/../lib/gcc/nios2-elf/4.7.3/mno-hw-mul/libgcc.a(_mul_df.o)
 .comment       0x00000000       0x24 /home/pcmonkey/altera/13.1/nios2eds/bin/gnu/H-i686-pc-linux-gnu/bin/../lib/gcc/nios2-elf/4.7.3/mno-hw-mul/libgcc.a(_div_df.o)
 .comment       0x00000000       0x24 /home/pcmonkey/altera/13.1/nios2eds/bin/gnu/H-i686-pc-linux-gnu/bin/../lib/gcc/nios2-elf/4.7.3/mno-hw-mul/libgcc.a(_eq_df.o)
 .comment       0x00000000       0x24 /home/pcmonkey/altera/13.1/nios2eds/bin/gnu/H-i686-pc-linux-gnu/bin/../lib/gcc/nios2-elf/4.7.3/mno-hw-mul/libgcc.a(_ne_df.o)
 .comment       0x00000000       0x24 /home/pcmonkey/altera/13.1/nios2eds/bin/gnu/H-i686-pc-linux-gnu/bin/../lib/gcc/nios2-elf/4.7.3/mno-hw-mul/libgcc.a(_gt_df.o)
 .comment       0x00000000       0x24 /home/pcmonkey/altera/13.1/nios2eds/bin/gnu/H-i686-pc-linux-gnu/bin/../lib/gcc/nios2-elf/4.7.3/mno-hw-mul/libgcc.a(_ge_df.o)
 .comment       0x00000000       0x24 /home/pcmonkey/altera/13.1/nios2eds/bin/gnu/H-i686-pc-linux-gnu/bin/../lib/gcc/nios2-elf/4.7.3/mno-hw-mul/libgcc.a(_lt_df.o)
 .comment       0x00000000       0x24 /home/pcmonkey/altera/13.1/nios2eds/bin/gnu/H-i686-pc-linux-gnu/bin/../lib/gcc/nios2-elf/4.7.3/mno-hw-mul/libgcc.a(_si_to_df.o)
 .comment       0x00000000       0x24 /home/pcmonkey/altera/13.1/nios2eds/bin/gnu/H-i686-pc-linux-gnu/bin/../lib/gcc/nios2-elf/4.7.3/mno-hw-mul/libgcc.a(_df_to_si.o)
 .comment       0x00000000       0x24 /home/pcmonkey/altera/13.1/nios2eds/bin/gnu/H-i686-pc-linux-gnu/bin/../lib/gcc/nios2-elf/4.7.3/mno-hw-mul/libgcc.a(_thenan_df.o)
 .comment       0x00000000       0x24 /home/pcmonkey/altera/13.1/nios2eds/bin/gnu/H-i686-pc-linux-gnu/bin/../lib/gcc/nios2-elf/4.7.3/mno-hw-mul/libgcc.a(_usi_to_df.o)
 .comment       0x00000000       0x24 /home/pcmonkey/altera/13.1/nios2eds/bin/gnu/H-i686-pc-linux-gnu/bin/../lib/gcc/nios2-elf/4.7.3/mno-hw-mul/libgcc.a(lib2-divmod.o)
 .comment       0x00000000       0x24 /home/pcmonkey/altera/13.1/nios2eds/bin/gnu/H-i686-pc-linux-gnu/bin/../lib/gcc/nios2-elf/4.7.3/mno-hw-mul/libgcc.a(_muldi3.o)
 .comment       0x00000000       0x24 /home/pcmonkey/altera/13.1/nios2eds/bin/gnu/H-i686-pc-linux-gnu/bin/../lib/gcc/nios2-elf/4.7.3/mno-hw-mul/libgcc.a(_clz.o)
 .comment       0x00000000       0x24 /home/pcmonkey/altera/13.1/nios2eds/bin/gnu/H-i686-pc-linux-gnu/bin/../lib/gcc/nios2-elf/4.7.3/mno-hw-mul/libgcc.a(_clzsi2.o)
 .comment       0x00000000       0x24 /home/pcmonkey/altera/13.1/nios2eds/bin/gnu/H-i686-pc-linux-gnu/bin/../lib/gcc/nios2-elf/4.7.3/mno-hw-mul/libgcc.a(_pack_df.o)
 .comment       0x00000000       0x24 /home/pcmonkey/altera/13.1/nios2eds/bin/gnu/H-i686-pc-linux-gnu/bin/../lib/gcc/nios2-elf/4.7.3/mno-hw-mul/libgcc.a(_unpack_df.o)
 .comment       0x00000000       0x24 /home/pcmonkey/altera/13.1/nios2eds/bin/gnu/H-i686-pc-linux-gnu/bin/../lib/gcc/nios2-elf/4.7.3/mno-hw-mul/libgcc.a(_fpcmp_parts_df.o)
 .comment       0x00000000       0x24 /home/pcmonkey/altera/13.1/nios2eds/bin/gnu/H-i686-pc-linux-gnu/bin/../lib/gcc/nios2-elf/4.7.3/mno-hw-mul/libgcc.a(_lshrdi3.o)
 .comment       0x00000000       0x24 /home/pcmonkey/altera/13.1/nios2eds/bin/gnu/H-i686-pc-linux-gnu/bin/../lib/gcc/nios2-elf/4.7.3/mno-hw-mul/libgcc.a(_ashldi3.o)
 .comment       0x00000000       0x24 ../final_sf_bsp//libhal_bsp.a(alt_close.o)
 .comment       0x00000000       0x24 ../final_sf_bsp//libhal_bsp.a(alt_dev.o)
 .comment       0x00000000       0x24 ../final_sf_bsp//libhal_bsp.a(alt_errno.o)
 .comment       0x00000000       0x24 ../final_sf_bsp//libhal_bsp.a(alt_fstat.o)
 .comment       0x00000000       0x24 ../final_sf_bsp//libhal_bsp.a(alt_isatty.o)
 .comment       0x00000000       0x24 ../final_sf_bsp//libhal_bsp.a(alt_load.o)
 .comment       0x00000000       0x24 ../final_sf_bsp//libhal_bsp.a(alt_lseek.o)
 .comment       0x00000000       0x24 ../final_sf_bsp//libhal_bsp.a(alt_main.o)
 .comment       0x00000000       0x24 ../final_sf_bsp//libhal_bsp.a(alt_malloc_lock.o)
 .comment       0x00000000       0x24 ../final_sf_bsp//libhal_bsp.a(alt_open.o)
 .comment       0x00000000       0x24 ../final_sf_bsp//libhal_bsp.a(alt_read.o)
 .comment       0x00000000       0x24 ../final_sf_bsp//libhal_bsp.a(alt_release_fd.o)
 .comment       0x00000000       0x24 ../final_sf_bsp//libhal_bsp.a(alt_sbrk.o)
 .comment       0x00000000       0x24 ../final_sf_bsp//libhal_bsp.a(alt_usleep.o)
 .comment       0x00000000       0x24 ../final_sf_bsp//libhal_bsp.a(alt_write.o)
 .comment       0x00000000       0x24 ../final_sf_bsp//libhal_bsp.a(alt_sys_init.o)
 .comment       0x00000000       0x24 ../final_sf_bsp//libhal_bsp.a(altera_avalon_jtag_uart_fd.o)
 .comment       0x00000000       0x24 ../final_sf_bsp//libhal_bsp.a(altera_avalon_jtag_uart_read.o)
 .comment       0x00000000       0x24 ../final_sf_bsp//libhal_bsp.a(altera_avalon_jtag_uart_write.o)
 .comment       0x00000000       0x24 ../final_sf_bsp//libhal_bsp.a(altera_avalon_timer_sc.o)
 .comment       0x00000000       0x24 ../final_sf_bsp//libhal_bsp.a(altera_avalon_uart_fd.o)
 .comment       0x00000000       0x24 ../final_sf_bsp//libhal_bsp.a(altera_avalon_uart_read.o)
 .comment       0x00000000       0x24 ../final_sf_bsp//libhal_bsp.a(altera_avalon_uart_write.o)
 .comment       0x00000000       0x24 ../final_sf_bsp//libhal_bsp.a(altera_hostfs.o)
 .comment       0x00000000       0x24 ../final_sf_bsp//libhal_bsp.a(alt_busy_sleep.o)
 .comment       0x00000000       0x24 ../final_sf_bsp//libhal_bsp.a(alt_dcache_flush_all.o)
 .comment       0x00000000       0x24 ../final_sf_bsp//libhal_bsp.a(alt_dev_llist_insert.o)
 .comment       0x00000000       0x24 ../final_sf_bsp//libhal_bsp.a(alt_find_dev.o)
 .comment       0x00000000       0x24 ../final_sf_bsp//libhal_bsp.a(alt_find_file.o)
 .comment       0x00000000       0x24 ../final_sf_bsp//libhal_bsp.a(alt_fs_reg.o)
 .comment       0x00000000       0x24 ../final_sf_bsp//libhal_bsp.a(alt_get_fd.o)
 .comment       0x00000000       0x24 ../final_sf_bsp//libhal_bsp.a(alt_icache_flush_all.o)
 .comment       0x00000000       0x24 ../final_sf_bsp//libhal_bsp.a(alt_iic.o)
 .comment       0x00000000       0x24 ../final_sf_bsp//libhal_bsp.a(alt_iic_isr_register.o)
 .comment       0x00000000       0x24 ../final_sf_bsp//libhal_bsp.a(alt_io_redirect.o)
 .comment       0x00000000       0x24 ../final_sf_bsp//libhal_bsp.a(alt_irq_handler.o)
 .comment       0x00000000       0x24 ../final_sf_bsp//libhal_bsp.a(alt_irq_vars.o)
 .comment       0x00000000       0x24 ../final_sf_bsp//libhal_bsp.a(alt_tick.o)
 .comment       0x00000000       0x24 ../final_sf_bsp//libhal_bsp.a(altera_nios2_qsys_irq.o)
 .comment       0x00000000       0x24 ../final_sf_bsp//libhal_bsp.a(alt_icache_flush.o)
 .comment       0x00000000       0x24 /home/pcmonkey/altera/13.1/nios2eds/bin/gnu/H-i686-pc-linux-gnu/bin/../lib/gcc/nios2-elf/4.7.3/../../../../../H-i686-pc-linux-gnu/nios2-elf/lib/mno-hw-mul/libc.a(lib_a-exit.o)